Component: ARM Compiler 5.06 update 6 (build 750) Tool: armlink [4d35ed]

==============================================================================

Section Cross References

    app_init.o(i.appInit) refers to misc.o(i.NVIC_PriorityGroupConfig) for NVIC_PriorityGroupConfig
    app_init.o(i.appInit) refers to event_groups.o(i.xEventGroupCreate) for xEventGroupCreate
    app_init.o(i.appInit) refers to config.o(i.configInit) for configInit
    app_init.o(i.appInit) refers to driver_usbvcp.o(i.usbVCP_Init) for usbVCP_Init
    app_init.o(i.appInit) refers to odrive.o(i.OdriveInit) for OdriveInit
    app_init.o(i.appInit) refers to lcd.o(i.LcdTaskInit) for LcdTaskInit
    app_init.o(i.appInit) refers to control.o(i.controlInit) for controlInit
    app_init.o(i.appInit) refers to driver_usbvcp.o(i.usbVCP_Printf) for usbVCP_Printf
    app_init.o(i.appInit) refers to tasks.o(i.vTaskDelete) for vTaskDelete
    app_init.o(i.appInit) refers to app_init.o(.data) for .data
    app_init.o(i.appInit) refers to driver_clockcount.o(.data) for clockClass
    control.o(i.congtrolGlobalInit) refers to usartx.o(i.uart1_init) for uart1_init
    control.o(i.congtrolGlobalInit) refers to cigan.o(i.cigan_Init) for cigan_Init
    control.o(i.controlInit) refers to tasks.o(i.xTaskCreate) for xTaskCreate
    control.o(i.controlInit) refers to supervisor.o(i.getsupervisorData) for getsupervisorData
    control.o(i.controlInit) refers to control.o(.bss) for .bss
    control.o(i.controlInit) refers to control.o(i.controlUpdateTask) for controlUpdateTask
    control.o(i.controlUpdateTask) refers to tasks.o(i.xTaskGetTickCount) for xTaskGetTickCount
    control.o(i.controlUpdateTask) refers to tasks.o(i.vTaskDelayUntil) for vTaskDelayUntil
    control.o(i.controlUpdateTask) refers to usartx.o(i.uart1_init) for uart1_init
    control.o(i.controlUpdateTask) refers to cigan.o(i.cigan_Init) for cigan_Init
    control.o(i.controlUpdateTask) refers to control.o(.bss) for .bss
    control.o(i.getcontrolData) refers to control.o(.bss) for .bss
    clockcount.o(i.getClockCount) refers to dfltui.o(.text) for __aeabi_ui2d
    clockcount.o(i.getClockCount) refers to dmul.o(.text) for __aeabi_dmul
    clockcount.o(i.getClockCount) refers to clockcount.o(.bss) for .bss
    main.o(i.main) refers to tasks.o(i.xTaskCreate) for xTaskCreate
    main.o(i.main) refers to tasks.o(i.vTaskStartScheduler) for vTaskStartScheduler
    main.o(i.main) refers to printfa.o(i.__0printf) for __2printf
    main.o(i.main) refers to app_init.o(i.appInit) for appInit
    supervisor.o(i.Odrive_CheckDevice) refers to odrive.o(.bss) for OdriveData
    supervisor.o(i.Odrive_CheckDevice) refers to supervisor.o(.bss) for .bss
    supervisor.o(i.getsupervisorData) refers to supervisor.o(.bss) for .bss
    supervisor.o(i.supervisorFlash) refers to config.o(i.configFlashWrite) for configFlashWrite
    supervisor.o(i.supervisorFlash) refers to supervisor.o(.bss) for .bss
    supervisor.o(i.supervisorInit) refers to tasks.o(i.xTaskCreate) for xTaskCreate
    supervisor.o(i.supervisorInit) refers to driver_rgb.o(.data) for sightClass
    supervisor.o(i.supervisorInit) refers to supervisor.o(.bss) for .bss
    supervisor.o(i.supervisorInit) refers to supervisor.o(i.supervisorUpdateTask) for supervisorUpdateTask
    supervisor.o(i.supervisorLedSwitch) refers to supervisor.o(.bss) for .bss
    supervisor.o(i.supervisorStateSwitch) refers to supervisor.o(.bss) for .bss
    supervisor.o(i.supervisorUpdateTask) refers to tasks.o(i.xTaskGetTickCount) for xTaskGetTickCount
    supervisor.o(i.supervisorUpdateTask) refers to tasks.o(i.vTaskDelayUntil) for vTaskDelayUntil
    supervisor.o(i.supervisorUpdateTask) refers to config.o(i.configFlashWrite) for configFlashWrite
    supervisor.o(i.supervisorUpdateTask) refers to driver_rgb.o(.data) for appSightClass
    supervisor.o(i.supervisorUpdateTask) refers to odrive.o(.bss) for OdriveData
    supervisor.o(i.supervisorUpdateTask) refers to supervisor.o(.bss) for .bss
    lcd.o(i.DrawTab) refers to lcd.o(i.LCD_DrawLine) for LCD_DrawLine
    lcd.o(i.Draw_Circle) refers to driver_lcd.o(i.LCD_Address_Set) for LCD_Address_Set
    lcd.o(i.Draw_Circle) refers to driver_lcd.o(i.LCD_WR_DATA) for LCD_WR_DATA
    lcd.o(i.LCD_DrawLine) refers to driver_lcd.o(i.LCD_Address_Set) for LCD_Address_Set
    lcd.o(i.LCD_DrawLine) refers to driver_lcd.o(i.LCD_WR_DATA) for LCD_WR_DATA
    lcd.o(i.LCD_DrawPoint) refers to driver_lcd.o(i.LCD_Address_Set) for LCD_Address_Set
    lcd.o(i.LCD_DrawPoint) refers to driver_lcd.o(i.LCD_WR_DATA) for LCD_WR_DATA
    lcd.o(i.LCD_DrawRectangle) refers to lcd.o(i.LCD_DrawLine) for LCD_DrawLine
    lcd.o(i.LCD_Fill) refers to driver_lcd.o(i.LCD_Address_Set) for LCD_Address_Set
    lcd.o(i.LCD_Fill) refers to driver_lcd.o(i.LCD_WR_DATA) for LCD_WR_DATA
    lcd.o(i.LCD_ShowChar) refers to driver_lcd.o(i.LCD_Address_Set) for LCD_Address_Set
    lcd.o(i.LCD_ShowChar) refers to driver_lcd.o(i.LCD_WR_DATA) for LCD_WR_DATA
[...]
    OTG_HS_EP1_OUT_IRQHandler                0x0800029b   Thumb Code     0  startup_stm32f427xx.o(.text)
    OTG_HS_IRQHandler                        0x0800029b   Thumb Code     0  startup_stm32f427xx.o(.text)
    OTG_HS_WKUP_IRQHandler                   0x0800029b   Thumb Code     0  startup_stm32f427xx.o(.text)
    PVD_IRQHandler                           0x0800029b   Thumb Code     0  startup_stm32f427xx.o(.text)
    RCC_IRQHandler                           0x0800029b   Thumb Code     0  startup_stm32f427xx.o(.text)
    RTC_Alarm_IRQHandler                     0x0800029b   Thumb Code     0  startup_stm32f427xx.o(.text)
    RTC_WKUP_IRQHandler                      0x0800029b   Thumb Code     0  startup_stm32f427xx.o(.text)
    SAI1_IRQHandler                          0x0800029b   Thumb Code     0  startup_stm32f427xx.o(.text)
    SDIO_IRQHandler                          0x0800029b   Thumb Code     0  startup_stm32f427xx.o(.text)
    SPI4_IRQHandler                          0x0800029b   Thumb Code     0  startup_stm32f427xx.o(.text)
    SPI5_IRQHandler                          0x0800029b   Thumb Code     0  startup_stm32f427xx.o(.text)
    SPI6_IRQHandler                          0x0800029b   Thumb Code     0  startup_stm32f427xx.o(.text)
    TAMP_STAMP_IRQHandler                    0x0800029b   Thumb Code     0  startup_stm32f427xx.o(.text)
    TIM1_TRG_COM_TIM11_IRQHandler            0x0800029b   Thumb Code     0  startup_stm32f427xx.o(.text)
    TIM8_CC_IRQHandler                       0x0800029b   Thumb Code     0  startup_stm32f427xx.o(.text)
    UART7_IRQHandler                         0x0800029b   Thumb Code     0  startup_stm32f427xx.o(.text)
    UART8_IRQHandler                         0x0800029b   Thumb Code     0  startup_stm32f427xx.o(.text)
    USART6_IRQHandler                        0x0800029b   Thumb Code     0  startup_stm32f427xx.o(.text)
    __aeabi_memcpy                           0x080002a5   Thumb Code    36  memcpya.o(.text)
    __aeabi_memcpy4                          0x080002a5   Thumb Code     0  memcpya.o(.text)
    __aeabi_memcpy8                          0x080002a5   Thumb Code     0  memcpya.o(.text)
    __aeabi_memset                           0x080002c9   Thumb Code    14  memseta.o(.text)
    __aeabi_memset4                          0x080002c9   Thumb Code     0  memseta.o(.text)
    __aeabi_memset8                          0x080002c9   Thumb Code     0  memseta.o(.text)
    __aeabi_memclr                           0x080002d7   Thumb Code     4  memseta.o(.text)
    __aeabi_memclr4                          0x080002d7   Thumb Code     0  memseta.o(.text)
    __aeabi_memclr8                          0x080002d7   Thumb Code     0  memseta.o(.text)
    _memset$wrapper                          0x080002db   Thumb Code    18  memseta.o(.text)
    strncmp                                  0x080002ed   Thumb Code    30  strncmp.o(.text)
    __0sscanf                                0x0800030d   Thumb Code    48  __0sscanf.o(.text)
    _scanf_real                              0x0800046d   Thumb Code     0  scanf_fp.o(.text)
    _scanf_really_real                       0x0800046d   Thumb Code   556  scanf_fp.o(.text)
    __aeabi_dadd                             0x080006a5   Thumb Code   322  dadd.o(.text)
    __aeabi_dsub                             0x080007e7   Thumb Code     6  dadd.o(.text)
    __aeabi_drsub                            0x080007ed   Thumb Code     6  dadd.o(.text)
    __aeabi_dmul                             0x080007f3   Thumb Code   228  dmul.o(.text)
    __aeabi_ddiv                             0x080008d7   Thumb Code   222  ddiv.o(.text)
    __aeabi_i2d                              0x080009b5   Thumb Code    34  dflti.o(.text)
    __aeabi_d2uiz                            0x080009d7   Thumb Code    50  dfixui.o(.text)
    __aeabi_cdrcmple                         0x08000a09   Thumb Code    48  cdrcmple.o(.text)
    __aeabi_d2f                              0x08000a39   Thumb Code    56  d2f.o(.text)
    __aeabi_uidiv                            0x08000a71   Thumb Code     0  uidiv.o(.text)
    __aeabi_uidivmod                         0x08000a71   Thumb Code    44  uidiv.o(.text)
    __aeabi_uldivmod                         0x08000a9d   Thumb Code    98  uldiv.o(.text)
    __aeabi_llsl                             0x08000aff   Thumb Code    30  llshl.o(.text)
    _ll_shift_l                              0x08000aff   Thumb Code     0  llshl.o(.text)
    __aeabi_llsr                             0x08000b1d   Thumb Code    32  llushr.o(.text)
    _ll_ushift_r                             0x08000b1d   Thumb Code     0  llushr.o(.text)
    __aeabi_lasr                             0x08000b3d   Thumb Code    36  llsshr.o(.text)
    _ll_sshift_r                             0x08000b3d   Thumb Code     0  llsshr.o(.text)
    __vfscanf_char                           0x08000b6d   Thumb Code    20  scanf_char.o(.text)
    _sgetc                                   0x08000b89   Thumb Code    30  _sgetc.o(.text)
    _sbackspace                              0x08000ba7   Thumb Code    34  _sgetc.o(.text)
    __I$use$fp                               0x08000bc9   Thumb Code     0  iusefp.o(.text)
    _float_round                             0x08000bc9   Thumb Code    18  fepilogue.o(.text)
    _float_epilogue                          0x08000bdb   Thumb Code    92  fepilogue.o(.text)
    _double_round                            0x08000c37   Thumb Code    30  depilogue.o(.text)
    _double_epilogue                         0x08000c55   Thumb Code   156  depilogue.o(.text)
    __aeabi_ul2d                             0x08000cf1   Thumb Code    24  dfltul.o(.text)
    __aeabi_d2ulz                            0x08000d09   Thumb Code    48  dfixul.o(.text)
    __scatterload                            0x08000d39   Thumb Code    28  init.o(.text)
    __scatterload_rt2                        0x08000d39   Thumb Code     0  init.o(.text)
    isspace                                  0x08000d5d   Thumb Code    10  isspace_c.o(.text)
    __vfscanf                                0x08000d69   Thumb Code   808  _scanf.o(.text)
    __ctype_lookup                           0x08001095   Thumb Code    34  ctype_c.o(.text)
    __decompress                             0x080010bd   Thumb Code     0  __dczerorl2.o(.text)
    __decompress1                            0x080010bd   Thumb Code    86  __dczerorl2.o(.text)
    BSP_CAN_Mode_Init                        0x08001115   Thumb Code   252  bsp_can.o(i.BSP_CAN_Mode_Init)
    BSP_GPIO_Init                            0x0800121d   Thumb Code   250  bsp_gpio.o(i.BSP_GPIO_Init)
    BSP_TIM_INT_Init                         0x08001317   Thumb Code    98  bsp_timer.o(i.BSP_TIM_INT_Init)
    BSP_TIM_RCC_Init                         0x08001379   Thumb Code   250  bsp_timer.o(i.BSP_TIM_RCC_Init)
    BusFault_Handler                         0x08001473   Thumb Code     2  stm32f4xx_it.o(i.BusFault_Handler)
    CAN1_RX0_IRQHandler                      0x08001475   Thumb Code   980  odrive.o(i.CAN1_RX0_IRQHandler)
    CAN1_TX_IRQHandler                       0x08001861   Thumb Code    30  odrive.o(i.CAN1_TX_IRQHandler)
    CAN2_RX0_IRQHandler                      0x08001885   Thumb Code   980  odrive.o(i.CAN2_RX0_IRQHandler)
    CAN2_TX_IRQHandler                       0x08001c71   Thumb Code    30  odrive.o(i.CAN2_TX_IRQHandler)
    CAN_ClearFlag                            0x08001c95   Thumb Code    48  stm32f4xx_can.o(i.CAN_ClearFlag)
    CAN_ClearITPendingBit                    0x08001cc9   Thumb Code   152  stm32f4xx_can.o(i.CAN_ClearITPendingBit)
    CAN_FilterInit                           0x08001d65   Thumb Code   218  stm32f4xx_can.o(i.CAN_FilterInit)
    CAN_GetITStatus                          0x08001e55   Thumb Code   268  stm32f4xx_can.o(i.CAN_GetITStatus)
    CAN_ITConfig                             0x08001f65   Thumb Code    16  stm32f4xx_can.o(i.CAN_ITConfig)
    CAN_Init                                 0x08001f75   Thumb Code   244  stm32f4xx_can.o(i.CAN_Init)
    CAN_Receive                              0x08002069   Thumb Code   180  stm32f4xx_can.o(i.CAN_Receive)
    CAN_Transmit                             0x0800211d   Thumb Code   194  stm32f4xx_can.o(i.CAN_Transmit)
    CAN_TransmitStatus                       0x080021e1   Thumb Code   106  stm32f4xx_can.o(i.CAN_TransmitStatus)
    CopeSerial2Data                          0x0800225d   Thumb Code    92  jy60.o(i.CopeSerial2Data)
    DCD_EP_Close                             0x080022c1   Thumb Code    44  usb_dcd.o(i.DCD_EP_Close)
    DCD_EP_ClrStall                          0x080022ed   Thumb Code    58  usb_dcd.o(i.DCD_EP_ClrStall)
    DCD_EP_Open                              0x08002327   Thumb Code    64  usb_dcd.o(i.DCD_EP_Open)
    DCD_EP_PrepareRx                         0x08002367   Thumb Code    68  usb_dcd.o(i.DCD_EP_PrepareRx)
    DCD_EP_SetAddress                        0x080023ab   Thumb Code    16  usb_dcd.o(i.DCD_EP_SetAddress)
    DCD_EP_Stall                             0x080023bb   Thumb Code    58  usb_dcd.o(i.DCD_EP_Stall)
    DCD_EP_Tx                                0x080023f5   Thumb Code    62  usb_dcd.o(i.DCD_EP_Tx)
    DCD_Init                                 0x08002433   Thumb Code   156  usb_dcd.o(i.DCD_Init)
    DebugMon_Handler                         0x080024cf   Thumb Code     2  stm32f4xx_it.o(i.DebugMon_Handler)
    EXTI0_IRQHandler                         0x080024d1   Thumb Code    30  isp_exit.o(i.EXTI0_IRQHandler)
    EXTI15_10_IRQHandler                     0x080024f1   Thumb Code   104  isp_exit.o(i.EXTI15_10_IRQHandler)
    EXTI1_IRQHandler                         0x08002571   Thumb Code    30  isp_exit.o(i.EXTI1_IRQHandler)
    EXTI2_IRQHandler                         0x0800258f   Thumb Code    30  isp_exit.o(i.EXTI2_IRQHandler)
    EXTI3_IRQHandler                         0x080025ad   Thumb Code    30  isp_exit.o(i.EXTI3_IRQHandler)
    EXTI4_IRQHandler                         0x080025cb   Thumb Code    30  isp_exit.o(i.EXTI4_IRQHandler)
    EXTI9_5_IRQHandler                       0x080025e9   Thumb Code    76  isp_exit.o(i.EXTI9_5_IRQHandler)
    EXTI_ClearFlag                           0x08002645   Thumb Code     6  stm32f4xx_exti.o(i.EXTI_ClearFlag)
    EXTI_ClearITPendingBit                   0x08002651   Thumb Code     6  stm32f4xx_exti.o(i.EXTI_ClearITPendingBit)
    EXTI_GetITStatus                         0x0800265d   Thumb Code    16  stm32f4xx_exti.o(i.EXTI_GetITStatus)
    FLASH_ClearFlag                          0x08002671   Thumb Code     6  stm32f4xx_flash.o(i.FLASH_ClearFlag)
    FLASH_DataCacheCmd                       0x0800267d   Thumb Code    20  stm32f4xx_flash.o(i.FLASH_DataCacheCmd)
    FLASH_DataCacheReset                     0x08002695   Thumb Code    12  stm32f4xx_flash.o(i.FLASH_DataCacheReset)
    FLASH_EraseSector                        0x080026a5   Thumb Code   104  stm32f4xx_flash.o(i.FLASH_EraseSector)
    FLASH_Lock                               0x08002711   Thumb Code    12  stm32f4xx_flash.o(i.FLASH_Lock)
    FLASH_ProgramWord                        0x08002721   Thumb Code    58  stm32f4xx_flash.o(i.FLASH_ProgramWord)
    FLASH_Unlock                             0x08002761   Thumb Code    24  stm32f4xx_flash.o(i.FLASH_Unlock)
    FLASH_WaitForLastOperation               0x08002789   Thumb Code   162  stm32f4xx_flash.o(i.FLASH_WaitForLastOperation)
    GPIO_Init                                0x08002831   Thumb Code   154  stm32f4xx_gpio.o(i.GPIO_Init)
    GPIO_PinAFConfig                         0x080028cb   Thumb Code    34  stm32f4xx_gpio.o(i.GPIO_PinAFConfig)
    GPIO_Pin_TO_PinAFConfig                  0x080028ed   Thumb Code   158  bsp_gpio.o(i.GPIO_Pin_TO_PinAFConfig)
    GPIO_ResetBits                           0x0800298b   Thumb Code     4  stm32f4xx_gpio.o(i.GPIO_ResetBits)
    GPIO_SetBits                             0x0800298f   Thumb Code     4  stm32f4xx_gpio.o(i.GPIO_SetBits)
    HardFault_Handler                        0x08002995   Thumb Code    14  stm32f4xx_it.o(i.HardFault_Handler)
    LCD_Address_Set                          0x080029a9   Thumb Code   162  driver_lcd.o(i.LCD_Address_Set)
    LCD_Init                                 0x08002a51   Thumb Code  1032  driver_lcd.o(i.LCD_Init)
    LCD_ShowChar                             0x08002e59   Thumb Code   296  lcd.o(i.LCD_ShowChar)
    LCD_ShowFloatNum1                        0x08002f91   Thumb Code   200  lcd.o(i.LCD_ShowFloatNum1)
    LCD_WR_DATA                              0x08003061   Thumb Code    20  driver_lcd.o(i.LCD_WR_DATA)
    LCD_Writ_Bus                             0x08003075   Thumb Code    78  driver_lcd.o(i.LCD_Writ_Bus)
    LcdTaskInit                              0x080030c9   Thumb Code    38  lcd.o(i.LcdTaskInit)
    MemManage_Handler                        0x080030fd   Thumb Code     2  stm32f4xx_it.o(i.MemManage_Handler)
    MenuUpdate                               0x08003101   Thumb Code   946  lcd.o(i.MenuUpdate)
    NMI_Handler                              0x08003501   Thumb Code     2  stm32f4xx_it.o(i.NMI_Handler)
    NVIC_Init                                0x08003505   Thumb Code   106  misc.o(i.NVIC_Init)
    NVIC_PriorityGroupConfig                 0x08003575   Thumb Code    14  misc.o(i.NVIC_PriorityGroupConfig)
    OTG_FS_IRQHandler                        0x08003589   Thumb Code     6  driver_usbvcp.o(i.OTG_FS_IRQHandler)
    OdriveInit                               0x08003595   Thumb Code    38  odrive.o(i.OdriveInit)
    OdriveSendData                           0x080035cd   Thumb Code   268  odrive.o(i.OdriveSendData)
    RCC_AHB1PeriphClockCmd                   0x080036d9   Thumb Code    18  stm32f4xx_rcc.o(i.RCC_AHB1PeriphClockCmd)
    RCC_AHB2PeriphClockCmd                   0x080036f1   Thumb Code    18  stm32f4xx_rcc.o(i.RCC_AHB2PeriphClockCmd)
    RCC_APB1PeriphClockCmd                   0x08003709   Thumb Code    18  stm32f4xx_rcc.o(i.RCC_APB1PeriphClockCmd)
    RCC_APB2PeriphClockCmd                   0x08003721   Thumb Code    18  stm32f4xx_rcc.o(i.RCC_APB2PeriphClockCmd)
    RCC_GetClocksFreq                        0x08003739   Thumb Code   150  stm32f4xx_rcc.o(i.RCC_GetClocksFreq)
    SPI1_IRQHandler                          0x080037e1   Thumb Code     2  isp_spi.o(i.SPI1_IRQHandler)
    SPI2_IRQHandler                          0x080037e3   Thumb Code     2  isp_spi.o(i.SPI2_IRQHandler)
    SPI3_IRQHandler                          0x080037e5   Thumb Code     2  isp_spi.o(i.SPI3_IRQHandler)
    Serial1Data                              0x080037e9   Thumb Code   294  usartx.o(i.Serial1Data)
    ShowText                                 0x080039bd   Thumb Code    84  lcd.o(i.ShowText)
    SysTick_Handler                          0x08003a11   Thumb Code    38  port.o(i.SysTick_Handler)
    SystemInit                               0x08003a3d   Thumb Code   224  system_stm32f4xx.o(i.SystemInit)
    TIM1_BRK_TIM9_IRQHandler                 0x08003b41   Thumb Code     2  isp_tim.o(i.TIM1_BRK_TIM9_IRQHandler)
    TIM1_CC_IRQHandler                       0x08003b43   Thumb Code     2  isp_tim.o(i.TIM1_CC_IRQHandler)
    TIM1_UP_TIM10_IRQHandler                 0x08003b45   Thumb Code    38  isp_tim.o(i.TIM1_UP_TIM10_IRQHandler)
    TIM2_IRQHandler                          0x08003b71   Thumb Code    36  isp_tim.o(i.TIM2_IRQHandler)
    TIM3_IRQHandler                          0x08003b95   Thumb Code    38  isp_tim.o(i.TIM3_IRQHandler)
    TIM4_IRQHandler                          0x08003bc1   Thumb Code    38  isp_tim.o(i.TIM4_IRQHandler)
    TIM5_IRQHandler                          0x08003bed   Thumb Code    44  isp_tim.o(i.TIM5_IRQHandler)
    TIM6_DAC_IRQHandler                      0x08003c21   Thumb Code    44  isp_tim.o(i.TIM6_DAC_IRQHandler)
    TIM7_IRQHandler                          0x08003c55   Thumb Code    38  isp_tim.o(i.TIM7_IRQHandler)
    TIM8_BRK_TIM12_IRQHandler                0x08003c81   Thumb Code     8  isp_tim.o(i.TIM8_BRK_TIM12_IRQHandler)
    TIM8_TRG_COM_TIM14_IRQHandler            0x08003c8d   Thumb Code     2  isp_tim.o(i.TIM8_TRG_COM_TIM14_IRQHandler)
    TIM8_UP_TIM13_IRQHandler                 0x08003c8f   Thumb Code     2  isp_tim.o(i.TIM8_UP_TIM13_IRQHandler)
    TIM_ClearFlag                            0x08003c91   Thumb Code     6  stm32f4xx_tim.o(i.TIM_ClearFlag)
    TIM_ClearITPendingBit                    0x08003c97   Thumb Code     6  stm32f4xx_tim.o(i.TIM_ClearITPendingBit)
    TIM_Cmd                                  0x08003c9d   Thumb Code    18  stm32f4xx_tim.o(i.TIM_Cmd)
    TIM_GetITStatus                          0x08003caf   Thumb Code    22  stm32f4xx_tim.o(i.TIM_GetITStatus)
    TIM_ITConfig                             0x08003cc5   Thumb Code    16  stm32f4xx_tim.o(i.TIM_ITConfig)
    TIM_TO_NVIC_IRQChannel                   0x08003cd5   Thumb Code   188  bsp_timer.o(i.TIM_TO_NVIC_IRQChannel)
    TIM_TimeBaseInit                         0x08003d91   Thumb Code   120  stm32f4xx_tim.o(i.TIM_TimeBaseInit)
    UART4_IRQHandler                         0x08003e11   Thumb Code    38  usartx.o(i.UART4_IRQHandler)
    UART5_IRQHandler                         0x08003e3d   Thumb Code    38  usartx.o(i.UART5_IRQHandler)
    USART1_IRQHandler                        0x08003e69   Thumb Code   110  usartx.o(i.USART1_IRQHandler)
    USART2_IRQHandler                        0x08003ee5   Thumb Code   112  usartx.o(i.USART2_IRQHandler)
    USART3_IRQHandler                        0x08003f65   Thumb Code    38  usartx.o(i.USART3_IRQHandler)
    USART_ClearITPendingBit                  0x08003f91   Thumb Code    14  stm32f4xx_usart.o(i.USART_ClearITPendingBit)
    USART_Cmd                                0x08003f9f   Thumb Code    18  stm32f4xx_usart.o(i.USART_Cmd)
    USART_GetFlagStatus                      0x08003fb1   Thumb Code    14  stm32f4xx_usart.o(i.USART_GetFlagStatus)
    USART_GetITStatus                        0x08003fbf   Thumb Code    76  stm32f4xx_usart.o(i.USART_GetITStatus)
    USART_ITConfig                           0x0800400b   Thumb Code    48  stm32f4xx_usart.o(i.USART_ITConfig)
    USART_Init                               0x0800403d   Thumb Code   180  stm32f4xx_usart.o(i.USART_Init)
    USART_ReceiveData                        0x080040f5   Thumb Code     8  stm32f4xx_usart.o(i.USART_ReceiveData)
    USART_SendData                           0x080040fd   Thumb Code     8  stm32f4xx_usart.o(i.USART_SendData)
    USBD_ClrCfg                              0x08004105   Thumb Code    14  usbd_core.o(i.USBD_ClrCfg)
    USBD_CtlContinueRx                       0x08004113   Thumb Code    18  usbd_ioreq.o(i.USBD_CtlContinueRx)
    USBD_CtlContinueSendData                 0x08004125   Thumb Code    18  usbd_ioreq.o(i.USBD_CtlContinueSendData)
    USBD_CtlError                            0x08004137   Thumb Code    28  usbd_req.o(i.USBD_CtlError)
    USBD_CtlPrepareRx                        0x08004153   Thumb Code    32  usbd_ioreq.o(i.USBD_CtlPrepareRx)
    USBD_CtlReceiveStatus                    0x08004173   Thumb Code    34  usbd_ioreq.o(i.USBD_CtlReceiveStatus)
    USBD_CtlSendData                         0x08004195   Thumb Code    32  usbd_ioreq.o(i.USBD_CtlSendData)
    USBD_CtlSendStatus                       0x080041b5   Thumb Code    34  usbd_ioreq.o(i.USBD_CtlSendStatus)
    USBD_GetString                           0x08004319   Thumb Code   104  usbd_req.o(i.USBD_GetString)
    USBD_Init                                0x08004381   Thumb Code    56  usbd_core.o(i.USBD_Init)
    USBD_OTG_ISR_Handler                     0x080043d5   Thumb Code  1540  usb_dcd_int.o(i.USBD_OTG_ISR_Handler)
    USBD_ParseSetupRequest                   0x080049dd   Thumb Code    68  usbd_req.o(i.USBD_ParseSetupRequest)
    USBD_SetCfg                              0x08004a77   Thumb Code    26  usbd_core.o(i.USBD_SetCfg)
    USBD_StdDevReq                           0x08004add   Thumb Code   718  usbd_req.o(i.USBD_StdDevReq)
    USBD_StdEPReq                            0x08004dbd   Thumb Code   298  usbd_req.o(i.USBD_StdEPReq)
    USBD_StdItfReq                           0x08004ef1   Thumb Code    72  usbd_req.o(i.USBD_StdItfReq)
    USBD_USR_ConfigStrDescriptor             0x08004f55   Thumb Code    16  driver_usbvcp.o(i.USBD_USR_ConfigStrDescriptor)
    USBD_USR_DeviceConfigured                0x08004f75   Thumb Code     8  driver_usbvcp.o(i.USBD_USR_DeviceConfigured)
    USBD_USR_DeviceConnected                 0x08004f81   Thumb Code     8  driver_usbvcp.o(i.USBD_USR_DeviceConnected)
    USBD_USR_DeviceDescriptor                0x08004f8d   Thumb Code     8  driver_usbvcp.o(i.USBD_USR_DeviceDescriptor)
    USBD_USR_DeviceDisconnected              0x08004f99   Thumb Code     8  driver_usbvcp.o(i.USBD_USR_DeviceDisconnected)
    USBD_USR_DeviceReset                     0x08004fa5   Thumb Code     2  driver_usbvcp.o(i.USBD_USR_DeviceReset)
    USBD_USR_DeviceResumed                   0x08004fa9   Thumb Code     8  driver_usbvcp.o(i.USBD_USR_DeviceResumed)
    USBD_USR_DeviceSuspended                 0x08004fb5   Thumb Code     8  driver_usbvcp.o(i.USBD_USR_DeviceSuspended)
    USBD_USR_Init                            0x08004fc1   Thumb Code     2  driver_usbvcp.o(i.USBD_USR_Init)
    USBD_USR_InterfaceStrDescriptor          0x08004fc5   Thumb Code    16  driver_usbvcp.o(i.USBD_USR_InterfaceStrDescriptor)
    USBD_USR_LangIDStrDescriptor             0x08004fe9   Thumb Code     8  driver_usbvcp.o(i.USBD_USR_LangIDStrDescriptor)
    USBD_USR_ManufacturerStrDescriptor       0x08004ff5   Thumb Code    16  driver_usbvcp.o(i.USBD_USR_ManufacturerStrDescriptor)
    USBD_USR_ProductStrDescriptor            0x0800501d   Thumb Code    22  driver_usbvcp.o(i.USBD_USR_ProductStrDescriptor)
    USBD_USR_SerialStrDescriptor             0x08005081   Thumb Code   116  driver_usbvcp.o(i.USBD_USR_SerialStrDescriptor)
    USB_OTG_BSP_EnableInterrupt              0x08005111   Thumb Code    44  driver_usbvcp.o(i.USB_OTG_BSP_EnableInterrupt)
    USB_OTG_BSP_Init                         0x08005141   Thumb Code   100  driver_usbvcp.o(i.USB_OTG_BSP_Init)
    USB_OTG_BSP_mDelay                       0x080051a9   Thumb Code    36  driver_usbvcp.o(i.USB_OTG_BSP_mDelay)
    USB_OTG_BSP_uDelay                       0x080051d1   Thumb Code    30  driver_usbvcp.o(i.USB_OTG_BSP_uDelay)
    USB_OTG_CoreInit                         0x080051f5   Thumb Code   280  usb_core.o(i.USB_OTG_CoreInit)
    USB_OTG_CoreInitDev                      0x08005311   Thumb Code   458  usb_core.o(i.USB_OTG_CoreInitDev)
    USB_OTG_DisableGlobalInt                 0x080054e5   Thumb Code    16  usb_core.o(i.USB_OTG_DisableGlobalInt)
    USB_OTG_EP0Activate                      0x080054f5   Thumb Code    62  usb_core.o(i.USB_OTG_EP0Activate)
    USB_OTG_EP0StartXfer                     0x08005533   Thumb Code   192  usb_core.o(i.USB_OTG_EP0StartXfer)
    USB_OTG_EP0_OutStart                     0x080055f5   Thumb Code    34  usb_core.o(i.USB_OTG_EP0_OutStart)
    USB_OTG_EPActivate                       0x0800561d   Thumb Code    94  usb_core.o(i.USB_OTG_EPActivate)
    USB_OTG_EPClearStall                     0x0800567b   Thumb Code    46  usb_core.o(i.USB_OTG_EPClearStall)
    USB_OTG_EPDeactivate                     0x080056a9   Thumb Code    64  usb_core.o(i.USB_OTG_EPDeactivate)
    USB_OTG_EPSetStall                       0x080056e9   Thumb Code    50  usb_core.o(i.USB_OTG_EPSetStall)
    USB_OTG_EPStartXfer                      0x0800571d   Thumb Code   360  usb_core.o(i.USB_OTG_EPStartXfer)
    USB_OTG_EnableGlobalInt                  0x08005885   Thumb Code    16  usb_core.o(i.USB_OTG_EnableGlobalInt)
    USB_OTG_FlushTxFifo                      0x08005895   Thumb Code    68  usb_core.o(i.USB_OTG_FlushTxFifo)
    USB_OTG_GetDeviceSpeed                   0x080058dd   Thumb Code    32  usb_core.o(i.USB_OTG_GetDeviceSpeed)
    USB_OTG_IsDeviceMode                     0x080058fd   Thumb Code    16  usb_core.o(i.USB_OTG_IsDeviceMode)
    USB_OTG_ReadCoreItr                      0x0800590d   Thumb Code    10  usb_core.o(i.USB_OTG_ReadCoreItr)
    USB_OTG_ReadDevAllInEPItr                0x08005917   Thumb Code    12  usb_core.o(i.USB_OTG_ReadDevAllInEPItr)
    USB_OTG_ReadDevAllOutEp_itr              0x08005923   Thumb Code    12  usb_core.o(i.USB_OTG_ReadDevAllOutEp_itr)
    USB_OTG_ReadDevOutEP_itr                 0x0800592f   Thumb Code    16  usb_core.o(i.USB_OTG_ReadDevOutEP_itr)
    USB_OTG_ReadPacket                       0x0800593f   Thumb Code    54  usb_core.o(i.USB_OTG_ReadPacket)
    USB_OTG_SelectCore                       0x08005975   Thumb Code   282  usb_core.o(i.USB_OTG_SelectCore)
    USB_OTG_SetCurrentMode                   0x08005a95   Thumb Code    42  usb_core.o(i.USB_OTG_SetCurrentMode)
    USB_OTG_WritePacket                      0x08005ac1   Thumb Code    86  usb_core.o(i.USB_OTG_WritePacket)
    UsageFault_Handler                       0x08005b17   Thumb Code     2  stm32f4xx_it.o(i.UsageFault_Handler)
    WWDG_IRQHandler                          0x08005b33   Thumb Code     2  bsp_watchdog.o(i.WWDG_IRQHandler)
    __0printf                                0x08005b35   Thumb Code    22  printfa.o(i.__0printf)
    __1printf                                0x08005b35   Thumb Code     0  printfa.o(i.__0printf)
    __2printf                                0x08005b35   Thumb Code     0  printfa.o(i.__0printf)
    __c89printf                              0x08005b35   Thumb Code     0  printfa.o(i.__0printf)
    printf                                   0x08005b35   Thumb Code     0  printfa.o(i.__0printf)
    __0vsnprintf                             0x08005b55   Thumb Code    40  printfa.o(i.__0vsnprintf)
    __1vsnprintf                             0x08005b55   Thumb Code     0  printfa.o(i.__0vsnprintf)
    __2vsnprintf                             0x08005b55   Thumb Code     0  printfa.o(i.__0vsnprintf)
    __c89vsnprintf                           0x08005b55   Thumb Code     0  printfa.o(i.__0vsnprintf)
    vsnprintf                                0x08005b55   Thumb Code     0  printfa.o(i.__0vsnprintf)
    __0vsprintf                              0x08005b81   Thumb Code    30  printfa.o(i.__0vsprintf)
    __1vsprintf                              0x08005b81   Thumb Code     0  printfa.o(i.__0vsprintf)
    __2vsprintf                              0x08005b81   Thumb Code     0  printfa.o(i.__0vsprintf)
    __c89vsprintf                            0x08005b81   Thumb Code     0  printfa.o(i.__0vsprintf)
    vsprintf                                 0x08005b81   Thumb Code     0  printfa.o(i.__0vsprintf)
    __scatterload_copy                       0x08005ba5   Thumb Code    14  handlers.o(i.__scatterload_copy)
    __scatterload_null                       0x08005bb3   Thumb Code     2  handlers.o(i.__scatterload_null)
    __scatterload_zeroinit                   0x08005bb5   Thumb Code    14  handlers.o(i.__scatterload_zeroinit)
    _is_digit                                0x08005d49   Thumb Code    14  scanf_fp.o(i._is_digit)
    appInit                                  0x080064a9   Thumb Code    68  app_init.o(i.appInit)
    aqCalloc                                 0x08006511   Thumb Code    46  util.o(i.aqCalloc)
    aqFree                                   0x08006545   Thumb Code    28  util.o(i.aqFree)
    cigan_Init                               0x08006565   Thumb Code    56  cigan.o(i.cigan_Init)
    configFlashWrite                         0x080065bd   Thumb Code   128  config.o(i.configFlashWrite)
    configInit                               0x08006681   Thumb Code   294  config.o(i.configInit)
    configLoadDefault                        0x080067d1   Thumb Code   300  config.o(i.configLoadDefault)
    controlInit                              0x0800693d   Thumb Code    38  control.o(i.controlInit)
    controlUpdateTask                        0x08006975   Thumb Code    50  control.o(i.controlUpdateTask)
    delay_ms                                 0x080069ad   Thumb Code    28  util.o(i.delay_ms)
    flashAddress                             0x080069c9   Thumb Code    86  driver_flash.o(i.flashAddress)
    flashErase                               0x08006a21   Thumb Code   458  driver_flash.o(i.flashErase)
    flashStartAddr                           0x08006bf1   Thumb Code     4  driver_flash.o(i.flashStartAddr)
    fputc                                    0x08006bf9   Thumb Code    30  usartx.o(i.fputc)
    free                                     0x08006c1d   Thumb Code    76  malloc.o(i.free)
    getsupervisorData                        0x08006c6d   Thumb Code     4  supervisor.o(i.getsupervisorData)
    lcdGlobalInit                            0x08006c79   Thumb Code   368  lcd.o(i.lcdGlobalInit)
    lcdUpdateTask                            0x08006e49   Thumb Code    56  lcd.o(i.lcdUpdateTask)
    main                                     0x08006e89   Thumb Code    40  main.o(i.main)
    malloc                                   0x08006ed1   Thumb Code    92  malloc.o(i.malloc)
    odrivelUpdateTask                        0x08006f3d   Thumb Code  1136  odrive.o(i.odrivelUpdateTask)
    pvPortMalloc                             0x080078a9   Thumb Code   376  heap_4.o(i.pvPortMalloc)
    pxPortInitialiseStack                    0x08007a2d   Thumb Code    38  port.o(i.pxPortInitialiseStack)
    u1_SendArray                             0x08007a59   Thumb Code    52  usartx.o(i.u1_SendArray)
    uart1_init                               0x08007a91   Thumb Code   174  usartx.o(i.uart1_init)
    usbVCP_DataRX_Handle                     0x08007b49   Thumb Code     2  driver_usbvcp.o(i.usbVCP_DataRX_Handle)
    usbVCP_Init                              0x08007b4d   Thumb Code    24  driver_usbvcp.o(i.usbVCP_Init)
    usbVCP_Printf                            0x08007b6d   Thumb Code    70  driver_usbvcp.o(i.usbVCP_Printf)
    usbd_cdc_DataIn                          0x08007bbd   Thumb Code   102  driver_usbvcp.o(i.usbd_cdc_DataIn)
    usbd_cdc_DataOut                         0x08007c2d   Thumb Code    42  driver_usbvcp.o(i.usbd_cdc_DataOut)
    usbd_cdc_DeInit                          0x08007c61   Thumb Code    36  driver_usbvcp.o(i.usbd_cdc_DeInit)
    usbd_cdc_EP0_RxReady                     0x08007c89   Thumb Code    30  driver_usbvcp.o(i.usbd_cdc_EP0_RxReady)
    usbd_cdc_Init                            0x08007cad   Thumb Code    72  driver_usbvcp.o(i.usbd_cdc_Init)
    usbd_cdc_SOF                             0x08007cfd   Thumb Code   124  driver_usbvcp.o(i.usbd_cdc_SOF)
    usbd_cdc_Setup                           0x08007d81   Thumb Code   146  driver_usbvcp.o(i.usbd_cdc_Setup)
    uxListRemove                             0x08007e21   Thumb Code    38  list.o(i.uxListRemove)
    vApplicationIdleHook                     0x08007e47   Thumb Code     2  cpu_utils.o(i.vApplicationIdleHook)
    vApplicationStackOverflowHook            0x08007e49   Thumb Code     2  cpu_utils.o(i.vApplicationStackOverflowHook)
    vListInitialise                          0x08007e4b   Thumb Code    22  list.o(i.vListInitialise)
    vListInitialiseItem                      0x08007e61   Thumb Code     6  list.o(i.vListInitialiseItem)
    vListInsert                              0x08007e69   Thumb Code    58  list.o(i.vListInsert)
    vListInsertEnd                           0x08007ea3   Thumb Code    24  list.o(i.vListInsertEnd)
    vPortEnterCritical                       0x08007ebd   Thumb Code    56  port.o(i.vPortEnterCritical)
    vPortExitCritical                        0x08007efd   Thumb Code    38  port.o(i.vPortExitCritical)
    vPortFree                                0x08007f29   Thumb Code   154  heap_4.o(i.vPortFree)
    vPortValidateInterruptPriority           0x08007fcd   Thumb Code    74  port.o(i.vPortValidateInterruptPriority)
    vQueueAddToRegistry                      0x08008021   Thumb Code    34  queue.o(i.vQueueAddToRegistry)
    vQueueWaitForMessageRestricted           0x08008049   Thumb Code    74  queue.o(i.vQueueWaitForMessageRestricted)
    vTaskDelayUntil                          0x08008095   Thumb Code   136  tasks.o(i.vTaskDelayUntil)
    vTaskDelete                              0x08008125   Thumb Code   194  tasks.o(i.vTaskDelete)
    vTaskInternalSetTimeOutState             0x080081f9   Thumb Code    12  tasks.o(i.vTaskInternalSetTimeOutState)
    vTaskMissedYield                         0x08008209   Thumb Code     8  tasks.o(i.vTaskMissedYield)
    vTaskPlaceOnEventList                    0x08008215   Thumb Code    46  tasks.o(i.vTaskPlaceOnEventList)
    vTaskPlaceOnEventListRestricted          0x08008249   Thumb Code    54  tasks.o(i.vTaskPlaceOnEventListRestricted)
    vTaskStartScheduler                      0x08008285   Thumb Code   104  tasks.o(i.vTaskStartScheduler)
    vTaskSuspendAll                          0x08008305   Thumb Code    10  tasks.o(i.vTaskSuspendAll)
    vTaskSwitchContext                       0x08008315   Thumb Code   134  tasks.o(i.vTaskSwitchContext)
    vofa_sendData                            0x080083a9   Thumb Code   562  vofa.o(i.vofa_sendData)
    xEventGroupCreate                        0x080085e1   Thumb Code    26  event_groups.o(i.xEventGroupCreate)
    xPortStartScheduler                      0x080085fd   Thumb Code   260  port.o(i.xPortStartScheduler)
    xQueueGenericCreate                      0x08008721   Thumb Code   142  queue.o(i.xQueueGenericCreate)
    xQueueGenericSend                        0x080087b1   Thumb Code   464  queue.o(i.xQueueGenericSend)
    xQueueGenericSendFromISR                 0x08008985   Thumb Code   282  queue.o(i.xQueueGenericSendFromISR)
    xQueueReceive                            0x08008aa1   Thumb Code   340  queue.o(i.xQueueReceive)
    xTaskCheckForTimeOut                     0x08008bf9   Thumb Code   124  tasks.o(i.xTaskCheckForTimeOut)
    xTaskCreate                              0x08008c79   Thumb Code   364  tasks.o(i.xTaskCreate)
    xTaskGetSchedulerState                   0x08008e05   Thumb Code    24  tasks.o(i.xTaskGetSchedulerState)
    xTaskGetTickCount                        0x08008e21   Thumb Code     6  tasks.o(i.xTaskGetTickCount)
    xTaskIncrementTick                       0x08008e2d   Thumb Code   226  tasks.o(i.xTaskIncrementTick)
    xTaskPriorityDisinherit                  0x08008f19   Thumb Code   146  tasks.o(i.xTaskPriorityDisinherit)
    xTaskRemoveFromEventList                 0x08008fb5   Thumb Code   106  tasks.o(i.xTaskRemoveFromEventList)
    xTaskResumeAll                           0x0800902d   Thumb Code   436  tasks.o(i.xTaskResumeAll)
    xTimerCreateTimerTask                    0x080091ed   Thumb Code   108  timers.o(i.xTimerCreateTimerTask)
    xTimerGenericCommand                     0x0800927d   Thumb Code   116  timers.o(i.xTimerGenericCommand)
    ascii_1206                               0x080092f4   Data        1140  lcd.o(.constdata)
    ascii_1608                               0x08009768   Data        1520  lcd.o(.constdata)
    ascii_2412                               0x08009d58   Data        4560  lcd.o(.constdata)
    ascii_3216                               0x0800af28   Data        6080  lcd.o(.constdata)
    tfont12                                  0x0800c6e8   Data         130  lcd.o(.constdata)
    tfont16                                  0x0800c76a   Data         170  lcd.o(.constdata)
    tfont24                                  0x0800c814   Data         370  lcd.o(.constdata)
    tfont32                                  0x0800c986   Data         650  lcd.o(.constdata)
    CAN1_FilterInitStructure                 0x0800cc10   Data          14  bsp_can.o(.constdata)
    CAN2_FilterInitStructure                 0x0800cc1e   Data          14  bsp_can.o(.constdata)
    BSP_GPIOB12_Base                         0x0800cc2c   Data           8  bsp_gpio.o(.constdata)
    BSP_GPIOB13_Base                         0x0800cc34   Data           8  bsp_gpio.o(.constdata)
    BSP_GPIOD0_Base                          0x0800cc3c   Data           8  bsp_gpio.o(.constdata)
    BSP_GPIOD1_Base                          0x0800cc44   Data           8  bsp_gpio.o(.constdata)
    BSP_GPIOE2_Base                          0x0800cc4c   Data           8  bsp_gpio.o(.constdata)
    BSP_GPIOE3_Base                          0x0800cc54   Data           8  bsp_gpio.o(.constdata)
    BSP_GPIOE4_Base                          0x0800cc5c   Data           8  bsp_gpio.o(.constdata)
    BSP_GPIOE5_Base                          0x0800cc64   Data           8  bsp_gpio.o(.constdata)
    BSP_GPIOE6_Base                          0x0800cc6c   Data           8  bsp_gpio.o(.constdata)
    __ctype_categories                       0x0800cc74   Data          64  ctype_c.o(.constdata)
    Region$$Table$$Base                      0x0800ccb4   Number         0  anon$$obj.o(Region$$Table)
    Region$$Table$$Limit                     0x0800ccd4   Number         0  anon$$obj.o(Region$$Table)
    systemConfigData                         0x10006000   Data         220  config.o(.ARM.__AT_0x10006000)
    taskInitData                             0x20000000   Data           4  app_init.o(.data)
    Menu                                     0x20000004   Data           4  control.o(.data)
    Menu1                                    0x20000008   Data           4  control.o(.data)
    Set_Cur                                  0x2000000c   Data           4  control.o(.data)
    Set_Pos                                  0x20000010   Data           4  control.o(.data)
    Set_Vel                                  0x20000014   Data           4  control.o(.data)
    ulHighFrequencyTimerTicks                0x20000018   Data           4  main.o(.data)
    i                                        0x2000001c   Data           4  lcd.o(.data)
    Flag                                     0x20000020   Data           1  odrive.o(.data)
    rxbuf3                                   0x20000024   Data           4  odrive.o(.data)
    rxbuf2                                   0x20000028   Data           4  odrive.o(.data)
    clockClass                               0x2000002c   Data           4  driver_clockcount.o(.data)
    USB_Tx_State                             0x20000030   Data           1  driver_usbvcp.o(.data)
    usbStatus                                0x20000031   Data           1  driver_usbvcp.o(.data)
    usbPreemptionPriority                    0x20000032   Data           1  driver_usbvcp.o(.data)
    usbSubPriority                           0x20000033   Data           1  driver_usbvcp.o(.data)
    APP_Rx_ptr_in                            0x20000038   Data           4  driver_usbvcp.o(.data)
    APP_Rx_ptr_out                           0x2000003c   Data           4  driver_usbvcp.o(.data)
    APP_Rx_length                            0x20000040   Data           4  driver_usbvcp.o(.data)
    USBD_LangIDDesc                          0x2000004c   Data           4  driver_usbvcp.o(.data)
    CmdBuff                                  0x20000054   Data           8  driver_usbvcp.o(.data)
    USBD_CDC_cb                              0x2000005c   Data          44  driver_usbvcp.o(.data)
    usbd_cdc_CfgDesc                         0x20000088   Data          67  driver_usbvcp.o(.data)
    VCP_fops                                 0x200000cc   Data          20  driver_usbvcp.o(.data)
    USR_desc                                 0x200000e0   Data          28  driver_usbvcp.o(.data)
    USBD_DeviceDesc                          0x200000fc   Data          18  driver_usbvcp.o(.data)
    USBD_StringSerial                        0x2000010e   Data          26  driver_usbvcp.o(.data)
    USR_cb                                   0x20000128   Data          28  driver_usbvcp.o(.data)
    YAWCMD                                   0x20000145   Data           3  jy60.o(.data)
    ACCCMD                                   0x20000148   Data           3  jy60.o(.data)
    CNT                                      0x2000014c   Data           4  jy60.o(.data)
    angle_now                                0x20000150   Data           4  jy60.o(.data)
    angle_last                               0x20000154   Data           4  jy60.o(.data)
    angle_err                                0x20000158   Data           4  jy60.o(.data)
    stcAcc                                   0x2000015c   Data           8  jy60.o(.data)
    stcGyro                                  0x20000164   Data           8  jy60.o(.data)
    stcAngle                                 0x2000016c   Data           8  jy60.o(.data)
    flag                                     0x20000176   Data           1  usartx.o(.data)
    USART_RX_STA                             0x20000178   Data           2  usartx.o(.data)
    g_usart1_recv_cnt                        0x2000017c   Data           4  usartx.o(.data)
    __stdout                                 0x20000180   Data           4  usartx.o(.data)
    pxCurrentTCB                             0x200001b8   Data           4  tasks.o(.data)
    USBD_DCD_INT_cb                          0x20000210   Data          44  usbd_core.o(.data)
    USBD_DCD_INT_fops                        0x2000023c   Data           4  usbd_core.o(.data)
    SET_TEST_MODE                            0x20000240   Data           4  usbd_core.o(.data)
    USBD_ep_status                           0x20000248   Data           4  usbd_req.o(.data)
    USBD_default_cfg                         0x2000024c   Data           4  usbd_req.o(.data)
    USBD_cfg_status                          0x20000250   Data           4  usbd_req.o(.data)
    heapUsed                                 0x20000254   Data           4  util.o(.data)
    heapHighWater                            0x20000258   Data           4  util.o(.data)
    dataSramUsed                             0x2000025c   Data           4  util.o(.data)
    numStacks                                0x20000260   Data           4  util.o(.data)
    __microlib_freelist                      0x20000264   Data           4  mvars.o(.data)
    __microlib_freelist_initialised          0x20000268   Data           4  mvars.o(.data)
    controlData                              0x2000026c   Data          12  control.o(.bss)
    clockCountData                           0x20000278   Data          17  clockcount.o(.bss)
    supervisorData                           0x20000289   Data          73  supervisor.o(.bss)
    lcdData                                  0x200002d2   Data           9  lcd.o(.bss)
    OdriveData                               0x200002dc   Data          97  odrive.o(.bss)
    OdReceivedData                           0x2000033d   Data         136  odrive.o(.bss)
    ODSendData                               0x200003c5   Data           9  odrive.o(.bss)
    USB_Rx_Buffer                            0x20000408   Data          64  driver_usbvcp.o(.bss)
    APP_Rx_Buffer                            0x20000448   Data        2048  driver_usbvcp.o(.bss)
    USBD_StrDesc                             0x20000c48   Data         255  driver_usbvcp.o(.bss)
    USB_OTG_dev                              0x20000d48   Data        1524  driver_usbvcp.o(.bss)
    g_usart1_recv_buf                        0x20001436   Data         400  usartx.o(.bss)
    Send_Data                                0x200015c6   Data          48  usartx.o(.bss)
    USART_RX_BUF                             0x200015f6   Data         200  usartx.o(.bss)
    xQueueRegistry                           0x200107c0   Data          64  queue.o(.bss)
    __heap_base                              0x200109d0   Data           0  startup_stm32f427xx.o(HEAP)
    __heap_limit                             0x20013bd0   Data           0  startup_stm32f427xx.o(HEAP)
    __initial_sp                             0x20013fd0   Data           0  startup_stm32f427xx.o(STACK)



==============================================================================

Memory Map of the image

  Image Entry point : 0x08000281

  Load Region LR_1 (Base: 0x08000000, Size: 0x0000cf40, Max: 0xffffffff, ABSOLUTE, COMPRESSED[0x0000cdcc])

    Execution Region ER_RO (Exec base: 0x08000000, Load base: 0x08000000, Size: 0x0000ccd4, Max: 0xffffffff, ABSOLUTE)

    Exec Addr    Load Addr    Size         Type   Attr      Idx    E Section Name        Object

    0x08000000   0x08000000   0x000001ac   Data   RO         7999    RESET               startup_stm32f427xx.o
    0x080001ac   0x080001ac   0x00000000   Code   RO         8509  * .ARM.Collect$$$$00000000  mc_w.l(entry.o)
    0x080001ac   0x080001ac   0x00000004   Code   RO         8858    .ARM.Collect$$$$00000001  mc_w.l(entry2.o)
    0x080001b0   0x080001b0   0x00000004   Code   RO         8861    .ARM.Collect$$$$00000004  mc_w.l(entry5.o)
    0x080001b4   0x080001b4   0x00000000   Code   RO         8863    .ARM.Collect$$$$00000008  mc_w.l(entry7b.o)
    0x080001b4   0x080001b4   0x00000000   Code   RO         8865    .ARM.Collect$$$$0000000A  mc_w.l(entry8b.o)
    0x080001b4   0x080001b4   0x00000008   Code   RO         8866    .ARM.Collect$$$$0000000B  mc_w.l(entry9a.o)
    0x080001bc   0x080001bc   0x00000000   Code   RO         8868    .ARM.Collect$$$$0000000D  mc_w.l(entry10a.o)
    0x080001bc   0x080001bc   0x00000000   Code   RO         8870    .ARM.Collect$$$$0000000F  mc_w.l(entry11a.o)
    0x080001bc   0x080001bc   0x00000004   Code   RO         8859    .ARM.Collect$$$$00002712  mc_w.l(entry2.o)
    0x080001c0   0x080001c0   0x000000be   Code   RO         5882    .emb_text           port.o
    0x0800027e   0x0800027e   0x00000002   PAD
    0x08000280   0x08000280   0x00000024   Code   RO         8000  * .text               startup_stm32f427xx.o
    0x080002a4   0x080002a4   0x00000024   Code   RO         8512    .text               mc_w.l(memcpya.o)
    0x080002c8   0x080002c8   0x00000024   Code   RO         8514    .text               mc_w.l(memseta.o)
    0x080002ec   0x080002ec   0x0000001e   Code   RO         8520    .text               mc_w.l(strncmp.o)
    0x0800030a   0x0800030a   0x00000002   PAD
    0x0800030c   0x0800030c   0x00000038   Code   RO         8813    .text               mc_w.l(__0sscanf.o)
    0x08000344   0x08000344   0x00000360   Code   RO         8815    .text               mc_w.l(scanf_fp.o)
    0x080006a4   0x080006a4   0x0000014e   Code   RO         8819    .text               mf_w.l(dadd.o)
    0x080007f2   0x080007f2   0x000000e4   Code   RO         8821    .text               mf_w.l(dmul.o)
    0x080008d6   0x080008d6   0x000000de   Code   RO         8823    .text               mf_w.l(ddiv.o)
    0x080009b4   0x080009b4   0x00000022   Code   RO         8825    .text               mf_w.l(dflti.o)
    0x080009d6   0x080009d6   0x00000032   Code   RO         8829    .text               mf_w.l(dfixui.o)
    0x08000a08   0x08000a08   0x00000030   Code   RO         8835    .text               mf_w.l(cdrcmple.o)
    0x08000a38   0x08000a38   0x00000038   Code   RO         8837    .text               mf_w.l(d2f.o)
    0x08000a70   0x08000a70   0x0000002c   Code   RO         8872    .text               mc_w.l(uidiv.o)
    0x08000a9c   0x08000a9c   0x00000062   Code   RO         8874    .text               mc_w.l(uldiv.o)
    0x08000afe   0x08000afe   0x0000001e   Code   RO         8876    .text               mc_w.l(llshl.o)
    0x08000b1c   0x08000b1c   0x00000020   Code   RO         8878    .text               mc_w.l(llushr.o)
    0x08000b3c   0x08000b3c   0x00000024   Code   RO         8880    .text               mc_w.l(llsshr.o)
    0x08000b60   0x08000b60   0x00000028   Code   RO         8891    .text               mc_w.l(scanf_char.o)
    0x08000b88   0x08000b88   0x00000040   Code   RO         8893    .text               mc_w.l(_sgetc.o)
    0x08000bc8   0x08000bc8   0x00000000   Code   RO         8895    .text               mc_w.l(iusefp.o)
    0x08000bc8   0x08000bc8   0x0000006e   Code   RO         8896    .text               mf_w.l(fepilogue.o)
    0x08000c36   0x08000c36   0x000000ba   Code   RO         8898    .text               mf_w.l(depilogue.o)
    0x08000cf0   0x08000cf0   0x00000018   Code   RO         8902    .text               mf_w.l(dfltul.o)
    0x08000d08   0x08000d08   0x00000030   Code   RO         8904    .text               mf_w.l(dfixul.o)
    0x08000d38   0x08000d38   0x00000024   Code   RO         8908    .text               mc_w.l(init.o)
    0x08000d5c   0x08000d5c   0x0000000a   Code   RO         8910    .text               mc_w.l(isspace_c.o)
    0x08000d66   0x08000d66   0x00000002   PAD
    0x08000d68   0x08000d68   0x0000032c   Code   RO         8912    .text               mc_w.l(_scanf.o)
    0x08001094   0x08001094   0x00000028   Code   RO         8914    .text               mc_w.l(ctype_c.o)
    0x080010bc   0x080010bc   0x00000056   Code   RO         8925    .text               mc_w.l(__dczerorl2.o)
    0x08001112   0x08001112   0x00000002   PAD
    0x08001114   0x08001114   0x00000108   Code   RO         1908    i.BSP_CAN_Mode_Init  bsp_can.o
    0x0800121c   0x0800121c   0x000000fa   Code   RO         2002    i.BSP_GPIO_Init     bsp_gpio.o
    0x08001316   0x08001316   0x00000062   Code   RO         2283    i.BSP_TIM_INT_Init  bsp_timer.o
    0x08001378   0x08001378   0x000000fa   Code   RO         2285    i.BSP_TIM_RCC_Init  bsp_timer.o
    0x08001472   0x08001472   0x00000002   Code   RO         5474    i.BusFault_Handler  stm32f4xx_it.o
    0x08001474   0x08001474   0x000003ec   Code   RO          824    i.CAN1_RX0_IRQHandler  odrive.o
    0x08001860   0x08001860   0x00000024   Code   RO          825    i.CAN1_TX_IRQHandler  odrive.o
    0x08001884   0x08001884   0x000003ec   Code   RO          826    i.CAN2_RX0_IRQHandler  odrive.o
    0x08001c70   0x08001c70   0x00000024   Code   RO          827    i.CAN2_TX_IRQHandler  odrive.o
    0x08001c94   0x08001c94   0x00000034   Code   RO         3108    i.CAN_ClearFlag     stm32f4xx_can.o
    0x08001cc8   0x08001cc8   0x0000009c   Code   RO         3109    i.CAN_ClearITPendingBit  stm32f4xx_can.o
    0x08001d64   0x08001d64   0x000000f0   Code   RO         3113    i.CAN_FilterInit    stm32f4xx_can.o
    0x08001e54   0x08001e54   0x00000110   Code   RO         3115    i.CAN_GetITStatus   stm32f4xx_can.o
    0x08001f64   0x08001f64   0x00000010   Code   RO         3119    i.CAN_ITConfig      stm32f4xx_can.o
    0x08001f74   0x08001f74   0x000000f4   Code   RO         3120    i.CAN_Init          stm32f4xx_can.o
    0x08002068   0x08002068   0x000000b4   Code   RO         3123    i.CAN_Receive       stm32f4xx_can.o
    0x0800211c   0x0800211c   0x000000c2   Code   RO         3128    i.CAN_Transmit      stm32f4xx_can.o
    0x080021de   0x080021de   0x00000002   PAD
    0x080021e0   0x080021e0   0x0000007c   Code   RO         3129    i.CAN_TransmitStatus  stm32f4xx_can.o
    0x0800225c   0x0800225c   0x00000064   Code   RO         1837    i.CopeSerial2Data   jy60.o
    0x080022c0   0x080022c0   0x0000002c   Code   RO         6944    i.DCD_EP_Close      usb_dcd.o
    0x080022ec   0x080022ec   0x0000003a   Code   RO         6945    i.DCD_EP_ClrStall   usb_dcd.o
    0x08002326   0x08002326   0x00000040   Code   RO         6947    i.DCD_EP_Open       usb_dcd.o
    0x08002366   0x08002366   0x00000044   Code   RO         6948    i.DCD_EP_PrepareRx  usb_dcd.o
    0x080023aa   0x080023aa   0x00000010   Code   RO         6949    i.DCD_EP_SetAddress  usb_dcd.o
    0x080023ba   0x080023ba   0x0000003a   Code   RO         6950    i.DCD_EP_Stall      usb_dcd.o
    0x080023f4   0x080023f4   0x0000003e   Code   RO         6951    i.DCD_EP_Tx         usb_dcd.o
    0x08002432   0x08002432   0x0000009c   Code   RO         6953    i.DCD_Init          usb_dcd.o
    0x080024ce   0x080024ce   0x00000002   Code   RO         5475    i.DebugMon_Handler  stm32f4xx_it.o
    0x080024d0   0x080024d0   0x0000001e   Code   RO         1504    i.EXTI0_IRQHandler  isp_exit.o
    0x080024ee   0x080024ee   0x00000002   PAD
    0x080024f0   0x080024f0   0x00000080   Code   RO         1505    i.EXTI15_10_IRQHandler  isp_exit.o
    0x08002570   0x08002570   0x0000001e   Code   RO         1506    i.EXTI1_IRQHandler  isp_exit.o
    0x0800258e   0x0800258e   0x0000001e   Code   RO         1507    i.EXTI2_IRQHandler  isp_exit.o
    0x080025ac   0x080025ac   0x0000001e   Code   RO         1508    i.EXTI3_IRQHandler  isp_exit.o
    0x080025ca   0x080025ca   0x0000001e   Code   RO         1509    i.EXTI4_IRQHandler  isp_exit.o
    0x080025e8   0x080025e8   0x0000005c   Code   RO         1510    i.EXTI9_5_IRQHandler  isp_exit.o
    0x08002644   0x08002644   0x0000000c   Code   RO         4670    i.EXTI_ClearFlag    stm32f4xx_exti.o
    0x08002650   0x08002650   0x0000000c   Code   RO         4671    i.EXTI_ClearITPendingBit  stm32f4xx_exti.o
    0x0800265c   0x0800265c   0x00000014   Code   RO         4675    i.EXTI_GetITStatus  stm32f4xx_exti.o
    0x08002670   0x08002670   0x0000000c   Code   RO         4988    i.FLASH_ClearFlag   stm32f4xx_flash.o
    0x0800267c   0x0800267c   0x00000018   Code   RO         4989    i.FLASH_DataCacheCmd  stm32f4xx_flash.o
    0x08002694   0x08002694   0x00000010   Code   RO         4990    i.FLASH_DataCacheReset  stm32f4xx_flash.o
    0x080026a4   0x080026a4   0x0000006c   Code   RO         4994    i.FLASH_EraseSector  stm32f4xx_flash.o
    0x08002710   0x08002710   0x00000010   Code   RO         5000    i.FLASH_Lock        stm32f4xx_flash.o
    0x08002720   0x08002720   0x00000040   Code   RO         5024    i.FLASH_ProgramWord  stm32f4xx_flash.o
    0x08002760   0x08002760   0x00000028   Code   RO         5026    i.FLASH_Unlock      stm32f4xx_flash.o
    0x08002788   0x08002788   0x000000a8   Code   RO         5027    i.FLASH_WaitForLastOperation  stm32f4xx_flash.o
    0x08002830   0x08002830   0x0000009a   Code   RO         3776    i.GPIO_Init         stm32f4xx_gpio.o
    0x080028ca   0x080028ca   0x00000022   Code   RO         3777    i.GPIO_PinAFConfig  stm32f4xx_gpio.o
    0x080028ec   0x080028ec   0x0000009e   Code   RO         2005    i.GPIO_Pin_TO_PinAFConfig  bsp_gpio.o
    0x0800298a   0x0800298a   0x00000004   Code   RO         3783    i.GPIO_ResetBits    stm32f4xx_gpio.o
    0x0800298e   0x0800298e   0x00000004   Code   RO         3784    i.GPIO_SetBits      stm32f4xx_gpio.o
    0x08002992   0x08002992   0x00000002   PAD
    0x08002994   0x08002994   0x00000014   Code   RO         5476    i.HardFault_Handler  stm32f4xx_it.o
    0x080029a8   0x080029a8   0x000000a8   Code   RO         1752    i.LCD_Address_Set   driver_lcd.o
    0x08002a50   0x08002a50   0x00000408   Code   RO         1754    i.LCD_Init          driver_lcd.o
    0x08002e58   0x08002e58   0x00000138   Code   RO          656    i.LCD_ShowChar      lcd.o
    0x08002f90   0x08002f90   0x000000d0   Code   RO          662    i.LCD_ShowFloatNum1  lcd.o
    0x08003060   0x08003060   0x00000014   Code   RO         1755    i.LCD_WR_DATA       driver_lcd.o
    0x08003074   0x08003074   0x00000054   Code   RO         1758    i.LCD_Writ_Bus      driver_lcd.o
    0x080030c8   0x080030c8   0x00000034   Code   RO          666    i.LcdTaskInit       lcd.o
    0x080030fc   0x080030fc   0x00000002   Code   RO         5477    i.MemManage_Handler  stm32f4xx_it.o
    0x080030fe   0x080030fe   0x00000002   PAD
    0x08003100   0x08003100   0x00000400   Code   RO          667    i.MenuUpdate        lcd.o
    0x08003500   0x08003500   0x00000002   Code   RO         5478    i.NMI_Handler       stm32f4xx_it.o
    0x08003502   0x08003502   0x00000002   PAD
    0x08003504   0x08003504   0x00000070   Code   RO         2813    i.NVIC_Init         misc.o
    0x08003574   0x08003574   0x00000014   Code   RO         2814    i.NVIC_PriorityGroupConfig  misc.o
    0x08003588   0x08003588   0x0000000c   Code   RO         1197    i.OTG_FS_IRQHandler  driver_usbvcp.o
    0x08003594   0x08003594   0x00000038   Code   RO          850    i.OdriveInit        odrive.o
    0x080035cc   0x080035cc   0x0000010c   Code   RO          851    i.OdriveSendData    odrive.o
    0x080036d8   0x080036d8   0x00000018   Code   RO         3269    i.RCC_AHB1PeriphClockCmd  stm32f4xx_rcc.o
    0x080036f0   0x080036f0   0x00000018   Code   RO         3272    i.RCC_AHB2PeriphClockCmd  stm32f4xx_rcc.o
    0x08003708   0x08003708   0x00000018   Code   RO         3278    i.RCC_APB1PeriphClockCmd  stm32f4xx_rcc.o
    0x08003720   0x08003720   0x00000018   Code   RO         3281    i.RCC_APB2PeriphClockCmd  stm32f4xx_rcc.o
    0x08003738   0x08003738   0x000000a8   Code   RO         3290    i.RCC_GetClocksFreq  stm32f4xx_rcc.o
    0x080037e0   0x080037e0   0x00000002   Code   RO         1599    i.SPI1_IRQHandler   isp_spi.o
    0x080037e2   0x080037e2   0x00000002   Code   RO         1600    i.SPI2_IRQHandler   isp_spi.o
    0x080037e4   0x080037e4   0x00000002   Code   RO         1601    i.SPI3_IRQHandler   isp_spi.o
    0x080037e6   0x080037e6   0x00000002   PAD
    0x080037e8   0x080037e8   0x000001d4   Code   RO         2507    i.Serial1Data       usartx.o
    0x080039bc   0x080039bc   0x00000054   Code   RO          669    i.ShowText          lcd.o
    0x08003a10   0x08003a10   0x0000002c   Code   RO         5883    i.SysTick_Handler   port.o
    0x08003a3c   0x08003a3c   0x00000104   Code   RO         8008    i.SystemInit        system_stm32f4xx.o
    0x08003b40   0x08003b40   0x00000002   Code   RO         1636    i.TIM1_BRK_TIM9_IRQHandler  isp_tim.o
    0x08003b42   0x08003b42   0x00000002   Code   RO         1637    i.TIM1_CC_IRQHandler  isp_tim.o
    0x08003b44   0x08003b44   0x0000002c   Code   RO         1638    i.TIM1_UP_TIM10_IRQHandler  isp_tim.o
    0x08003b70   0x08003b70   0x00000024   Code   RO         1639    i.TIM2_IRQHandler   isp_tim.o
    0x08003b94   0x08003b94   0x0000002c   Code   RO         1640    i.TIM3_IRQHandler   isp_tim.o
    0x08003bc0   0x08003bc0   0x0000002c   Code   RO         1641    i.TIM4_IRQHandler   isp_tim.o
    0x08003bec   0x08003bec   0x00000034   Code   RO         1642    i.TIM5_IRQHandler   isp_tim.o
    0x08003c20   0x08003c20   0x00000034   Code   RO         1643    i.TIM6_DAC_IRQHandler  isp_tim.o
    0x08003c54   0x08003c54   0x0000002c   Code   RO         1644    i.TIM7_IRQHandler   isp_tim.o
    0x08003c80   0x08003c80   0x0000000c   Code   RO         1645    i.TIM8_BRK_TIM12_IRQHandler  isp_tim.o
    0x08003c8c   0x08003c8c   0x00000002   Code   RO         1646    i.TIM8_TRG_COM_TIM14_IRQHandler  isp_tim.o
    0x08003c8e   0x08003c8e   0x00000002   Code   RO         1647    i.TIM8_UP_TIM13_IRQHandler  isp_tim.o
    0x08003c90   0x08003c90   0x00000006   Code   RO         4135    i.TIM_ClearFlag     stm32f4xx_tim.o
    0x08003c96   0x08003c96   0x00000006   Code   RO         4136    i.TIM_ClearITPendingBit  stm32f4xx_tim.o
    0x08003c9c   0x08003c9c   0x00000012   Code   RO         4141    i.TIM_Cmd           stm32f4xx_tim.o
    0x08003cae   0x08003cae   0x00000016   Code   RO         4162    i.TIM_GetITStatus   stm32f4xx_tim.o
    0x08003cc4   0x08003cc4   0x00000010   Code   RO         4166    i.TIM_ITConfig      stm32f4xx_tim.o
    0x08003cd4   0x08003cd4   0x000000bc   Code   RO         2287    i.TIM_TO_NVIC_IRQChannel  bsp_timer.o
    0x08003d90   0x08003d90   0x00000080   Code   RO         4213    i.TIM_TimeBaseInit  stm32f4xx_tim.o
    0x08003e10   0x08003e10   0x0000002c   Code   RO         2510    i.UART4_IRQHandler  usartx.o
    0x08003e3c   0x08003e3c   0x0000002c   Code   RO         2511    i.UART5_IRQHandler  usartx.o
    0x08003e68   0x08003e68   0x0000007c   Code   RO         2512    i.USART1_IRQHandler  usartx.o
    0x08003ee4   0x08003ee4   0x00000080   Code   RO         2514    i.USART2_IRQHandler  usartx.o
    0x08003f64   0x08003f64   0x0000002c   Code   RO         2515    i.USART3_IRQHandler  usartx.o
    0x08003f90   0x08003f90   0x0000000e   Code   RO         3938    i.USART_ClearITPendingBit  stm32f4xx_usart.o
    0x08003f9e   0x08003f9e   0x00000012   Code   RO         3941    i.USART_Cmd         stm32f4xx_usart.o
    0x08003fb0   0x08003fb0   0x0000000e   Code   RO         3944    i.USART_GetFlagStatus  stm32f4xx_usart.o
    0x08003fbe   0x08003fbe   0x0000004c   Code   RO         3945    i.USART_GetITStatus  stm32f4xx_usart.o
    0x0800400a   0x0800400a   0x00000030   Code   RO         3947    i.USART_ITConfig    stm32f4xx_usart.o
    0x0800403a   0x0800403a   0x00000002   PAD
    0x0800403c   0x0800403c   0x000000b8   Code   RO         3948    i.USART_Init        stm32f4xx_usart.o
    0x080040f4   0x080040f4   0x00000008   Code   RO         3955    i.USART_ReceiveData  stm32f4xx_usart.o
    0x080040fc   0x080040fc   0x00000008   Code   RO         3958    i.USART_SendData    stm32f4xx_usart.o
    0x08004104   0x08004104   0x0000000e   Code   RO         7069    i.USBD_ClrCfg       usbd_core.o
    0x08004112   0x08004112   0x00000012   Code   RO         7176    i.USBD_CtlContinueRx  usbd_ioreq.o
    0x08004124   0x08004124   0x00000012   Code   RO         7177    i.USBD_CtlContinueSendData  usbd_ioreq.o
    0x08004136   0x08004136   0x0000001c   Code   RO         7236    i.USBD_CtlError     usbd_req.o
    0x08004152   0x08004152   0x00000020   Code   RO         7178    i.USBD_CtlPrepareRx  usbd_ioreq.o
    0x08004172   0x08004172   0x00000022   Code   RO         7179    i.USBD_CtlReceiveStatus  usbd_ioreq.o
    0x08004194   0x08004194   0x00000020   Code   RO         7180    i.USBD_CtlSendData  usbd_ioreq.o
    0x080041b4   0x080041b4   0x00000022   Code   RO         7181    i.USBD_CtlSendStatus  usbd_ioreq.o
    0x080041d6   0x080041d6   0x00000002   PAD
    0x080041d8   0x080041d8   0x000000c8   Code   RO         7070    i.USBD_DataInStage  usbd_core.o
    0x080042a0   0x080042a0   0x00000078   Code   RO         7071    i.USBD_DataOutStage  usbd_core.o
    0x08004318   0x08004318   0x00000068   Code   RO         7237    i.USBD_GetString    usbd_req.o
    0x08004380   0x08004380   0x00000038   Code   RO         7073    i.USBD_Init         usbd_core.o
    0x080043b8   0x080043b8   0x0000000e   Code   RO         7074    i.USBD_IsoINIncomplete  usbd_core.o
    0x080043c6   0x080043c6   0x0000000e   Code   RO         7075    i.USBD_IsoOUTIncomplete  usbd_core.o
    0x080043d4   0x080043d4   0x00000608   Code   RO         7041    i.USBD_OTG_ISR_Handler  usb_dcd_int.o
    0x080049dc   0x080049dc   0x00000044   Code   RO         7238    i.USBD_ParseSetupRequest  usbd_req.o
    0x08004a20   0x08004a20   0x0000002e   Code   RO         7076    i.USBD_Reset        usbd_core.o
    0x08004a4e   0x08004a4e   0x00000016   Code   RO         7077    i.USBD_Resume       usbd_core.o
    0x08004a64   0x08004a64   0x00000012   Code   RO         7078    i.USBD_SOF          usbd_core.o
    0x08004a76   0x08004a76   0x0000001a   Code   RO         7079    i.USBD_SetCfg       usbd_core.o
    0x08004a90   0x08004a90   0x0000004c   Code   RO         7080    i.USBD_SetupStage   usbd_core.o
    0x08004adc   0x08004adc   0x000002e0   Code   RO         7239    i.USBD_StdDevReq    usbd_req.o
    0x08004dbc   0x08004dbc   0x00000134   Code   RO         7240    i.USBD_StdEPReq     usbd_req.o
    0x08004ef0   0x08004ef0   0x00000048   Code   RO         7241    i.USBD_StdItfReq    usbd_req.o
    0x08004f38   0x08004f38   0x0000001c   Code   RO         7081    i.USBD_Suspend      usbd_core.o
    0x08004f54   0x08004f54   0x00000020   Code   RO         1198    i.USBD_USR_ConfigStrDescriptor  driver_usbvcp.o
    0x08004f74   0x08004f74   0x0000000c   Code   RO         1199    i.USBD_USR_DeviceConfigured  driver_usbvcp.o
    0x08004f80   0x08004f80   0x0000000c   Code   RO         1200    i.USBD_USR_DeviceConnected  driver_usbvcp.o
    0x08004f8c   0x08004f8c   0x0000000c   Code   RO         1201    i.USBD_USR_DeviceDescriptor  driver_usbvcp.o
    0x08004f98   0x08004f98   0x0000000c   Code   RO         1202    i.USBD_USR_DeviceDisconnected  driver_usbvcp.o
    0x08004fa4   0x08004fa4   0x00000002   Code   RO         1203    i.USBD_USR_DeviceReset  driver_usbvcp.o
    0x08004fa6   0x08004fa6   0x00000002   PAD
    0x08004fa8   0x08004fa8   0x0000000c   Code   RO         1204    i.USBD_USR_DeviceResumed  driver_usbvcp.o
    0x08004fb4   0x08004fb4   0x0000000c   Code   RO         1205    i.USBD_USR_DeviceSuspended  driver_usbvcp.o
    0x08004fc0   0x08004fc0   0x00000002   Code   RO         1206    i.USBD_USR_Init     driver_usbvcp.o
    0x08004fc2   0x08004fc2   0x00000002   PAD
    0x08004fc4   0x08004fc4   0x00000024   Code   RO         1207    i.USBD_USR_InterfaceStrDescriptor  driver_usbvcp.o
    0x08004fe8   0x08004fe8   0x0000000c   Code   RO         1208    i.USBD_USR_LangIDStrDescriptor  driver_usbvcp.o
    0x08004ff4   0x08004ff4   0x00000028   Code   RO         1209    i.USBD_USR_ManufacturerStrDescriptor  driver_usbvcp.o
    0x0800501c   0x0800501c   0x00000064   Code   RO         1210    i.USBD_USR_ProductStrDescriptor  driver_usbvcp.o
    0x08005080   0x08005080   0x00000084   Code   RO         1211    i.USBD_USR_SerialStrDescriptor  driver_usbvcp.o
    0x08005104   0x08005104   0x0000000c   Code   RO         1212    i.USBD_cdc_GetCfgDesc  driver_usbvcp.o
    0x08005110   0x08005110   0x00000030   Code   RO         1213    i.USB_OTG_BSP_EnableInterrupt  driver_usbvcp.o
    0x08005140   0x08005140   0x00000068   Code   RO         1214    i.USB_OTG_BSP_Init  driver_usbvcp.o
    0x080051a8   0x080051a8   0x00000028   Code   RO         1215    i.USB_OTG_BSP_mDelay  driver_usbvcp.o
    0x080051d0   0x080051d0   0x00000024   Code   RO         1216    i.USB_OTG_BSP_uDelay  driver_usbvcp.o
    0x080051f4   0x080051f4   0x0000011c   Code   RO         6716    i.USB_OTG_CoreInit  usb_core.o
    0x08005310   0x08005310   0x000001d4   Code   RO         6717    i.USB_OTG_CoreInitDev  usb_core.o
    0x080054e4   0x080054e4   0x00000010   Code   RO         6718    i.USB_OTG_DisableGlobalInt  usb_core.o
    0x080054f4   0x080054f4   0x0000003e   Code   RO         6719    i.USB_OTG_EP0Activate  usb_core.o
    0x08005532   0x08005532   0x000000c0   Code   RO         6720    i.USB_OTG_EP0StartXfer  usb_core.o
    0x080055f2   0x080055f2   0x00000002   PAD
    0x080055f4   0x080055f4   0x00000028   Code   RO         6721    i.USB_OTG_EP0_OutStart  usb_core.o
    0x0800561c   0x0800561c   0x0000005e   Code   RO         6722    i.USB_OTG_EPActivate  usb_core.o
    0x0800567a   0x0800567a   0x0000002e   Code   RO         6723    i.USB_OTG_EPClearStall  usb_core.o
    0x080056a8   0x080056a8   0x00000040   Code   RO         6724    i.USB_OTG_EPDeactivate  usb_core.o
    0x080056e8   0x080056e8   0x00000032   Code   RO         6725    i.USB_OTG_EPSetStall  usb_core.o
    0x0800571a   0x0800571a   0x00000002   PAD
    0x0800571c   0x0800571c   0x00000168   Code   RO         6726    i.USB_OTG_EPStartXfer  usb_core.o
    0x08005884   0x08005884   0x00000010   Code   RO         6728    i.USB_OTG_EnableGlobalInt  usb_core.o
    0x08005894   0x08005894   0x00000048   Code   RO         6730    i.USB_OTG_FlushTxFifo  usb_core.o
    0x080058dc   0x080058dc   0x00000020   Code   RO         6731    i.USB_OTG_GetDeviceSpeed  usb_core.o
    0x080058fc   0x080058fc   0x00000010   Code   RO         6735    i.USB_OTG_IsDeviceMode  usb_core.o
    0x0800590c   0x0800590c   0x0000000a   Code   RO         6737    i.USB_OTG_ReadCoreItr  usb_core.o
    0x08005916   0x08005916   0x0000000c   Code   RO         6738    i.USB_OTG_ReadDevAllInEPItr  usb_core.o
    0x08005922   0x08005922   0x0000000c   Code   RO         6739    i.USB_OTG_ReadDevAllOutEp_itr  usb_core.o
    0x0800592e   0x0800592e   0x00000010   Code   RO         6740    i.USB_OTG_ReadDevOutEP_itr  usb_core.o
    0x0800593e   0x0800593e   0x00000036   Code   RO         6742    i.USB_OTG_ReadPacket  usb_core.o
    0x08005974   0x08005974   0x00000120   Code   RO         6743    i.USB_OTG_SelectCore  usb_core.o
    0x08005a94   0x08005a94   0x0000002a   Code   RO         6744    i.USB_OTG_SetCurrentMode  usb_core.o
    0x08005abe   0x08005abe   0x00000002   PAD
    0x08005ac0   0x08005ac0   0x00000056   Code   RO         6748    i.USB_OTG_WritePacket  usb_core.o
    0x08005b16   0x08005b16   0x00000002   Code   RO         5479    i.UsageFault_Handler  stm32f4xx_it.o
    0x08005b18   0x08005b18   0x00000004   Code   RO         1217    i.VCP_Ctrl          driver_usbvcp.o
    0x08005b1c   0x08005b1c   0x0000000a   Code   RO         1218    i.VCP_DataRx        driver_usbvcp.o
    0x08005b26   0x08005b26   0x00000004   Code   RO         1219    i.VCP_DataTx        driver_usbvcp.o
    0x08005b2a   0x08005b2a   0x00000004   Code   RO         1220    i.VCP_DeInit        driver_usbvcp.o
    0x08005b2e   0x08005b2e   0x00000004   Code   RO         1221    i.VCP_Init          driver_usbvcp.o
    0x08005b32   0x08005b32   0x00000002   Code   RO         2368    i.WWDG_IRQHandler   bsp_watchdog.o
    0x08005b34   0x08005b34   0x00000020   Code   RO         8757    i.__0printf         mc_w.l(printfa.o)
    0x08005b54   0x08005b54   0x0000002c   Code   RO         8762    i.__0vsnprintf      mc_w.l(printfa.o)
    0x08005b80   0x08005b80   0x00000024   Code   RO         8763    i.__0vsprintf       mc_w.l(printfa.o)
    0x08005ba4   0x08005ba4   0x0000000e   Code   RO         8919    i.__scatterload_copy  mc_w.l(handlers.o)
    0x08005bb2   0x08005bb2   0x00000002   Code   RO         8920    i.__scatterload_null  mc_w.l(handlers.o)
    0x08005bb4   0x08005bb4   0x0000000e   Code   RO         8921    i.__scatterload_zeroinit  mc_w.l(handlers.o)
    0x08005bc2   0x08005bc2   0x00000002   PAD
    0x08005bc4   0x08005bc4   0x00000184   Code   RO         8764    i._fp_digits        mc_w.l(printfa.o)
    0x08005d48   0x08005d48   0x0000000e   Code   RO         8817    i._is_digit         mc_w.l(scanf_fp.o)
    0x08005d56   0x08005d56   0x00000002   PAD
    0x08005d58   0x08005d58   0x000006dc   Code   RO         8765    i._printf_core      mc_w.l(printfa.o)
    0x08006434   0x08006434   0x00000024   Code   RO         8766    i._printf_post_padding  mc_w.l(printfa.o)
    0x08006458   0x08006458   0x0000002e   Code   RO         8767    i._printf_pre_padding  mc_w.l(printfa.o)
    0x08006486   0x08006486   0x00000016   Code   RO         8768    i._snputc           mc_w.l(printfa.o)
    0x0800649c   0x0800649c   0x0000000a   Code   RO         8769    i._sputc            mc_w.l(printfa.o)
    0x080064a6   0x080064a6   0x00000002   PAD
    0x080064a8   0x080064a8   0x00000068   Code   RO            4    i.appInit           app_init.o
    0x08006510   0x08006510   0x00000034   Code   RO         7843    i.aqCalloc          util.o
    0x08006544   0x08006544   0x00000020   Code   RO         7845    i.aqFree            util.o
    0x08006564   0x08006564   0x0000003c   Code   RO         2781    i.cigan_Init        cigan.o
    0x080065a0   0x080065a0   0x0000001c   Code   RO         1032    i.clockCountInit    driver_clockcount.o
    0x080065bc   0x080065bc   0x000000c4   Code   RO         8044    i.configFlashWrite  config.o
    0x08006680   0x08006680   0x00000150   Code   RO         8045    i.configInit        config.o
    0x080067d0   0x080067d0   0x0000016c   Code   RO         8046    i.configLoadDefault  config.o
    0x0800693c   0x0800693c   0x00000038   Code   RO          402    i.controlInit       control.o
    0x08006974   0x08006974   0x00000038   Code   RO          403    i.controlUpdateTask  control.o
    0x080069ac   0x080069ac   0x0000001c   Code   RO         7849    i.delay_ms          util.o
    0x080069c8   0x080069c8   0x00000056   Code   RO         8122    i.flashAddress      driver_flash.o
    0x08006a1e   0x08006a1e   0x00000002   PAD
    0x08006a20   0x08006a20   0x000001d0   Code   RO         8123    i.flashErase        driver_flash.o
    0x08006bf0   0x08006bf0   0x00000008   Code   RO         8125    i.flashStartAddr    driver_flash.o
    0x08006bf8   0x08006bf8   0x00000024   Code   RO         2519    i.fputc             usartx.o
    0x08006c1c   0x08006c1c   0x00000050   Code   RO         8785    i.free              mc_w.l(malloc.o)
    0x08006c6c   0x08006c6c   0x00000008   Code   RO          570    i.getsupervisorData  supervisor.o
    0x08006c74   0x08006c74   0x00000004   PAD
    0x08006c78   0x08006c78   0x000001d0   Code   RO          670    i.lcdGlobalInit     lcd.o
    0x08006e48   0x08006e48   0x00000040   Code   RO          671    i.lcdUpdateTask     lcd.o
    0x08006e88   0x08006e88   0x00000048   Code   RO          539    i.main              main.o
    0x08006ed0   0x08006ed0   0x0000006c   Code   RO         8786    i.malloc            mc_w.l(malloc.o)
    0x08006f3c   0x08006f3c   0x00000470   Code   RO          855    i.odrivelUpdateTask  odrive.o
    0x080073ac   0x080073ac   0x00000074   Code   RO         6289    i.prvAddCurrentTaskToDelayedList  tasks.o
    0x08007420   0x08007420   0x00000068   Code   RO         6290    i.prvIdleTask       tasks.o
    0x08007488   0x08007488   0x000000cc   Code   RO         6610    i.prvSampleTimeNow  timers.o
    0x08007554   0x08007554   0x0000002c   Code   RO         5884    i.prvTaskExitError  port.o
    0x08007580   0x08007580   0x000002bc   Code   RO         6611    i.prvTimerTask      timers.o
    0x0800783c   0x0800783c   0x0000006c   Code   RO         6115    i.prvUnlockQueue    queue.o
    0x080078a8   0x080078a8   0x00000184   Code   RO         5959    i.pvPortMalloc      heap_4.o
    0x08007a2c   0x08007a2c   0x0000002c   Code   RO         5885    i.pxPortInitialiseStack  port.o
    0x08007a58   0x08007a58   0x00000038   Code   RO         2520    i.u1_SendArray      usartx.o
    0x08007a90   0x08007a90   0x000000b8   Code   RO         2524    i.uart1_init        usartx.o
    0x08007b48   0x08007b48   0x00000002   Code   RO         1222    i.usbVCP_DataRX_Handle  driver_usbvcp.o
    0x08007b4a   0x08007b4a   0x00000002   PAD
    0x08007b4c   0x08007b4c   0x00000020   Code   RO         1223    i.usbVCP_Init       driver_usbvcp.o
    0x08007b6c   0x08007b6c   0x00000050   Code   RO         1224    i.usbVCP_Printf     driver_usbvcp.o
    0x08007bbc   0x08007bbc   0x00000070   Code   RO         1228    i.usbd_cdc_DataIn   driver_usbvcp.o
    0x08007c2c   0x08007c2c   0x00000034   Code   RO         1229    i.usbd_cdc_DataOut  driver_usbvcp.o
    0x08007c60   0x08007c60   0x00000028   Code   RO         1230    i.usbd_cdc_DeInit   driver_usbvcp.o
    0x08007c88   0x08007c88   0x00000024   Code   RO         1231    i.usbd_cdc_EP0_RxReady  driver_usbvcp.o
    0x08007cac   0x08007cac   0x00000050   Code   RO         1232    i.usbd_cdc_Init     driver_usbvcp.o
    0x08007cfc   0x08007cfc   0x00000084   Code   RO         1233    i.usbd_cdc_SOF      driver_usbvcp.o
    0x08007d80   0x08007d80   0x000000a0   Code   RO         1234    i.usbd_cdc_Setup    driver_usbvcp.o
    0x08007e20   0x08007e20   0x00000026   Code   RO         5846    i.uxListRemove      list.o
    0x08007e46   0x08007e46   0x00000002   Code   RO         7798    i.vApplicationIdleHook  cpu_utils.o
    0x08007e48   0x08007e48   0x00000002   Code   RO         7800    i.vApplicationStackOverflowHook  cpu_utils.o
    0x08007e4a   0x08007e4a   0x00000016   Code   RO         5847    i.vListInitialise   list.o
    0x08007e60   0x08007e60   0x00000006   Code   RO         5848    i.vListInitialiseItem  list.o
    0x08007e66   0x08007e66   0x00000002   PAD
    0x08007e68   0x08007e68   0x0000003a   Code   RO         5849    i.vListInsert       list.o
    0x08007ea2   0x08007ea2   0x00000018   Code   RO         5850    i.vListInsertEnd    list.o
    0x08007eba   0x08007eba   0x00000002   PAD
    0x08007ebc   0x08007ebc   0x00000040   Code   RO         5887    i.vPortEnterCritical  port.o
    0x08007efc   0x08007efc   0x0000002c   Code   RO         5888    i.vPortExitCritical  port.o
    0x08007f28   0x08007f28   0x000000a4   Code   RO         5960    i.vPortFree         heap_4.o
    0x08007fcc   0x08007fcc   0x00000054   Code   RO         5890    i.vPortValidateInterruptPriority  port.o
    0x08008020   0x08008020   0x00000028   Code   RO         6121    i.vQueueAddToRegistry  queue.o
    0x08008048   0x08008048   0x0000004a   Code   RO         6125    i.vQueueWaitForMessageRestricted  queue.o
    0x08008092   0x08008092   0x00000002   PAD
    0x08008094   0x08008094   0x00000090   Code   RO         6302    i.vTaskDelayUntil   tasks.o
    0x08008124   0x08008124   0x000000d4   Code   RO         6303    i.vTaskDelete       tasks.o
    0x080081f8   0x080081f8   0x00000010   Code   RO         6307    i.vTaskInternalSetTimeOutState  tasks.o
    0x08008208   0x08008208   0x0000000c   Code   RO         6309    i.vTaskMissedYield  tasks.o
    0x08008214   0x08008214   0x00000034   Code   RO         6311    i.vTaskPlaceOnEventList  tasks.o
    0x08008248   0x08008248   0x0000003c   Code   RO         6312    i.vTaskPlaceOnEventListRestricted  tasks.o
    0x08008284   0x08008284   0x00000080   Code   RO         6320    i.vTaskStartScheduler  tasks.o
    0x08008304   0x08008304   0x00000010   Code   RO         6322    i.vTaskSuspendAll   tasks.o
    0x08008314   0x08008314   0x00000094   Code   RO         6323    i.vTaskSwitchContext  tasks.o
    0x080083a8   0x080083a8   0x00000238   Code   RO         2716    i.vofa_sendData     vofa.o
    0x080085e0   0x080085e0   0x0000001a   Code   RO         6017    i.xEventGroupCreate  event_groups.o
    0x080085fa   0x080085fa   0x00000002   PAD
    0x080085fc   0x080085fc   0x00000124   Code   RO         5891    i.xPortStartScheduler  port.o
    0x08008720   0x08008720   0x0000008e   Code   RO         6128    i.xQueueGenericCreate  queue.o
    0x080087ae   0x080087ae   0x00000002   PAD
    0x080087b0   0x080087b0   0x000001d4   Code   RO         6130    i.xQueueGenericSend  queue.o
    0x08008984   0x08008984   0x0000011a   Code   RO         6131    i.xQueueGenericSendFromISR  queue.o
    0x08008a9e   0x08008a9e   0x00000002   PAD
    0x08008aa0   0x08008aa0   0x00000158   Code   RO         6138    i.xQueueReceive     queue.o
    0x08008bf8   0x08008bf8   0x00000080   Code   RO         6324    i.xTaskCheckForTimeOut  tasks.o
    0x08008c78   0x08008c78   0x0000018c   Code   RO         6325    i.xTaskCreate       tasks.o
    0x08008e04   0x08008e04   0x0000001c   Code   RO         6329    i.xTaskGetSchedulerState  tasks.o
    0x08008e20   0x08008e20   0x0000000c   Code   RO         6330    i.xTaskGetTickCount  tasks.o
    0x08008e2c   0x08008e2c   0x000000ec   Code   RO         6332    i.xTaskIncrementTick  tasks.o
    0x08008f18   0x08008f18   0x0000009c   Code   RO         6335    i.xTaskPriorityDisinherit  tasks.o
    0x08008fb4   0x08008fb4   0x00000078   Code   RO         6337    i.xTaskRemoveFromEventList  tasks.o
    0x0800902c   0x0800902c   0x000001c0   Code   RO         6338    i.xTaskResumeAll    tasks.o
    0x080091ec   0x080091ec   0x00000090   Code   RO         6617    i.xTimerCreateTimerTask  timers.o
    0x0800927c   0x0800927c   0x00000078   Code   RO         6618    i.xTimerGenericCommand  timers.o
    0x080092f4   0x080092f4   0x0000391c   Data   RO          674    .constdata          lcd.o
    0x0800cc10   0x0800cc10   0x0000000e   Data   RO         1911    .constdata          bsp_can.o
    0x0800cc1e   0x0800cc1e   0x0000000e   Data   RO         1912    .constdata          bsp_can.o
    0x0800cc2c   0x0800cc2c   0x00000008   Data   RO         2034    .constdata          bsp_gpio.o
    0x0800cc34   0x0800cc34   0x00000008   Data   RO         2035    .constdata          bsp_gpio.o
    0x0800cc3c   0x0800cc3c   0x00000008   Data   RO         2054    .constdata          bsp_gpio.o
    0x0800cc44   0x0800cc44   0x00000008   Data   RO         2055    .constdata          bsp_gpio.o
    0x0800cc4c   0x0800cc4c   0x00000008   Data   RO         2072    .constdata          bsp_gpio.o
    0x0800cc54   0x0800cc54   0x00000008   Data   RO         2073    .constdata          bsp_gpio.o
    0x0800cc5c   0x0800cc5c   0x00000008   Data   RO         2074    .constdata          bsp_gpio.o
    0x0800cc64   0x0800cc64   0x00000008   Data   RO         2075    .constdata          bsp_gpio.o
    0x0800cc6c   0x0800cc6c   0x00000008   Data   RO         2076    .constdata          bsp_gpio.o
    0x0800cc74   0x0800cc74   0x00000040   Data   RO         8915    .constdata          mc_w.l(ctype_c.o)
    0x0800ccb4   0x0800ccb4   0x00000020   Data   RO         8917    Region$$Table       anon$$obj.o


    Execution Region ER_RW (Exec base: 0x20000000, Load base: 0x0800ccd4, Size: 0x0000026c, Max: 0xffffffff, ABSOLUTE, COMPRESSED[0x000000f8])

    Exec Addr    Load Addr    Size         Type   Attr      Idx    E Section Name        Object

    0x20000000   COMPRESSED   0x00000004   Data   RW            5    .data               app_init.o
    0x20000004   COMPRESSED   0x00000004   Data   RW          406    .data               control.o
    0x20000008   COMPRESSED   0x00000004   Data   RW          407    .data               control.o
    0x2000000c   COMPRESSED   0x00000004   Data   RW          409    .data               control.o
    0x20000010   COMPRESSED   0x00000004   Data   RW          410    .data               control.o
    0x20000014   COMPRESSED   0x00000004   Data   RW          411    .data               control.o
    0x20000018   COMPRESSED   0x00000004   Data   RW          540    .data               main.o
    0x2000001c   COMPRESSED   0x00000004   Data   RW          679    .data               lcd.o
    0x20000020   COMPRESSED   0x0000000c   Data   RW          858    .data               odrive.o
    0x2000002c   COMPRESSED   0x00000004   Data   RW         1033    .data               driver_clockcount.o
    0x20000030   COMPRESSED   0x00000114   Data   RW         1237    .data               driver_usbvcp.o
    0x20000144   COMPRESSED   0x00000030   Data   RW         1843    .data               jy60.o
    0x20000174   COMPRESSED   0x0000000c   Data   RW         2535    .data               usartx.o
    0x20000180   COMPRESSED   0x00000004   Data   RW         2536    .data               usartx.o
    0x20000184   COMPRESSED   0x00000010   Data   RW         3322    .data               stm32f4xx_rcc.o
    0x20000194   COMPRESSED   0x0000000c   Data   RW         5892    .data               port.o
    0x200001a0   COMPRESSED   0x00000018   Data   RW         5965    .data               heap_4.o
    0x200001b8   COMPRESSED   0x00000044   Data   RW         6341    .data               tasks.o
    0x200001fc   COMPRESSED   0x00000014   Data   RW         6626    .data               timers.o
    0x20000210   COMPRESSED   0x0000002c   Data   RW         7082    .data               usbd_core.o
    0x2000023c   COMPRESSED   0x00000004   Data   RW         7083    .data               usbd_core.o
    0x20000240   COMPRESSED   0x00000004   Data   RW         7084    .data               usbd_core.o
    0x20000244   COMPRESSED   0x00000010   Data   RW         7242    .data               usbd_req.o
    0x20000254   COMPRESSED   0x00000010   Data   RW         7866    .data               util.o
    0x20000264   COMPRESSED   0x00000004   Data   RW         8882    .data               mc_w.l(mvars.o)
    0x20000268   COMPRESSED   0x00000004   Data   RW         8883    .data               mc_w.l(mvars.o)


    Execution Region ER_ZI (Exec base: 0x2000026c, Load base: 0x0800cdcc, Size: 0x00013d64, Max: 0xffffffff, ABSOLUTE)

    Exec Addr    Load Addr    Size         Type   Attr      Idx    E Section Name        Object

    0x2000026c        -       0x0000000c   Zero   RW          405    .bss                control.o
    0x20000278        -       0x00000011   Zero   RW          491    .bss                clockcount.o
    0x20000289        -       0x00000049   Zero   RW          578    .bss                supervisor.o
    0x200002d2        -       0x00000009   Zero   RW          673    .bss                lcd.o
    0x200002db   0x0800cdcc   0x00000001   PAD
    0x200002dc        -       0x0000012c   Zero   RW          857    .bss                odrive.o
    0x20000408        -       0x00000f34   Zero   RW         1236    .bss                driver_usbvcp.o
    0x2000133c        -       0x000000fa   Zero   RW         1842    .bss                jy60.o
    0x20001436        -       0x00000388   Zero   RW         2532    .bss                usartx.o
    0x200017be        -       0x0000f000   Zero   RW         5964    .bss                heap_4.o
    0x200107be   0x0800cdcc   0x00000002   PAD
    0x200107c0        -       0x00000040   Zero   RW         6142    .bss                queue.o
    0x20010800        -       0x000001a4   Zero   RW         6340    .bss                tasks.o
    0x200109a4        -       0x00000028   Zero   RW         6625    .bss                timers.o
    0x200109cc   0x0800cdcc   0x00000004   PAD
    0x200109d0        -       0x00003200   Zero   RW         7998    HEAP                startup_stm32f427xx.o
    0x20013bd0        -       0x00000400   Zero   RW         7997    STACK               startup_stm32f427xx.o



  Load Region LR$$.ARM.__AT_0x10006000 (Base: 0x10006000, Size: 0x00000000, Max: 0x000000dc, ABSOLUTE)

    Execution Region ER$$.ARM.__AT_0x10006000 (Exec base: 0x10006000, Load base: 0x10006000, Size: 0x000000dc, Max: 0x000000dc, ABSOLUTE, UNINIT)

    Exec Addr    Load Addr    Size         Type   Attr      Idx    E Section Name        Object

    0x10006000        -       0x000000dc   Zero   RW         8052    .ARM.__AT_0x10006000  config.o


==============================================================================

Image component sizes


      Code (inc. data)   RO Data    RW Data    ZI Data      Debug   Object Name

       104         36          0          4          0     361162   app_init.o
       264         12         28          0          0      18216   bsp_can.o
         0          0          0          0          0      15468   bsp_exit.o
       408          0         72          0          0      19201   bsp_gpio.o
       536          0          0          0          0       3258   bsp_timer.o
         2          0          0          0          0        438   bsp_watchdog.o
        60          4          0          0          0        529   cigan.o
         0          0          0          0         17       2113   clockcount.o
       896        174          0          0        220       6911   config.o
       112         24          0         20         12       3113   control.o
         4          0          0          0          0        967   cpu_utils.o
        28          8          0          4          0       1358   driver_clockcount.o
       558         10          0          0          0       3213   driver_flash.o
      1304         38          0          0          0       7178   driver_lcd.o
      1432        288          0        276       3892      27975   driver_usbvcp.o
        26          0          0          0          0      10170   event_groups.o
       552         22          0         24      61440      11579   heap_4.o
       370         40          0          0          0       3571   isp_exit.o
         6          0          0          0          0       1302   isp_spi.o
       336         44          0          0          0       5758   isp_tim.o
       100          8          0         48        250       1979   jy60.o
      2208        220      14620          4          9      11236   lcd.o
       148          0          0          0          0       3078   list.o
        72         32          0          4          0       1015   main.o
       132         12          0          0          0       1703   misc.o
      3540        164          0         12        300      15399   odrive.o
       806         90          0         12          0      10849   port.o
      1458         14          0          0         64      11678   queue.o
        36          8        428          0      13824        848   startup_stm32f427xx.o
      1478         52          0          0          0      10099   stm32f4xx_can.o
        44         16          0          0          0       1801   stm32f4xx_exti.o
       448         50          0          0          0       5849   stm32f4xx_flash.o
       196          0          0          0          0       3091   stm32f4xx_gpio.o
        30          6          0          0          0       3097   stm32f4xx_it.o
       264         42          0         16          0       5736   stm32f4xx_rcc.o
       196          8          0          0          0       5637   stm32f4xx_tim.o
       370          4          0          0          0       6447   stm32f4xx_usart.o
         8          4          0          0         73       1416   supervisor.o
       260         36          0          0          0       1277   system_stm32f4xx.o
      2532        202          0         68        420      21127   tasks.o
      1168         64          0         20         40       8751   timers.o
      1128        242          0         16        904       8871   usartx.o
      2332         30          0          0          0      39270   usb_core.o
       526          0          0          0          0       6092   usb_dcd.o
      1544         80          0          0          0       5367   usb_dcd_int.o
       634          6          0         52          0      10290   usbd_core.o
       168          0          0          0          0       4516   usbd_ioreq.o
      1316         54          0         16          0       7680   usbd_req.o
       112         10          0         16          0       5187   util.o
       568          6          0          0          0       2662   vofa.o

    ----------------------------------------------------------------------
     30868       2164      15180        612      81472     725528   Object Totals
         0          0         32          0          0          0   (incl. Generated)
        48          4          0          0          7          0   (incl. Padding)

    ----------------------------------------------------------------------

      Code (inc. data)   RO Data    RW Data    ZI Data      Debug   Library Member Name

        56          8          0          0          0         84   __0sscanf.o
        86          0          0          0          0          0   __dczerorl2.o
       812          4          0          0          0        112   _scanf.o
        64          0          0          0          0         84   _sgetc.o
        40          6         64          0          0         68   ctype_c.o
         0          0          0          0          0          0   entry.o
         0          0          0          0          0          0   entry10a.o
         0          0          0          0          0          0   entry11a.o
         8          4          0          0          0          0   entry2.o
         4          0          0          0          0          0   entry5.o
         0          0          0          0          0          0   entry7b.o
         0          0          0          0          0          0   entry8b.o
         8          4          0          0          0          0   entry9a.o
        30          0          0          0          0          0   handlers.o
        36          8          0          0          0         68   init.o
        10          0          0          0          0         68   isspace_c.o
         0          0          0          0          0          0   iusefp.o
        30          0          0          0          0         68   llshl.o
        36          0          0          0          0         68   llsshr.o
        32          0          0          0          0         68   llushr.o
       188         20          0          0          0        160   malloc.o
        36          0          0          0          0         68   memcpya.o
        36          0          0          0          0        108   memseta.o
         0          0          0          8          0          0   mvars.o
      2370        100          0          0          0        748   printfa.o
        40          8          0          0          0         84   scanf_char.o
       878         12          0          0          0        216   scanf_fp.o
        30          0          0          0          0         80   strncmp.o
        44          0          0          0          0         80   uidiv.o
        98          0          0          0          0         92   uldiv.o
        48          0          0          0          0         68   cdrcmple.o
        56          0          0          0          0         88   d2f.o
       334          0          0          0          0        148   dadd.o
       222          0          0          0          0        100   ddiv.o
       186          0          0          0          0        176   depilogue.o
        50          0          0          0          0         76   dfixui.o
        48          0          0          0          0         68   dfixul.o
        34          0          0          0          0         76   dflti.o
        24          0          0          0          0         76   dfltul.o
       228          0          0          0          0         96   dmul.o
       110          0          0          0          0        168   fepilogue.o

    ----------------------------------------------------------------------
      6324        174         64          8          0       3464   Library Totals
        12          0          0          0          0          0   (incl. Padding)

    ----------------------------------------------------------------------

      Code (inc. data)   RO Data    RW Data    ZI Data      Debug   Library Name

      4972        174         64          8          0       2324   mc_w.l
      1340          0          0          0          0       1140   mf_w.l

    ----------------------------------------------------------------------
      6324        174         64          8          0       3464   Library Totals

    ----------------------------------------------------------------------

==============================================================================


      Code (inc. data)   RO Data    RW Data    ZI Data      Debug   

     37192       2338      15244        620      81472     701704   Grand Totals
     37192       2338      15244        248      81472     701704   ELF Image Totals (compressed)
     37192       2338      15244        248          0          0   ROM Totals

==============================================================================

    Total RO  Size (Code + RO Data)                52436 (  51.21kB)
    Total RW  Size (RW Data + ZI Data)             82092 (  80.17kB)
    Total ROM Size (Code + RO Data + RW Data)      52684 (  51.45kB)

==============================================================================

