Component: ARM Compiler 5.06 update 6 (build 750) Tool: armlink [4d35ed]

==============================================================================

Section Cross References

    app_init.o(i.appInit) refers to misc.o(i.NVIC_PriorityGroupConfig) for NVIC_PriorityGroupConfig
    app_init.o(i.appInit) refers to event_groups.o(i.xEventGroupCreate) for xEventGroupCreate
    app_init.o(i.appInit) refers to config.o(i.configInit) for configInit
    app_init.o(i.appInit) refers to odrive.o(i.OdriveInit) for OdriveInit
    app_init.o(i.appInit) refers to control.o(i.controlInit) for controlInit
    app_init.o(i.appInit) refers to xhc_task.o(i.XHCDataInit) for XHCDataInit
    app_init.o(i.appInit) refers to can2_task.o(i.CAN2DataInit) for CAN2DataInit
    app_init.o(i.appInit) refers to balance.o(i.balanceInit) for balanceInit
    app_init.o(i.appInit) refers to tasks.o(i.vTaskDelete) for vTaskDelete
    app_init.o(i.appInit) refers to app_init.o(.data) for .data
    app_init.o(i.appInit) refers to driver_clockcount.o(.data) for clockClass
    control.o(i.congtrolGlobalInit) refers to usartx.o(i.uart1_init) for uart1_init
    control.o(i.controlInit) refers to tasks.o(i.xTaskCreate) for xTaskCreate
    control.o(i.controlInit) refers to supervisor.o(i.getsupervisorData) for getsupervisorData
    control.o(i.controlInit) refers to control.o(.bss) for .bss
    control.o(i.controlInit) refers to control.o(i.controlUpdateTask) for controlUpdateTask
    control.o(i.controlUpdateTask) refers to tasks.o(i.xTaskGetTickCount) for xTaskGetTickCount
    control.o(i.controlUpdateTask) refers to tasks.o(i.vTaskDelayUntil) for vTaskDelayUntil
    control.o(i.controlUpdateTask) refers to usartx.o(i.uart1_init) for uart1_init
    control.o(i.controlUpdateTask) refers to state.o(i.CanSendDataTask) for CanSendDataTask
    control.o(i.controlUpdateTask) refers to control.o(.bss) for .bss
    control.o(i.getcontrolData) refers to control.o(.bss) for .bss
    clockcount.o(i.getClockCount) refers to dfltui.o(.text) for __aeabi_ui2d
    clockcount.o(i.getClockCount) refers to dmul.o(.text) for __aeabi_dmul
    clockcount.o(i.getClockCount) refers to clockcount.o(.bss) for .bss
    odrive.o(i.CAN2_RX0_IRQHandler) refers to stm32f4xx_can.o(i.CAN_GetITStatus) for CAN_GetITStatus
    odrive.o(i.CAN2_RX0_IRQHandler) refers to stm32f4xx_can.o(i.CAN_ClearITPendingBit) for CAN_ClearITPendingBit
    odrive.o(i.CAN2_RX0_IRQHandler) refers to stm32f4xx_can.o(i.CAN_ClearFlag) for CAN_ClearFlag
    odrive.o(i.CAN2_RX0_IRQHandler) refers to stm32f4xx_can.o(i.CAN_Receive) for CAN_Receive
    odrive.o(i.CAN2_RX0_IRQHandler) refers to odrive.o(.data) for .data
    odrive.o(i.CAN2_RX0_IRQHandler) refers to odrive.o(.bss) for .bss
    odrive.o(i.CAN2_TX_IRQHandler) refers to stm32f4xx_can.o(i.CAN_GetITStatus) for CAN_GetITStatus
    odrive.o(i.CAN2_TX_IRQHandler) refers to stm32f4xx_can.o(i.CAN_ClearITPendingBit) for CAN_ClearITPendingBit
    odrive.o(i.ODChangePos_gain) refers to odrive.o(i.OdriveSendData) for OdriveSendData
    odrive.o(i.ODChangePos_gain) refers to odrive.o(.bss) for .bss
    odrive.o(i.ODChangeVel_gain) refers to odrive.o(i.ODSendVel_gainsData) for ODSendVel_gainsData
    odrive.o(i.ODChangeVel_gain) refers to odrive.o(.bss) for .bss
    odrive.o(i.ODClearError) refers to odrive.o(i.OdriveSend_RemoteCmd) for OdriveSend_RemoteCmd
    odrive.o(i.ODClearError) refers to odrive.o(.bss) for .bss
    odrive.o(i.ODFlashSave) refers to odrive.o(i.OdriveSend_RemoteCmd) for OdriveSend_RemoteCmd
    odrive.o(i.ODFlashSave) refers to odrive.o(.bss) for .bss
    odrive.o(i.ODRESET_ODRIVE) refers to odrive.o(i.OdriveSend_RemoteCmd) for OdriveSend_RemoteCmd
    odrive.o(i.ODRESET_ODRIVE) refers to odrive.o(.bss) for .bss
    odrive.o(i.ODRequestedState) refers to odrive.o(i.ODSET_CONTROL_MODE) for ODSET_CONTROL_MODE
    odrive.o(i.ODRequestedState) refers to odrive.o(.bss) for .bss
    odrive.o(i.ODSET_CONTROL_MODE) refers to odrive.o(i.OdriveSendData) for OdriveSendData
    odrive.o(i.ODSendInputCurData) refers to odrive.o(i.OdriveSendData) for OdriveSendData
    odrive.o(i.ODSendInputPosData) refers to odrive.o(i.OdriveSendData) for OdriveSendData
    odrive.o(i.ODSendInputVelData) refers to odrive.o(i.OdriveSendData) for OdriveSendData
    odrive.o(i.ODSendLimitData) refers to odrive.o(i.OdriveSendData) for OdriveSendData
    odrive.o(i.ODSendPos_gainData) refers to odrive.o(i.OdriveSendData) for OdriveSendData
    odrive.o(i.ODSendVel_gainsData) refers to odrive.o(i.OdriveSendData) for OdriveSendData
    odrive.o(i.ODSetLimit) refers to odrive.o(i.ODSendLimitData) for ODSendLimitData
    odrive.o(i.ODSetLimit) refers to odrive.o(.bss) for .bss
    odrive.o(i.ODSetMotorState) refers to odrive.o(i.OdriveSendData) for OdriveSendData
    odrive.o(i.ODSetMotorState) refers to odrive.o(.bss) for .bss
    odrive.o(i.OdriveGlobalInit) refers to bsp_can.o(i.BSP_CAN_Mode_Init) for BSP_CAN_Mode_Init
[...]
    XHCDataInit                              0x080087dd   Thumb Code    38  xhc_task.o(i.XHCDataInit)
    XHC_TaskUpdateTask                       0x08008819   Thumb Code   180  xhc_task.o(i.XHC_TaskUpdateTask)
    __0printf                                0x080088e9   Thumb Code    22  printfa.o(i.__0printf)
    __1printf                                0x080088e9   Thumb Code     0  printfa.o(i.__0printf)
    __2printf                                0x080088e9   Thumb Code     0  printfa.o(i.__0printf)
    __c89printf                              0x080088e9   Thumb Code     0  printfa.o(i.__0printf)
    printf                                   0x080088e9   Thumb Code     0  printfa.o(i.__0printf)
    __0vsnprintf                             0x08008909   Thumb Code    40  printfa.o(i.__0vsnprintf)
    __1vsnprintf                             0x08008909   Thumb Code     0  printfa.o(i.__0vsnprintf)
    __2vsnprintf                             0x08008909   Thumb Code     0  printfa.o(i.__0vsnprintf)
    __c89vsnprintf                           0x08008909   Thumb Code     0  printfa.o(i.__0vsnprintf)
    vsnprintf                                0x08008909   Thumb Code     0  printfa.o(i.__0vsnprintf)
    __scatterload_copy                       0x08008935   Thumb Code    14  handlers.o(i.__scatterload_copy)
    __scatterload_null                       0x08008943   Thumb Code     2  handlers.o(i.__scatterload_null)
    __scatterload_zeroinit                   0x08008945   Thumb Code    14  handlers.o(i.__scatterload_zeroinit)
    _is_digit                                0x08008ad9   Thumb Code    14  scanf_fp.o(i._is_digit)
    appInit                                  0x0800922d   Thumb Code    62  app_init.o(i.appInit)
    aqCalloc                                 0x08009275   Thumb Code    46  util.o(i.aqCalloc)
    aqFree                                   0x080092a9   Thumb Code    28  util.o(i.aqFree)
    balanceInit                              0x080092c9   Thumb Code    38  balance.o(i.balanceInit)
    balanceUpdateTask                        0x08009301   Thumb Code   366  balance.o(i.balanceUpdateTask)
    configFlashWrite                         0x080094c5   Thumb Code   128  config.o(i.configFlashWrite)
    configInit                               0x08009589   Thumb Code   294  config.o(i.configInit)
    configLoadDefault                        0x080096d9   Thumb Code   300  config.o(i.configLoadDefault)
    controlInit                              0x08009845   Thumb Code    38  control.o(i.controlInit)
    controlUpdateTask                        0x0800987d   Thumb Code    50  control.o(i.controlUpdateTask)
    delay_ms                                 0x080098b5   Thumb Code    28  util.o(i.delay_ms)
    delay_us                                 0x080098d1   Thumb Code    34  util.o(i.delay_us)
    flashAddress                             0x080098f5   Thumb Code    86  driver_flash.o(i.flashAddress)
    flashErase                               0x0800994d   Thumb Code   458  driver_flash.o(i.flashErase)
    flashStartAddr                           0x08009b1d   Thumb Code     4  driver_flash.o(i.flashStartAddr)
    fputc                                    0x08009b25   Thumb Code    30  usartx.o(i.fputc)
    free                                     0x08009b49   Thumb Code    76  malloc.o(i.free)
    getsupervisorData                        0x08009b99   Thumb Code     4  supervisor.o(i.getsupervisorData)
    main                                     0x08009ba1   Thumb Code    40  main.o(i.main)
    malloc                                   0x08009be9   Thumb Code    92  malloc.o(i.malloc)
    max_of_four                              0x08009c55   Thumb Code    44  balance.o(i.max_of_four)
    odrivelUpdateTask                        0x08009c81   Thumb Code  1920  odrive.o(i.odrivelUpdateTask)
    pvPortMalloc                             0x0800a919   Thumb Code   376  heap_4.o(i.pvPortMalloc)
    pxPortInitialiseStack                    0x0800aa9d   Thumb Code    38  port.o(i.pxPortInitialiseStack)
    time2_init                               0x0800aac9   Thumb Code    94  app.o(i.time2_init)
    u1_SendArray                             0x0800ab29   Thumb Code    52  usartx.o(i.u1_SendArray)
    uart1_init                               0x0800ab61   Thumb Code   182  usartx.o(i.uart1_init)
    uart2_init                               0x0800ac21   Thumb Code   198  usartx.o(i.uart2_init)
    uart3_init                               0x0800acf1   Thumb Code   168  usartx.o(i.uart3_init)
    usbVCP_DataRX_Handle                     0x0800ada1   Thumb Code     2  driver_usbvcp.o(i.usbVCP_DataRX_Handle)
    usbVCP_Printf                            0x0800ada5   Thumb Code    70  driver_usbvcp.o(i.usbVCP_Printf)
    usbd_cdc_DataIn                          0x0800adf5   Thumb Code   102  driver_usbvcp.o(i.usbd_cdc_DataIn)
    usbd_cdc_DataOut                         0x0800ae65   Thumb Code    42  driver_usbvcp.o(i.usbd_cdc_DataOut)
    usbd_cdc_DeInit                          0x0800ae99   Thumb Code    36  driver_usbvcp.o(i.usbd_cdc_DeInit)
    usbd_cdc_EP0_RxReady                     0x0800aec1   Thumb Code    30  driver_usbvcp.o(i.usbd_cdc_EP0_RxReady)
    usbd_cdc_Init                            0x0800aee5   Thumb Code    72  driver_usbvcp.o(i.usbd_cdc_Init)
    usbd_cdc_SOF                             0x0800af35   Thumb Code   124  driver_usbvcp.o(i.usbd_cdc_SOF)
    usbd_cdc_Setup                           0x0800afb9   Thumb Code   146  driver_usbvcp.o(i.usbd_cdc_Setup)
    uxListRemove                             0x0800b059   Thumb Code    38  list.o(i.uxListRemove)
    vApplicationIdleHook                     0x0800b07f   Thumb Code     2  cpu_utils.o(i.vApplicationIdleHook)
    vApplicationStackOverflowHook            0x0800b081   Thumb Code     2  cpu_utils.o(i.vApplicationStackOverflowHook)
    vListInitialise                          0x0800b083   Thumb Code    22  list.o(i.vListInitialise)
    vListInitialiseItem                      0x0800b099   Thumb Code     6  list.o(i.vListInitialiseItem)
    vListInsert                              0x0800b0a1   Thumb Code    58  list.o(i.vListInsert)
    vListInsertEnd                           0x0800b0db   Thumb Code    24  list.o(i.vListInsertEnd)
    vPortEnterCritical                       0x0800b0f5   Thumb Code    56  port.o(i.vPortEnterCritical)
    vPortExitCritical                        0x0800b135   Thumb Code    38  port.o(i.vPortExitCritical)
    vPortFree                                0x0800b161   Thumb Code   154  heap_4.o(i.vPortFree)
    vPortValidateInterruptPriority           0x0800b205   Thumb Code    74  port.o(i.vPortValidateInterruptPriority)
    vQueueAddToRegistry                      0x0800b259   Thumb Code    34  queue.o(i.vQueueAddToRegistry)
    vQueueWaitForMessageRestricted           0x0800b281   Thumb Code    74  queue.o(i.vQueueWaitForMessageRestricted)
    vTaskDelayUntil                          0x0800b2cd   Thumb Code   136  tasks.o(i.vTaskDelayUntil)
    vTaskDelete                              0x0800b35d   Thumb Code   194  tasks.o(i.vTaskDelete)
    vTaskInternalSetTimeOutState             0x0800b431   Thumb Code    12  tasks.o(i.vTaskInternalSetTimeOutState)
    vTaskMissedYield                         0x0800b441   Thumb Code     8  tasks.o(i.vTaskMissedYield)
    vTaskPlaceOnEventList                    0x0800b44d   Thumb Code    46  tasks.o(i.vTaskPlaceOnEventList)
    vTaskPlaceOnEventListRestricted          0x0800b481   Thumb Code    54  tasks.o(i.vTaskPlaceOnEventListRestricted)
    vTaskStartScheduler                      0x0800b4bd   Thumb Code   104  tasks.o(i.vTaskStartScheduler)
    vTaskSuspendAll                          0x0800b53d   Thumb Code    10  tasks.o(i.vTaskSuspendAll)
    vTaskSwitchContext                       0x0800b54d   Thumb Code   134  tasks.o(i.vTaskSwitchContext)
    vofa_sendData                            0x0800b5e1   Thumb Code   562  vofa.o(i.vofa_sendData)
    xEventGroupCreate                        0x0800b819   Thumb Code    26  event_groups.o(i.xEventGroupCreate)
    xPortStartScheduler                      0x0800b835   Thumb Code   260  port.o(i.xPortStartScheduler)
    xQueueGenericCreate                      0x0800b959   Thumb Code   142  queue.o(i.xQueueGenericCreate)
    xQueueGenericSend                        0x0800b9e9   Thumb Code   464  queue.o(i.xQueueGenericSend)
    xQueueGenericSendFromISR                 0x0800bbbd   Thumb Code   282  queue.o(i.xQueueGenericSendFromISR)
    xQueueReceive                            0x0800bcd9   Thumb Code   340  queue.o(i.xQueueReceive)
    xTaskCheckForTimeOut                     0x0800be31   Thumb Code   124  tasks.o(i.xTaskCheckForTimeOut)
    xTaskCreate                              0x0800beb1   Thumb Code   364  tasks.o(i.xTaskCreate)
    xTaskGetSchedulerState                   0x0800c03d   Thumb Code    24  tasks.o(i.xTaskGetSchedulerState)
    xTaskGetTickCount                        0x0800c059   Thumb Code     6  tasks.o(i.xTaskGetTickCount)
    xTaskIncrementTick                       0x0800c065   Thumb Code   226  tasks.o(i.xTaskIncrementTick)
    xTaskPriorityDisinherit                  0x0800c151   Thumb Code   146  tasks.o(i.xTaskPriorityDisinherit)
    xTaskRemoveFromEventList                 0x0800c1ed   Thumb Code   106  tasks.o(i.xTaskRemoveFromEventList)
    xTaskResumeAll                           0x0800c265   Thumb Code   436  tasks.o(i.xTaskResumeAll)
    xTimerCreateTimerTask                    0x0800c425   Thumb Code   108  timers.o(i.xTimerCreateTimerTask)
    xTimerGenericCommand                     0x0800c4b5   Thumb Code   116  timers.o(i.xTimerGenericCommand)
    CAN1_FilterInitStructure                 0x0800c52c   Data          14  bsp_can.o(.constdata)
    BSP_GPIOB8_Base                          0x0800c53c   Data           8  bsp_gpio.o(.constdata)
    BSP_GPIOB9_Base                          0x0800c544   Data           8  bsp_gpio.o(.constdata)
    __ctype_categories                       0x0800c54c   Data          64  ctype_c.o(.constdata)
    Region$$Table$$Base                      0x0800c58c   Number         0  anon$$obj.o(Region$$Table)
    Region$$Table$$Limit                     0x0800c5ac   Number         0  anon$$obj.o(Region$$Table)
    systemConfigData                         0x10006000   Data         220  config.o(.ARM.__AT_0x10006000)
    taskInitData                             0x20000000   Data           4  app_init.o(.data)
    Menu                                     0x20000004   Data           4  control.o(.data)
    Set_Cur                                  0x20000008   Data           4  control.o(.data)
    Set_Pos                                  0x2000000c   Data           4  control.o(.data)
    Set_Vel                                  0x20000010   Data           4  control.o(.data)
    rxbuf2                                   0x20000014   Data           4  odrive.o(.data)
    ulHighFrequencyTimerTicks                0x20000018   Data           4  main.o(.data)
    MyPidKp                                  0x2000001c   Data           4  pid.o(.data)
    MyPidKi                                  0x20000020   Data           4  pid.o(.data)
    MyPidKd                                  0x20000024   Data           4  pid.o(.data)
    Angle_Goal                               0x20000140   Data           6  balance.o(.data)
    Motor_SpeedA_Goal                        0x20000146   Data           6  balance.o(.data)
    Motor_SpeedB_Goal                        0x2000014c   Data           6  balance.o(.data)
    KeyUpFlag                                0x20000154   Data           1  app.o(.data)
    KeyMode                                  0x20000155   Data           1  app.o(.data)
    KeyUpFlag2                               0x20000156   Data           1  app.o(.data)
    Rxflag1                                  0x20000157   Data           1  app.o(.data)
    SwitchCount                              0x20000158   Data           1  app.o(.data)
    LD_ONFlag                                0x20000159   Data           1  app.o(.data)
    LD_B_ONFlag                              0x2000015a   Data           1  app.o(.data)
    MoveOneFlag                              0x2000015b   Data           1  app.o(.data)
    HeadSendBasketFlag                       0x2000015c   Data           1  app.o(.data)
    FrontCarPositionFlag                     0x2000015d   Data           1  app.o(.data)
    BreakCargo                               0x2000015e   Data           1  app.o(.data)
    StionStop                                0x2000015f   Data           1  app.o(.data)
    InStationFlag                            0x20000160   Data           1  app.o(.data)
    InStationCount                           0x20000161   Data           1  app.o(.data)
    InStationCount1                          0x20000162   Data           1  app.o(.data)
    Pocket4                                  0x20000163   Data           1  app.o(.data)
    TrainMode                                0x20000164   Data           1  app.o(.data)
    TrainHeadNum                             0x20000165   Data           1  app.o(.data)
    i                                        0x20000166   Data           1  app.o(.data)
    KeyValue                                 0x20000167   Data           1  app.o(.data)
    KeyValue2                                0x20000168   Data           1  app.o(.data)
    gTim4UpdateCounter                       0x2000016a   Data           2  app.o(.data)
    gGetSpeedVauleCounter                    0x2000016c   Data           2  app.o(.data)
    KeyUpCount                               0x2000016e   Data           2  app.o(.data)
    LedNumDisplay                            0x20000170   Data           2  app.o(.data)
    KeyUpCount2                              0x20000172   Data           2  app.o(.data)
    LongLDCount                              0x20000174   Data           2  app.o(.data)
    Timer40msCount                           0x20000176   Data           2  app.o(.data)
    Timer10msCount                           0x20000178   Data           2  app.o(.data)
    Timer100msCount                          0x2000017a   Data           2  app.o(.data)
    gCheckHeartLiveCount                     0x2000017c   Data           2  app.o(.data)
    gCheckFroCarLiveCount                    0x2000017e   Data           2  app.o(.data)
    SwitchCount1                             0x20000180   Data           2  app.o(.data)
    SwitchCount1_B                           0x20000182   Data           2  app.o(.data)
    LedCnt                                   0x20000184   Data           2  app.o(.data)
    CarGoDelay                               0x20000186   Data           2  app.o(.data)
    powervol                                 0x20000188   Data           2  app.o(.data)
    ChargePosition                           0x2000018a   Data           2  app.o(.data)
    gNewGetTim4Counter                       0x2000018c   Data           4  app.o(.data)
    gOldGetTim4Counter                       0x20000190   Data           4  app.o(.data)
    gErrorVaule                              0x20000194   Data           4  app.o(.data)
    gSum                                     0x20000198   Data           4  app.o(.data)
    CAN_ID                                   0x2000019c   Data           4  app.o(.data)
    PocketCountold                           0x200001a0   Data           4  app.o(.data)
    PocketCount2                             0x200001a4   Data           4  app.o(.data)
    Pocket_A_Count2                          0x200001a8   Data           4  app.o(.data)
    SwitchCount2                             0x200001ac   Data           4  app.o(.data)
    gSpeedR                                  0x200001b0   Data           4  app.o(.data)
    gSpeedRA                                 0x200001b4   Data           4  app.o(.data)
    APPSendADDRFlag                          0x200001b8   Data           4  app.o(.data)
    BasketApplicationFlag                    0x200001bc   Data           4  app.o(.data)
    DeliverResultFlag                        0x200001c0   Data           4  app.o(.data)
    BasketReciveAddrFlag                     0x200001c4   Data           4  app.o(.data)
    gPowerValueFloat                         0x200001c8   Data           4  app.o(.data)
    gCarBatPower                             0x200001cc   Data           4  app.o(.data)
    BasketLifeFlag                           0x200001d0   Data           4  app.o(.data)
    PocketCount                              0x200001d4   Data           4  app.o(.data)
    PocketCount1                             0x200001d8   Data           4  app.o(.data)
    Pocket_A_Count                           0x200001dc   Data           4  app.o(.data)
    Pocket_A_Count1                          0x200001e0   Data           4  app.o(.data)
    gShowAlphabetData                        0x200001e4   Data           7  app.o(.data)
    RxRAM0                                   0x200001eb   Data           8  app.o(.data)
    gShowNumberData                          0x200001f3   Data          10  app.o(.data)
    PulseCntA                                0x20000200   Data           4  app.o(.data)
    PulseCntB                                0x20000204   Data           4  app.o(.data)
    NewPocket_A_Count                        0x20000208   Data           4  app.o(.data)
    gSpeedRB                                 0x2000020c   Data           4  app.o(.data)
    gSpeedRC                                 0x20000210   Data           4  app.o(.data)
    gSpeedRD                                 0x20000214   Data           4  app.o(.data)
    APPSendADDRACKFlag                       0x20000218   Data           1  app.o(.data)
    DeliverResultACKFlag                     0x2000021c   Data           4  app.o(.data)
    FrontCarPositionPokec                    0x20000220   Data           2  app.o(.data)
    CarDistance                              0x20000222   Data           2  app.o(.data)
    ST1ACKFlag                               0x20000224   Data           1  app.o(.data)
    TrainApplyForExitFlag                    0x20000225   Data           1  app.o(.data)
    CarGo                                    0x20000226   Data           1  app.o(.data)
    CarScranFlag                             0x20000227   Data           1  app.o(.data)
    ApplicationtTavel                        0x20000228   Data           1  app.o(.data)
    ForceTravel1                             0x20000229   Data           1  app.o(.data)
    ConfigrationFlag                         0x2000022a   Data           1  app.o(.data)
    ReadDataFlag                             0x2000022b   Data           1  app.o(.data)
    CanSendCoount                            0x2000022c   Data           1  app.o(.data)
    ChargeFlag                               0x2000022d   Data           1  app.o(.data)
    CaseNum                                  0x2000022e   Data           2  app.o(.data)
    TrainBasketMaxNum                        0x20000230   Data           1  app.o(.data)
    HigSpeed                                 0x20000231   Data           1  app.o(.data)
    MidSpeed                                 0x20000232   Data           1  app.o(.data)
    LowSpeed                                 0x20000233   Data           1  app.o(.data)
    OutStationQuicken                        0x20000234   Data           1  app.o(.data)
    FollowHigSpeed                           0x20000235   Data           1  app.o(.data)
    FollowMidSpeed                           0x20000236   Data           1  app.o(.data)
    FollowLowSpeed                           0x20000237   Data           1  app.o(.data)
    InStationHigtoMidSpeed                   0x20000238   Data           1  app.o(.data)
    InStationMidtoLowSpeed                   0x20000239   Data           1  app.o(.data)
    TrainMaxNum                              0x2000023a   Data           1  app.o(.data)
    RecycleCaseNum                           0x2000023c   Data           2  app.o(.data)
    MFContralZS                              0x2000023e   Data           1  app.o(.data)
    MFContralDS                              0x2000023f   Data           1  app.o(.data)
    OldPocket_A_Count                        0x20000240   Data           4  app.o(.data)
    TrainWarning                             0x20000244   Data           1  state.o(.data)
    TrainState                               0x20000245   Data           1  state.o(.data)
    StepState                                0x20000246   Data           1  state.o(.data)
    CarGoGoFlag                              0x20000247   Data           1  state.o(.data)
    PocketStep                               0x20000248   Data           1  state.o(.data)
    InStationLSFlag                          0x20000249   Data           1  state.o(.data)
    DeliverResulBasketNumber                 0x2000024a   Data           1  state.o(.data)
    BreakStopFlag                            0x2000024b   Data           1  state.o(.data)
    WIFIdatalen                              0x2000024c   Data           1  state.o(.data)
    IntermediateVariable2                    0x2000024d   Data           1  state.o(.data)
    ShieldBasket                             0x2000024e   Data           1  state.o(.data)
    RecycleBasket                            0x2000024f   Data           1  state.o(.data)
    RecycleBasketFlag                        0x20000250   Data           1  state.o(.data)
    CanSendOutStationFlag                    0x20000251   Data           1  state.o(.data)
    SendUDPDataDelay200ms                    0x20000252   Data           1  state.o(.data)
    SendUDPDataDelay100ms                    0x20000253   Data           1  state.o(.data)
    SendUDPDataDelay30ms                     0x20000254   Data           1  state.o(.data)
    HeartDelayCount                          0x20000255   Data           1  state.o(.data)
    AlltrainST1Flag                          0x20000256   Data           1  state.o(.data)
    trainST1Flag                             0x20000257   Data           1  state.o(.data)
    wer                                      0x20000258   Data           1  state.o(.data)
    BasketNumber                             0x20000259   Data           1  state.o(.data)
    MoterBrakeFlag                           0x2000025a   Data           1  state.o(.data)
    Uart1_Rx_length                          0x2000025c   Data           2  state.o(.data)
    CageNumber                               0x2000025e   Data           2  state.o(.data)
    StopLG                                   0x20000260   Data           2  state.o(.data)
    MBSpeed                                  0x20000264   Data           4  state.o(.data)
    CheckSumAPP                              0x20000268   Data           4  state.o(.data)
    CheckSumAPP1                             0x2000026c   Data           4  state.o(.data)
    CheckSumAPP2                             0x20000270   Data           4  state.o(.data)
    SendDataBuf4                             0x20000274   Data           6  state.o(.data)
    SendDataBuf5                             0x2000027a   Data           6  state.o(.data)
    SendDataBuf7                             0x20000280   Data           6  state.o(.data)
    SendDataBuf1                             0x20000286   Data           7  state.o(.data)
    SendDataBuf8                             0x2000028d   Data           8  state.o(.data)
    SensorWarning                            0x20000295   Data           1  state.o(.data)
    SensorWarningDelay1                      0x20000296   Data           2  state.o(.data)
    SensorWarningDelay2                      0x20000298   Data           2  state.o(.data)
    SensorWarningDelay3                      0x2000029a   Data           2  state.o(.data)
    SensorWarningDelay4                      0x2000029c   Data           2  state.o(.data)
    SensorWarningDelay5                      0x2000029e   Data           2  state.o(.data)
    SensorWarningDelay6                      0x200002a0   Data           2  state.o(.data)
    SensorWarningDelay7                      0x200002a2   Data           2  state.o(.data)
    SensorWarningDelay8                      0x200002a4   Data           2  state.o(.data)
    gGetAdcCounter                           0x200002a6   Data           2  myadc.o(.data)
    MyADC_Buff                               0x200002a8   Data           4  myadc.o(.data)
    ADC_Value                                0x200002ac   Data           4  myadc.o(.data)
    clockClass                               0x200002b0   Data           4  driver_clockcount.o(.data)
    USB_Tx_State                             0x200002b4   Data           1  driver_usbvcp.o(.data)
    usbStatus                                0x200002b5   Data           1  driver_usbvcp.o(.data)
    usbPreemptionPriority                    0x200002b6   Data           1  driver_usbvcp.o(.data)
    usbSubPriority                           0x200002b7   Data           1  driver_usbvcp.o(.data)
    APP_Rx_ptr_in                            0x200002bc   Data           4  driver_usbvcp.o(.data)
    APP_Rx_ptr_out                           0x200002c0   Data           4  driver_usbvcp.o(.data)
    APP_Rx_length                            0x200002c4   Data           4  driver_usbvcp.o(.data)
    USBD_LangIDDesc                          0x200002d0   Data           4  driver_usbvcp.o(.data)
    CmdBuff                                  0x200002d8   Data           8  driver_usbvcp.o(.data)
    USBD_CDC_cb                              0x200002e0   Data          44  driver_usbvcp.o(.data)
    usbd_cdc_CfgDesc                         0x2000030c   Data          67  driver_usbvcp.o(.data)
    VCP_fops                                 0x20000350   Data          20  driver_usbvcp.o(.data)
    USR_desc                                 0x20000364   Data          28  driver_usbvcp.o(.data)
    USBD_DeviceDesc                          0x20000380   Data          18  driver_usbvcp.o(.data)
    USBD_StringSerial                        0x20000392   Data          26  driver_usbvcp.o(.data)
    USR_cb                                   0x200003ac   Data          28  driver_usbvcp.o(.data)
    flag                                     0x200003cd   Data           1  usartx.o(.data)
    USART_RX_STA                             0x200003ce   Data           2  usartx.o(.data)
    g_usart1_recv_cnt                        0x200003d0   Data           4  usartx.o(.data)
    g_usart3_recv_cnt                        0x200003d4   Data           4  usartx.o(.data)
    __stdout                                 0x200003d8   Data           4  usartx.o(.data)
    pxCurrentTCB                             0x20000410   Data           4  tasks.o(.data)
    USBD_DCD_INT_cb                          0x20000468   Data          44  usbd_core.o(.data)
    USBD_DCD_INT_fops                        0x20000494   Data           4  usbd_core.o(.data)
    SET_TEST_MODE                            0x20000498   Data           4  usbd_core.o(.data)
    USBD_ep_status                           0x200004a0   Data           4  usbd_req.o(.data)
    USBD_default_cfg                         0x200004a4   Data           4  usbd_req.o(.data)
    USBD_cfg_status                          0x200004a8   Data           4  usbd_req.o(.data)
    heapUsed                                 0x200004ac   Data           4  util.o(.data)
    heapHighWater                            0x200004b0   Data           4  util.o(.data)
    dataSramUsed                             0x200004b4   Data           4  util.o(.data)
    numStacks                                0x200004b8   Data           4  util.o(.data)
    __microlib_freelist                      0x200004bc   Data           4  mvars.o(.data)
    __microlib_freelist_initialised          0x200004c0   Data           4  mvars.o(.data)
    controlData                              0x200004c4   Data          12  control.o(.bss)
    OdriveData                               0x200004d0   Data         177  odrive.o(.bss)
    OdReceivedData                           0x20000581   Data         344  odrive.o(.bss)
    ODSendData                               0x200006d9   Data           9  odrive.o(.bss)
    supervisorData                           0x2000071c   Data          83  supervisor.o(.bss)
    PIDA                                     0x20000770   Data          72  pid.o(.bss)
    balanceData                              0x200007b8   Data          13  balance.o(.bss)
    EW                                       0x200007c5   Data          22  balance.o(.bss)
    NFC                                      0x200007db   Data          16  balance.o(.bss)
    XHCData                                  0x200007eb   Data           9  xhc_task.o(.bss)
    CAN2Data                                 0x200007f4   Data           9  can2_task.o(.bss)
    can1_rx_msg                              0x20000800   Data          20  can2_task.o(.bss)
    GetSpeedVaule                            0x20000814   Data         120  app.o(.bss)
    TxMessage                                0x2000088c   Data          20  app.o(.bss)
    AppSendAddr                              0x200008a0   Data          84  app.o(.bss)
    LastDeliverResultNum                     0x200008f4   Data          84  app.o(.bss)
    LastPoketNum                             0x20000948   Data          42  app.o(.bss)
    BasketError                              0x20000972   Data          24  app.o(.bss)
    Icount                                   0x2000098a   Data          21  app.o(.bss)
    Icount1                                  0x2000099f   Data          21  app.o(.bss)
    Icount2                                  0x200009b4   Data          21  app.o(.bss)
    Uart1_Rx                                 0x200009c9   Data        1074  state.o(.bss)
    SendDataBuf2                             0x20000dfb   Data         120  state.o(.bss)
    SendDataBuf3                             0x20000e73   Data          35  state.o(.bss)
    SendDataBuf6                             0x20000e96   Data          27  state.o(.bss)
    SendDataBuf9                             0x20000eb1   Data          10  state.o(.bss)
    SendDataBuf10                            0x20000ebb   Data          10  state.o(.bss)
    SendDataBuf11                            0x20000ec5   Data          10  state.o(.bss)
    WIFISendDataBuf                          0x20000ecf   Data         150  state.o(.bss)
    garry_ch0                                0x20000f66   Data          20  myadc.o(.bss)
    USB_Rx_Buffer                            0x20000f7c   Data          64  driver_usbvcp.o(.bss)
    APP_Rx_Buffer                            0x20000fbc   Data        2048  driver_usbvcp.o(.bss)
    USBD_StrDesc                             0x200017bc   Data         255  driver_usbvcp.o(.bss)
    USB_OTG_dev                              0x200018bc   Data        1524  driver_usbvcp.o(.bss)
    g_usart1_recv_buf                        0x20001eb0   Data         400  usartx.o(.bss)
    g_usart3_recv_buf                        0x20002040   Data         400  usartx.o(.bss)
    Send_Data                                0x200025b8   Data          48  usartx.o(.bss)
    Receive_Data                             0x200025e8   Data          32  usartx.o(.bss)
    USART_RX_BUF                             0x20002608   Data         200  usartx.o(.bss)
    xQueueRegistry                           0x200116d0   Data          64  queue.o(.bss)
    __heap_base                              0x200118e0   Data           0  startup_stm32f40_41xxx.o(HEAP)
    __heap_limit                             0x200138e0   Data           0  startup_stm32f40_41xxx.o(HEAP)
    __initial_sp                             0x20013ce0   Data           0  startup_stm32f40_41xxx.o(STACK)



==============================================================================

Memory Map of the image

  Image Entry point : 0x0800025d

  Load Region LR_1 (Base: 0x08000000, Size: 0x0000ca70, Max: 0xffffffff, ABSOLUTE, COMPRESSED[0x0000c6e8])

    Execution Region ER_RO (Exec base: 0x08000000, Load base: 0x08000000, Size: 0x0000c5ac, Max: 0xffffffff, ABSOLUTE)

    Exec Addr    Load Addr    Size         Type   Attr      Idx    E Section Name        Object

    0x08000000   0x08000000   0x00000188   Data   RO         8972    RESET               startup_stm32f40_41xxx.o
    0x08000188   0x08000188   0x00000000   Code   RO         9452  * .ARM.Collect$$$$00000000  mc_w.l(entry.o)
    0x08000188   0x08000188   0x00000004   Code   RO         9803    .ARM.Collect$$$$00000001  mc_w.l(entry2.o)
    0x0800018c   0x0800018c   0x00000004   Code   RO         9806    .ARM.Collect$$$$00000004  mc_w.l(entry5.o)
    0x08000190   0x08000190   0x00000000   Code   RO         9808    .ARM.Collect$$$$00000008  mc_w.l(entry7b.o)
    0x08000190   0x08000190   0x00000000   Code   RO         9810    .ARM.Collect$$$$0000000A  mc_w.l(entry8b.o)
    0x08000190   0x08000190   0x00000008   Code   RO         9811    .ARM.Collect$$$$0000000B  mc_w.l(entry9a.o)
    0x08000198   0x08000198   0x00000000   Code   RO         9813    .ARM.Collect$$$$0000000D  mc_w.l(entry10a.o)
    0x08000198   0x08000198   0x00000000   Code   RO         9815    .ARM.Collect$$$$0000000F  mc_w.l(entry11a.o)
    0x08000198   0x08000198   0x00000004   Code   RO         9804    .ARM.Collect$$$$00002712  mc_w.l(entry2.o)
    0x0800019c   0x0800019c   0x000000be   Code   RO         6819    .emb_text           port.o
    0x0800025a   0x0800025a   0x00000002   PAD
    0x0800025c   0x0800025c   0x00000024   Code   RO         8973  * .text               startup_stm32f40_41xxx.o
    0x08000280   0x08000280   0x00000024   Code   RO         9455    .text               mc_w.l(memcpya.o)
    0x080002a4   0x080002a4   0x00000024   Code   RO         9457    .text               mc_w.l(memseta.o)
    0x080002c8   0x080002c8   0x0000001e   Code   RO         9463    .text               mc_w.l(strncmp.o)
    0x080002e6   0x080002e6   0x00000002   PAD
    0x080002e8   0x080002e8   0x00000038   Code   RO         9756    .text               mc_w.l(__0sscanf.o)
    0x08000320   0x08000320   0x0000014c   Code   RO         9758    .text               mc_w.l(_scanf_int.o)
    0x0800046c   0x0800046c   0x00000360   Code   RO         9760    .text               mc_w.l(scanf_fp.o)
    0x080007cc   0x080007cc   0x0000014e   Code   RO         9764    .text               mf_w.l(dadd.o)
    0x0800091a   0x0800091a   0x000000e4   Code   RO         9766    .text               mf_w.l(dmul.o)
    0x080009fe   0x080009fe   0x000000de   Code   RO         9768    .text               mf_w.l(ddiv.o)
    0x08000adc   0x08000adc   0x0000001a   Code   RO         9772    .text               mf_w.l(dfltui.o)
    0x08000af6   0x08000af6   0x00000032   Code   RO         9774    .text               mf_w.l(dfixui.o)
    0x08000b28   0x08000b28   0x00000026   Code   RO         9776    .text               mf_w.l(f2d.o)
    0x08000b4e   0x08000b4e   0x00000002   PAD
    0x08000b50   0x08000b50   0x00000030   Code   RO         9780    .text               mf_w.l(cdrcmple.o)
    0x08000b80   0x08000b80   0x00000038   Code   RO         9782    .text               mf_w.l(d2f.o)
    0x08000bb8   0x08000bb8   0x0000002c   Code   RO         9817    .text               mc_w.l(uidiv.o)
    0x08000be4   0x08000be4   0x00000062   Code   RO         9819    .text               mc_w.l(uldiv.o)
    0x08000c46   0x08000c46   0x0000001e   Code   RO         9821    .text               mc_w.l(llshl.o)
    0x08000c64   0x08000c64   0x00000020   Code   RO         9823    .text               mc_w.l(llushr.o)
    0x08000c84   0x08000c84   0x00000024   Code   RO         9825    .text               mc_w.l(llsshr.o)
    0x08000ca8   0x08000ca8   0x0000001c   Code   RO         9836    .text               mc_w.l(_chval.o)
    0x08000cc4   0x08000cc4   0x00000028   Code   RO         9838    .text               mc_w.l(scanf_char.o)
    0x08000cec   0x08000cec   0x00000040   Code   RO         9840    .text               mc_w.l(_sgetc.o)
    0x08000d2c   0x08000d2c   0x00000000   Code   RO         9842    .text               mc_w.l(iusefp.o)
    0x08000d2c   0x08000d2c   0x0000006e   Code   RO         9843    .text               mf_w.l(fepilogue.o)
    0x08000d9a   0x08000d9a   0x000000ba   Code   RO         9845    .text               mf_w.l(depilogue.o)
    0x08000e54   0x08000e54   0x00000018   Code   RO         9849    .text               mf_w.l(dfltul.o)
    0x08000e6c   0x08000e6c   0x00000030   Code   RO         9851    .text               mf_w.l(dfixul.o)
    0x08000e9c   0x08000e9c   0x00000024   Code   RO         9855    .text               mc_w.l(init.o)
    0x08000ec0   0x08000ec0   0x0000000a   Code   RO         9857    .text               mc_w.l(isspace_c.o)
    0x08000eca   0x08000eca   0x00000002   PAD
    0x08000ecc   0x08000ecc   0x0000032c   Code   RO         9859    .text               mc_w.l(_scanf.o)
    0x080011f8   0x080011f8   0x00000028   Code   RO         9861    .text               mc_w.l(ctype_c.o)
    0x08001220   0x08001220   0x00000056   Code   RO         9872    .text               mc_w.l(__dczerorl2.o)
    0x08001276   0x08001276   0x00000012   Code   RO         3800    i.ADC_Cmd           stm32f4xx_adc.o
    0x08001288   0x08001288   0x0000002c   Code   RO         3801    i.ADC_CommonInit    stm32f4xx_adc.o
    0x080012b4   0x080012b4   0x0000000c   Code   RO         3802    i.ADC_CommonStructInit  stm32f4xx_adc.o
    0x080012c0   0x080012c0   0x00000012   Code   RO         3804    i.ADC_DMACmd        stm32f4xx_adc.o
    0x080012d2   0x080012d2   0x00000012   Code   RO         3805    i.ADC_DMARequestAfterLastTransferCmd  stm32f4xx_adc.o
    0x080012e4   0x080012e4   0x00000054   Code   RO         3820    i.ADC_Init          stm32f4xx_adc.o
    0x08001338   0x08001338   0x00000092   Code   RO         3825    i.ADC_RegularChannelConfig  stm32f4xx_adc.o
    0x080013ca   0x080013ca   0x0000000a   Code   RO         3827    i.ADC_SoftwareStartConv  stm32f4xx_adc.o
    0x080013d4   0x080013d4   0x00000014   Code   RO         3829    i.ADC_StructInit    stm32f4xx_adc.o
    0x080013e8   0x080013e8   0x00000110   Code   RO         2668    i.BSP_CAN_Mode_Init  bsp_can.o
    0x080014f8   0x080014f8   0x000000fa   Code   RO         2768    i.BSP_GPIO_Init     bsp_gpio.o
    0x080015f2   0x080015f2   0x00000062   Code   RO         3049    i.BSP_TIM_INT_Init  bsp_timer.o
    0x08001654   0x08001654   0x000000fa   Code   RO         3051    i.BSP_TIM_RCC_Init  bsp_timer.o
    0x0800174e   0x0800174e   0x00000002   Code   RO         6407    i.BusFault_Handler  stm32f4xx_it.o
    0x08001750   0x08001750   0x00000060   Code   RO         1155    i.CAN1_RX0_IRQHandler  can2_task.o
    0x080017b0   0x080017b0   0x0000002c   Code   RO         1156    i.CAN1_TX_IRQHandler  can2_task.o
    0x080017dc   0x080017dc   0x0000003c   Code   RO         1157    i.CAN2DataInit      can2_task.o
    0x08001818   0x08001818   0x0000010c   Code   RO         2671    i.CAN2_Mode_Init    bsp_can.o
    0x08001924   0x08001924   0x00000b64   Code   RO          568    i.CAN2_RX0_IRQHandler  odrive.o
    0x08002488   0x08002488   0x00000024   Code   RO          569    i.CAN2_TX_IRQHandler  odrive.o
    0x080024ac   0x080024ac   0x000002a8   Code   RO         1159    i.CAN2_TaskUpdateTask  can2_task.o
    0x08002754   0x08002754   0x00000034   Code   RO         4041    i.CAN_ClearFlag     stm32f4xx_can.o
    0x08002788   0x08002788   0x0000009c   Code   RO         4042    i.CAN_ClearITPendingBit  stm32f4xx_can.o
    0x08002824   0x08002824   0x0000003a   Code   RO         4044    i.CAN_DeInit        stm32f4xx_can.o
    0x0800285e   0x0800285e   0x00000002   PAD
    0x08002860   0x08002860   0x000000f0   Code   RO         4046    i.CAN_FilterInit    stm32f4xx_can.o
    0x08002950   0x08002950   0x00000110   Code   RO         4048    i.CAN_GetITStatus   stm32f4xx_can.o
    0x08002a60   0x08002a60   0x00000010   Code   RO         4052    i.CAN_ITConfig      stm32f4xx_can.o
    0x08002a70   0x08002a70   0x000000f4   Code   RO         4053    i.CAN_Init          stm32f4xx_can.o
    0x08002b64   0x08002b64   0x000000b4   Code   RO         4056    i.CAN_Receive       stm32f4xx_can.o
    0x08002c18   0x08002c18   0x0000002c   Code   RO         4057    i.CAN_SlaveStartBank  stm32f4xx_can.o
    0x08002c44   0x08002c44   0x00000020   Code   RO         4059    i.CAN_StructInit    stm32f4xx_can.o
    0x08002c64   0x08002c64   0x000000c2   Code   RO         4061    i.CAN_Transmit      stm32f4xx_can.o
    0x08002d26   0x08002d26   0x00000002   PAD
    0x08002d28   0x08002d28   0x0000007c   Code   RO         4062    i.CAN_TransmitStatus  stm32f4xx_can.o
    0x08002da4   0x08002da4   0x00000194   Code   RO         1511    i.CanSendDataTask   state.o
    0x08002f38   0x08002f38   0x000000e4   Code   RO         1513    i.Can_Send_Distribute  state.o
    0x0800301c   0x0800301c   0x000000dc   Code   RO         1212    i.ChargeStop        app.o
    0x080030f8   0x080030f8   0x00000254   Code   RO         1213    i.CheckCarCanCmd    app.o
    0x0800334c   0x0800334c   0x0000002c   Code   RO         7881    i.DCD_EP_Close      usb_dcd.o
    0x08003378   0x08003378   0x0000003a   Code   RO         7882    i.DCD_EP_ClrStall   usb_dcd.o
    0x080033b2   0x080033b2   0x00000040   Code   RO         7884    i.DCD_EP_Open       usb_dcd.o
    0x080033f2   0x080033f2   0x00000044   Code   RO         7885    i.DCD_EP_PrepareRx  usb_dcd.o
    0x08003436   0x08003436   0x00000010   Code   RO         7886    i.DCD_EP_SetAddress  usb_dcd.o
    0x08003446   0x08003446   0x0000003a   Code   RO         7887    i.DCD_EP_Stall      usb_dcd.o
    0x08003480   0x08003480   0x0000003e   Code   RO         7888    i.DCD_EP_Tx         usb_dcd.o
    0x080034be   0x080034be   0x00000002   PAD
    0x080034c0   0x080034c0   0x0000002c   Code   RO         5669    i.DMA_ClearFlag     stm32f4xx_dma.o
    0x080034ec   0x080034ec   0x00000012   Code   RO         5671    i.DMA_Cmd           stm32f4xx_dma.o
    0x080034fe   0x080034fe   0x00000002   PAD
    0x08003500   0x08003500   0x00000070   Code   RO         3274    i.DMA_Config        usartx.o
    0x08003570   0x08003570   0x00000184   Code   RO         5672    i.DMA_DeInit        stm32f4xx_dma.o
    0x080036f4   0x080036f4   0x00000010   Code   RO         5676    i.DMA_GetCmdStatus  stm32f4xx_dma.o
    0x08003704   0x08003704   0x00000006   Code   RO         5677    i.DMA_GetCurrDataCounter  stm32f4xx_dma.o
    0x0800370a   0x0800370a   0x00000002   PAD
    0x0800370c   0x0800370c   0x00000034   Code   RO         5680    i.DMA_GetFlagStatus  stm32f4xx_dma.o
    0x08003740   0x08003740   0x00000078   Code   RO         5683    i.DMA_Init          stm32f4xx_dma.o
    0x080037b8   0x080037b8   0x00000022   Code   RO         5687    i.DMA_StructInit    stm32f4xx_dma.o
    0x080037da   0x080037da   0x00000002   Code   RO         6408    i.DebugMon_Handler  stm32f4xx_it.o
    0x080037dc   0x080037dc   0x00000140   Code   RO         1214    i.Display           app.o
    0x0800391c   0x0800391c   0x00000074   Code   RO         1702    i.EEPROM_GPIO_Init  bsp_eeprom.o
    0x08003990   0x08003990   0x000000d8   Code   RO         1705    i.EEPROM_Read_Byte  bsp_eeprom.o
    0x08003a68   0x08003a68   0x0000001c   Code   RO         1706    i.EEPROM_Read_u16   bsp_eeprom.o
    0x08003a84   0x08003a84   0x0000005c   Code   RO         1708    i.EEPROM_SendByte   bsp_eeprom.o
    0x08003ae0   0x08003ae0   0x00000054   Code   RO         1709    i.EEPROM_Start      bsp_eeprom.o
    0x08003b34   0x08003b34   0x00000044   Code   RO         1710    i.EEPROM_Stop       bsp_eeprom.o
    0x08003b78   0x08003b78   0x00000058   Code   RO         1711    i.EEPROM_WaitAck    bsp_eeprom.o
    0x08003bd0   0x08003bd0   0x00000040   Code   RO         1713    i.EEPROM_Write_Byte  bsp_eeprom.o
    0x08003c10   0x08003c10   0x0000007c   Code   RO         1714    i.EEPROM_Write_u16  bsp_eeprom.o
    0x08003c8c   0x08003c8c   0x0000001e   Code   RO         2346    i.EXTI0_IRQHandler  isp_exit.o
    0x08003caa   0x08003caa   0x00000002   PAD
    0x08003cac   0x08003cac   0x00000080   Code   RO         2347    i.EXTI15_10_IRQHandler  isp_exit.o
    0x08003d2c   0x08003d2c   0x00000024   Code   RO         3607    i.EXTI1_IRQHandler  cigan.o
    0x08003d50   0x08003d50   0x0000001e   Code   RO         2348    i.EXTI2_IRQHandler  isp_exit.o
    0x08003d6e   0x08003d6e   0x0000001e   Code   RO         2349    i.EXTI3_IRQHandler  isp_exit.o
    0x08003d8c   0x08003d8c   0x0000001e   Code   RO         2350    i.EXTI4_IRQHandler  isp_exit.o
    0x08003daa   0x08003daa   0x00000002   PAD
    0x08003dac   0x08003dac   0x00000024   Code   RO         3608    i.EXTI9_5_IRQHandler  cigan.o
    0x08003dd0   0x08003dd0   0x0000000c   Code   RO         5603    i.EXTI_ClearFlag    stm32f4xx_exti.o
    0x08003ddc   0x08003ddc   0x0000000c   Code   RO         5604    i.EXTI_ClearITPendingBit  stm32f4xx_exti.o
    0x08003de8   0x08003de8   0x00000084   Code   RO         3609    i.EXTI_Configuration  cigan.o
    0x08003e6c   0x08003e6c   0x00000014   Code   RO         5608    i.EXTI_GetITStatus  stm32f4xx_exti.o
    0x08003e80   0x08003e80   0x00000090   Code   RO         5609    i.EXTI_Init         stm32f4xx_exti.o
    0x08003f10   0x08003f10   0x0000000c   Code   RO         5921    i.FLASH_ClearFlag   stm32f4xx_flash.o
    0x08003f1c   0x08003f1c   0x00000018   Code   RO         5922    i.FLASH_DataCacheCmd  stm32f4xx_flash.o
    0x08003f34   0x08003f34   0x00000010   Code   RO         5923    i.FLASH_DataCacheReset  stm32f4xx_flash.o
    0x08003f44   0x08003f44   0x0000006c   Code   RO         5927    i.FLASH_EraseSector  stm32f4xx_flash.o
    0x08003fb0   0x08003fb0   0x00000010   Code   RO         5933    i.FLASH_Lock        stm32f4xx_flash.o
    0x08003fc0   0x08003fc0   0x00000040   Code   RO         5957    i.FLASH_ProgramWord  stm32f4xx_flash.o
    0x08004000   0x08004000   0x00000028   Code   RO         5959    i.FLASH_Unlock      stm32f4xx_flash.o
    0x08004028   0x08004028   0x000000a8   Code   RO         5960    i.FLASH_WaitForLastOperation  stm32f4xx_flash.o
    0x080040d0   0x080040d0   0x0000009a   Code   RO         4709    i.GPIO_Init         stm32f4xx_gpio.o
    0x0800416a   0x0800416a   0x00000022   Code   RO         4710    i.GPIO_PinAFConfig  stm32f4xx_gpio.o
    0x0800418c   0x0800418c   0x0000009e   Code   RO         2771    i.GPIO_Pin_TO_PinAFConfig  bsp_gpio.o
    0x0800422a   0x0800422a   0x00000004   Code   RO         4716    i.GPIO_ResetBits    stm32f4xx_gpio.o
    0x0800422e   0x0800422e   0x00000004   Code   RO         4717    i.GPIO_SetBits      stm32f4xx_gpio.o
    0x08004232   0x08004232   0x00000012   Code   RO         4718    i.GPIO_StructInit   stm32f4xx_gpio.o
    0x08004244   0x08004244   0x00000044   Code   RO         1820    i.GetAdcAverage     myadc.o
    0x08004288   0x08004288   0x00000014   Code   RO         6409    i.HardFault_Handler  stm32f4xx_it.o
    0x0800429c   0x0800429c   0x00000004   PAD
    0x080042a0   0x080042a0   0x00000180   Code   RO         1518    i.HeartToApp        state.o
    0x08004420   0x08004420   0x000001f8   Code   RO         1519    i.IO_Init           state.o
    0x08004618   0x08004618   0x000000d4   Code   RO          910    i.Incremental_PID   pid.o
    0x080046ec   0x080046ec   0x00000080   Code   RO         1521    i.JT808DataPackageSend  state.o
    0x0800476c   0x0800476c   0x000000b0   Code   RO         1217    i.KeyScan           app.o
    0x0800481c   0x0800481c   0x00000240   Code   RO         1219    i.LoadingStation    app.o
    0x08004a5c   0x08004a5c   0x00000002   Code   RO         6410    i.MemManage_Handler  stm32f4xx_it.o
    0x08004a5e   0x08004a5e   0x00000002   PAD
    0x08004a60   0x08004a60   0x0000003c   Code   RO         1821    i.MyADC_GetValue    myadc.o
    0x08004a9c   0x08004a9c   0x00000118   Code   RO         1822    i.MyADC_Init        myadc.o
    0x08004bb4   0x08004bb4   0x00000002   Code   RO         6411    i.NMI_Handler       stm32f4xx_it.o
    0x08004bb6   0x08004bb6   0x00000002   PAD
    0x08004bb8   0x08004bb8   0x00000070   Code   RO         3746    i.NVIC_Init         misc.o
    0x08004c28   0x08004c28   0x00000014   Code   RO         3747    i.NVIC_PriorityGroupConfig  misc.o
    0x08004c3c   0x08004c3c   0x00000128   Code   RO          589    i.ODSET_CONTROL_MODE  odrive.o
    0x08004d64   0x08004d64   0x00000058   Code   RO          593    i.ODSendLimitData   odrive.o
    0x08004dbc   0x08004dbc   0x00000050   Code   RO          595    i.ODSendVel_gainsData  odrive.o
    0x08004e0c   0x08004e0c   0x0000000c   Code   RO         2036    i.OTG_FS_IRQHandler  driver_usbvcp.o
    0x08004e18   0x08004e18   0x00000038   Code   RO          599    i.OdriveInit        odrive.o
    0x08004e50   0x08004e50   0x0000010c   Code   RO          600    i.OdriveSendData    odrive.o
    0x08004f5c   0x08004f5c   0x00000064   Code   RO          601    i.OdriveSend_RemoteCmd  odrive.o
    0x08004fc0   0x08004fc0   0x00000070   Code   RO         1221    i.PowerValueLedShow  app.o
    0x08005030   0x08005030   0x00000018   Code   RO         4202    i.RCC_AHB1PeriphClockCmd  stm32f4xx_rcc.o
    0x08005048   0x08005048   0x00000018   Code   RO         4211    i.RCC_APB1PeriphClockCmd  stm32f4xx_rcc.o
    0x08005060   0x08005060   0x00000018   Code   RO         4213    i.RCC_APB1PeriphResetCmd  stm32f4xx_rcc.o
    0x08005078   0x08005078   0x00000018   Code   RO         4214    i.RCC_APB2PeriphClockCmd  stm32f4xx_rcc.o
    0x08005090   0x08005090   0x000000a8   Code   RO         4223    i.RCC_GetClocksFreq  stm32f4xx_rcc.o
    0x08005138   0x08005138   0x000000f0   Code   RO         1522    i.ReadDataACK       state.o
    0x08005228   0x08005228   0x00000108   Code   RO         1523    i.ReadE2promData    state.o
    0x08005330   0x08005330   0x0000004c   Code   RO         3677    i.Read_Encoder      encoder.o
    0x0800537c   0x0800537c   0x00000002   Code   RO         2394    i.SPI1_IRQHandler   isp_spi.o
    0x0800537e   0x0800537e   0x00000002   Code   RO         2395    i.SPI2_IRQHandler   isp_spi.o
    0x08005380   0x08005380   0x00000002   Code   RO         2396    i.SPI3_IRQHandler   isp_spi.o
    0x08005382   0x08005382   0x0000002e   Code   RO         4813    i.SYSCFG_EXTILineConfig  stm32f4xx_syscfg.o
    0x080053b0   0x080053b0   0x0000003c   Code   RO         1223    i.SaveData          app.o
    0x080053ec   0x080053ec   0x0000031c   Code   RO         3276    i.Serial1Data       usartx.o
    0x08005708   0x08005708   0x00000314   Code   RO         3277    i.Serial3Data       usartx.o
    0x08005a1c   0x08005a1c   0x0000002c   Code   RO         6820    i.SysTick_Handler   port.o
    0x08005a48   0x08005a48   0x00000104   Code   RO         8938    i.SystemInit        system_stm32f4xx.o
    0x08005b4c   0x08005b4c   0x00000090   Code   RO         1226    i.TIM14_PWM_Init    app.o
    0x08005bdc   0x08005bdc   0x00000002   Code   RO         2430    i.TIM1_BRK_TIM9_IRQHandler  isp_tim.o
    0x08005bde   0x08005bde   0x00000002   Code   RO         2431    i.TIM1_CC_IRQHandler  isp_tim.o
    0x08005be0   0x08005be0   0x0000002c   Code   RO         2432    i.TIM1_UP_TIM10_IRQHandler  isp_tim.o
    0x08005c0c   0x08005c0c   0x00000184   Code   RO         1227    i.TIM2_IRQHandler   app.o
    0x08005d90   0x08005d90   0x00000090   Code   RO         1228    i.TIM3_IRQHandler   app.o
    0x08005e20   0x08005e20   0x00000014   Code   RO         3679    i.TIM5_IRQHandler   encoder.o
    0x08005e34   0x08005e34   0x0000000c   Code   RO         2433    i.TIM8_BRK_TIM12_IRQHandler  isp_tim.o
    0x08005e40   0x08005e40   0x00000002   Code   RO         2434    i.TIM8_TRG_COM_TIM14_IRQHandler  isp_tim.o
    0x08005e42   0x08005e42   0x00000002   Code   RO         2435    i.TIM8_UP_TIM13_IRQHandler  isp_tim.o
    0x08005e44   0x08005e44   0x00000006   Code   RO         5068    i.TIM_ClearFlag     stm32f4xx_tim.o
    0x08005e4a   0x08005e4a   0x00000006   Code   RO         5069    i.TIM_ClearITPendingBit  stm32f4xx_tim.o
    0x08005e50   0x08005e50   0x00000012   Code   RO         5074    i.TIM_Cmd           stm32f4xx_tim.o
    0x08005e62   0x08005e62   0x00000004   Code   RO         5093    i.TIM_GetCounter    stm32f4xx_tim.o
    0x08005e66   0x08005e66   0x0000000e   Code   RO         5094    i.TIM_GetFlagStatus  stm32f4xx_tim.o
    0x08005e74   0x08005e74   0x00000016   Code   RO         5095    i.TIM_GetITStatus   stm32f4xx_tim.o
    0x08005e8a   0x08005e8a   0x00000010   Code   RO         5099    i.TIM_ITConfig      stm32f4xx_tim.o
    0x08005e9a   0x08005e9a   0x00000068   Code   RO         5103    i.TIM_OC1Init       stm32f4xx_tim.o
    0x08005f02   0x08005f02   0x0000000c   Code   RO         5106    i.TIM_OC1PreloadConfig  stm32f4xx_tim.o
    0x08005f0e   0x08005f0e   0x000000bc   Code   RO         3053    i.TIM_TO_NVIC_IRQChannel  bsp_timer.o
    0x08005fca   0x08005fca   0x00000002   PAD
    0x08005fcc   0x08005fcc   0x00000080   Code   RO         5146    i.TIM_TimeBaseInit  stm32f4xx_tim.o
    0x0800604c   0x0800604c   0x00000060   Code   RO         1230    i.TM1620_Config     app.o
    0x080060ac   0x080060ac   0x0000006c   Code   RO         1231    i.TM1620_Write      app.o
    0x08006118   0x08006118   0x000000c0   Code   RO         1232    i.TM1620_init       app.o
    0x080061d8   0x080061d8   0x000005d0   Code   RO         1526    i.TrainBusinessLogic  state.o
    0x080067a8   0x080067a8   0x000003fc   Code   RO         1527    i.TrainContral      state.o
    0x08006ba4   0x08006ba4   0x00000134   Code   RO         1528    i.TrainFollowTrain  state.o
    0x08006cd8   0x08006cd8   0x00000038   Code   RO         3282    i.UART4_IRQHandler  usartx.o
    0x08006d10   0x08006d10   0x00000070   Code   RO         3283    i.UART5_IRQHandler  usartx.o
    0x08006d80   0x08006d80   0x00000098   Code   RO         3284    i.USART1_IRQHandler  usartx.o
    0x08006e18   0x08006e18   0x00000068   Code   RO         3286    i.USART2_IRQHandler  usartx.o
    0x08006e80   0x08006e80   0x00000030   Code   RO         3287    i.USART3_IRQHandler  usartx.o
    0x08006eb0   0x08006eb0   0x00000006   Code   RO         4870    i.USART_ClearFlag   stm32f4xx_usart.o
    0x08006eb6   0x08006eb6   0x0000000e   Code   RO         4871    i.USART_ClearITPendingBit  stm32f4xx_usart.o
    0x08006ec4   0x08006ec4   0x00000012   Code   RO         4874    i.USART_Cmd         stm32f4xx_usart.o
    0x08006ed6   0x08006ed6   0x00000010   Code   RO         4875    i.USART_DMACmd      stm32f4xx_usart.o
    0x08006ee6   0x08006ee6   0x00000002   PAD
    0x08006ee8   0x08006ee8   0x00000270   Code   RO         1529    i.USART_Data_Send_Task  state.o
    0x08007158   0x08007158   0x0000000e   Code   RO         4877    i.USART_GetFlagStatus  stm32f4xx_usart.o
    0x08007166   0x08007166   0x0000004c   Code   RO         4878    i.USART_GetITStatus  stm32f4xx_usart.o
    0x080071b2   0x080071b2   0x00000030   Code   RO         4880    i.USART_ITConfig    stm32f4xx_usart.o
    0x080071e2   0x080071e2   0x00000002   PAD
    0x080071e4   0x080071e4   0x000000b8   Code   RO         4881    i.USART_Init        stm32f4xx_usart.o
    0x0800729c   0x0800729c   0x00000008   Code   RO         4888    i.USART_ReceiveData  stm32f4xx_usart.o
    0x080072a4   0x080072a4   0x00000008   Code   RO         4891    i.USART_SendData    stm32f4xx_usart.o
    0x080072ac   0x080072ac   0x0000000e   Code   RO         8006    i.USBD_ClrCfg       usbd_core.o
    0x080072ba   0x080072ba   0x00000012   Code   RO         8113    i.USBD_CtlContinueRx  usbd_ioreq.o
    0x080072cc   0x080072cc   0x00000012   Code   RO         8114    i.USBD_CtlContinueSendData  usbd_ioreq.o
    0x080072de   0x080072de   0x0000001c   Code   RO         8173    i.USBD_CtlError     usbd_req.o
    0x080072fa   0x080072fa   0x00000020   Code   RO         8115    i.USBD_CtlPrepareRx  usbd_ioreq.o
    0x0800731a   0x0800731a   0x00000022   Code   RO         8116    i.USBD_CtlReceiveStatus  usbd_ioreq.o
    0x0800733c   0x0800733c   0x00000020   Code   RO         8117    i.USBD_CtlSendData  usbd_ioreq.o
    0x0800735c   0x0800735c   0x00000022   Code   RO         8118    i.USBD_CtlSendStatus  usbd_ioreq.o
    0x0800737e   0x0800737e   0x00000002   PAD
    0x08007380   0x08007380   0x000000c8   Code   RO         8007    i.USBD_DataInStage  usbd_core.o
    0x08007448   0x08007448   0x00000078   Code   RO         8008    i.USBD_DataOutStage  usbd_core.o
    0x080074c0   0x080074c0   0x00000068   Code   RO         8174    i.USBD_GetString    usbd_req.o
    0x08007528   0x08007528   0x0000000e   Code   RO         8011    i.USBD_IsoINIncomplete  usbd_core.o
    0x08007536   0x08007536   0x0000000e   Code   RO         8012    i.USBD_IsoOUTIncomplete  usbd_core.o
    0x08007544   0x08007544   0x00000608   Code   RO         7978    i.USBD_OTG_ISR_Handler  usb_dcd_int.o
    0x08007b4c   0x08007b4c   0x00000044   Code   RO         8175    i.USBD_ParseSetupRequest  usbd_req.o
    0x08007b90   0x08007b90   0x0000002e   Code   RO         8013    i.USBD_Reset        usbd_core.o
    0x08007bbe   0x08007bbe   0x00000016   Code   RO         8014    i.USBD_Resume       usbd_core.o
    0x08007bd4   0x08007bd4   0x00000012   Code   RO         8015    i.USBD_SOF          usbd_core.o
    0x08007be6   0x08007be6   0x0000001a   Code   RO         8016    i.USBD_SetCfg       usbd_core.o
    0x08007c00   0x08007c00   0x0000004c   Code   RO         8017    i.USBD_SetupStage   usbd_core.o
    0x08007c4c   0x08007c4c   0x000002e0   Code   RO         8176    i.USBD_StdDevReq    usbd_req.o
    0x08007f2c   0x08007f2c   0x00000134   Code   RO         8177    i.USBD_StdEPReq     usbd_req.o
    0x08008060   0x08008060   0x00000048   Code   RO         8178    i.USBD_StdItfReq    usbd_req.o
    0x080080a8   0x080080a8   0x0000001c   Code   RO         8018    i.USBD_Suspend      usbd_core.o
    0x080080c4   0x080080c4   0x00000020   Code   RO         2037    i.USBD_USR_ConfigStrDescriptor  driver_usbvcp.o
    0x080080e4   0x080080e4   0x0000000c   Code   RO         2038    i.USBD_USR_DeviceConfigured  driver_usbvcp.o
    0x080080f0   0x080080f0   0x0000000c   Code   RO         2039    i.USBD_USR_DeviceConnected  driver_usbvcp.o
    0x080080fc   0x080080fc   0x0000000c   Code   RO         2040    i.USBD_USR_DeviceDescriptor  driver_usbvcp.o
    0x08008108   0x08008108   0x0000000c   Code   RO         2041    i.USBD_USR_DeviceDisconnected  driver_usbvcp.o
    0x08008114   0x08008114   0x00000002   Code   RO         2042    i.USBD_USR_DeviceReset  driver_usbvcp.o
    0x08008116   0x08008116   0x00000002   PAD
    0x08008118   0x08008118   0x0000000c   Code   RO         2043    i.USBD_USR_DeviceResumed  driver_usbvcp.o
    0x08008124   0x08008124   0x0000000c   Code   RO         2044    i.USBD_USR_DeviceSuspended  driver_usbvcp.o
    0x08008130   0x08008130   0x00000002   Code   RO         2045    i.USBD_USR_Init     driver_usbvcp.o
    0x08008132   0x08008132   0x00000002   PAD
    0x08008134   0x08008134   0x00000024   Code   RO         2046    i.USBD_USR_InterfaceStrDescriptor  driver_usbvcp.o
    0x08008158   0x08008158   0x0000000c   Code   RO         2047    i.USBD_USR_LangIDStrDescriptor  driver_usbvcp.o
    0x08008164   0x08008164   0x00000028   Code   RO         2048    i.USBD_USR_ManufacturerStrDescriptor  driver_usbvcp.o
    0x0800818c   0x0800818c   0x00000064   Code   RO         2049    i.USBD_USR_ProductStrDescriptor  driver_usbvcp.o
    0x080081f0   0x080081f0   0x00000084   Code   RO         2050    i.USBD_USR_SerialStrDescriptor  driver_usbvcp.o
    0x08008274   0x08008274   0x0000000c   Code   RO         2051    i.USBD_cdc_GetCfgDesc  driver_usbvcp.o
    0x08008280   0x08008280   0x00000024   Code   RO         2055    i.USB_OTG_BSP_uDelay  driver_usbvcp.o
    0x080082a4   0x080082a4   0x0000003e   Code   RO         7656    i.USB_OTG_EP0Activate  usb_core.o
    0x080082e2   0x080082e2   0x000000c0   Code   RO         7657    i.USB_OTG_EP0StartXfer  usb_core.o
    0x080083a2   0x080083a2   0x00000002   PAD
    0x080083a4   0x080083a4   0x00000028   Code   RO         7658    i.USB_OTG_EP0_OutStart  usb_core.o
    0x080083cc   0x080083cc   0x0000005e   Code   RO         7659    i.USB_OTG_EPActivate  usb_core.o
    0x0800842a   0x0800842a   0x0000002e   Code   RO         7660    i.USB_OTG_EPClearStall  usb_core.o
    0x08008458   0x08008458   0x00000040   Code   RO         7661    i.USB_OTG_EPDeactivate  usb_core.o
    0x08008498   0x08008498   0x00000032   Code   RO         7662    i.USB_OTG_EPSetStall  usb_core.o
    0x080084ca   0x080084ca   0x00000002   PAD
    0x080084cc   0x080084cc   0x00000168   Code   RO         7663    i.USB_OTG_EPStartXfer  usb_core.o
    0x08008634   0x08008634   0x00000048   Code   RO         7667    i.USB_OTG_FlushTxFifo  usb_core.o
    0x0800867c   0x0800867c   0x00000020   Code   RO         7668    i.USB_OTG_GetDeviceSpeed  usb_core.o
    0x0800869c   0x0800869c   0x00000010   Code   RO         7672    i.USB_OTG_IsDeviceMode  usb_core.o
    0x080086ac   0x080086ac   0x0000000a   Code   RO         7674    i.USB_OTG_ReadCoreItr  usb_core.o
    0x080086b6   0x080086b6   0x0000000c   Code   RO         7675    i.USB_OTG_ReadDevAllInEPItr  usb_core.o
    0x080086c2   0x080086c2   0x0000000c   Code   RO         7676    i.USB_OTG_ReadDevAllOutEp_itr  usb_core.o
    0x080086ce   0x080086ce   0x00000010   Code   RO         7677    i.USB_OTG_ReadDevOutEP_itr  usb_core.o
    0x080086de   0x080086de   0x00000036   Code   RO         7679    i.USB_OTG_ReadPacket  usb_core.o
    0x08008714   0x08008714   0x00000056   Code   RO         7685    i.USB_OTG_WritePacket  usb_core.o
    0x0800876a   0x0800876a   0x00000002   Code   RO         6412    i.UsageFault_Handler  stm32f4xx_it.o
    0x0800876c   0x0800876c   0x00000004   Code   RO         2056    i.VCP_Ctrl          driver_usbvcp.o
    0x08008770   0x08008770   0x0000000a   Code   RO         2057    i.VCP_DataRx        driver_usbvcp.o
    0x0800877a   0x0800877a   0x00000004   Code   RO         2058    i.VCP_DataTx        driver_usbvcp.o
    0x0800877e   0x0800877e   0x00000004   Code   RO         2059    i.VCP_DeInit        driver_usbvcp.o
    0x08008782   0x08008782   0x00000004   Code   RO         2060    i.VCP_Init          driver_usbvcp.o
    0x08008786   0x08008786   0x00000002   Code   RO         3134    i.WWDG_IRQHandler   bsp_watchdog.o
    0x08008788   0x08008788   0x00000054   Code   RO         1233    i.Write_DATA        app.o
    0x080087dc   0x080087dc   0x0000003c   Code   RO         1111    i.XHCDataInit       xhc_task.o
    0x08008818   0x08008818   0x000000d0   Code   RO         1113    i.XHC_TaskUpdateTask  xhc_task.o
    0x080088e8   0x080088e8   0x00000020   Code   RO         9700    i.__0printf         mc_w.l(printfa.o)
    0x08008908   0x08008908   0x0000002c   Code   RO         9705    i.__0vsnprintf      mc_w.l(printfa.o)
    0x08008934   0x08008934   0x0000000e   Code   RO         9866    i.__scatterload_copy  mc_w.l(handlers.o)
    0x08008942   0x08008942   0x00000002   Code   RO         9867    i.__scatterload_null  mc_w.l(handlers.o)
    0x08008944   0x08008944   0x0000000e   Code   RO         9868    i.__scatterload_zeroinit  mc_w.l(handlers.o)
    0x08008952   0x08008952   0x00000002   PAD
    0x08008954   0x08008954   0x00000184   Code   RO         9707    i._fp_digits        mc_w.l(printfa.o)
    0x08008ad8   0x08008ad8   0x0000000e   Code   RO         9762    i._is_digit         mc_w.l(scanf_fp.o)
    0x08008ae6   0x08008ae6   0x00000002   PAD
    0x08008ae8   0x08008ae8   0x000006dc   Code   RO         9708    i._printf_core      mc_w.l(printfa.o)
    0x080091c4   0x080091c4   0x00000024   Code   RO         9709    i._printf_post_padding  mc_w.l(printfa.o)
    0x080091e8   0x080091e8   0x0000002e   Code   RO         9710    i._printf_pre_padding  mc_w.l(printfa.o)
    0x08009216   0x08009216   0x00000016   Code   RO         9711    i._snputc           mc_w.l(printfa.o)
    0x0800922c   0x0800922c   0x00000048   Code   RO            4    i.appInit           app_init.o
    0x08009274   0x08009274   0x00000034   Code   RO         8780    i.aqCalloc          util.o
    0x080092a8   0x080092a8   0x00000020   Code   RO         8782    i.aqFree            util.o
    0x080092c8   0x080092c8   0x00000038   Code   RO         1054    i.balanceInit       balance.o
    0x08009300   0x08009300   0x000001a8   Code   RO         1055    i.balanceUpdateTask  balance.o
    0x080094a8   0x080094a8   0x0000001c   Code   RO         1871    i.clockCountInit    driver_clockcount.o
    0x080094c4   0x080094c4   0x000000c4   Code   RO         8981    i.configFlashWrite  config.o
    0x08009588   0x08009588   0x00000150   Code   RO         8982    i.configInit        config.o
    0x080096d8   0x080096d8   0x0000016c   Code   RO         8983    i.configLoadDefault  config.o
    0x08009844   0x08009844   0x00000038   Code   RO          434    i.controlInit       control.o
    0x0800987c   0x0800987c   0x00000038   Code   RO          435    i.controlUpdateTask  control.o
    0x080098b4   0x080098b4   0x0000001c   Code   RO         8786    i.delay_ms          util.o
    0x080098d0   0x080098d0   0x00000022   Code   RO         8787    i.delay_us          util.o
    0x080098f2   0x080098f2   0x00000002   PAD
    0x080098f4   0x080098f4   0x00000056   Code   RO         9059    i.flashAddress      driver_flash.o
    0x0800994a   0x0800994a   0x00000002   PAD
    0x0800994c   0x0800994c   0x000001d0   Code   RO         9060    i.flashErase        driver_flash.o
    0x08009b1c   0x08009b1c   0x00000008   Code   RO         9062    i.flashStartAddr    driver_flash.o
    0x08009b24   0x08009b24   0x00000024   Code   RO         3292    i.fputc             usartx.o
    0x08009b48   0x08009b48   0x00000050   Code   RO         9728    i.free              mc_w.l(malloc.o)
    0x08009b98   0x08009b98   0x00000008   Code   RO          827    i.getsupervisorData  supervisor.o
    0x08009ba0   0x08009ba0   0x00000048   Code   RO          796    i.main              main.o
    0x08009be8   0x08009be8   0x0000006c   Code   RO         9729    i.malloc            mc_w.l(malloc.o)
    0x08009c54   0x08009c54   0x0000002c   Code   RO         1057    i.max_of_four       balance.o
    0x08009c80   0x08009c80   0x0000079c   Code   RO          604    i.odrivelUpdateTask  odrive.o
    0x0800a41c   0x0800a41c   0x00000074   Code   RO         7226    i.prvAddCurrentTaskToDelayedList  tasks.o
    0x0800a490   0x0800a490   0x00000068   Code   RO         7227    i.prvIdleTask       tasks.o
    0x0800a4f8   0x0800a4f8   0x000000cc   Code   RO         7547    i.prvSampleTimeNow  timers.o
    0x0800a5c4   0x0800a5c4   0x0000002c   Code   RO         6821    i.prvTaskExitError  port.o
    0x0800a5f0   0x0800a5f0   0x000002bc   Code   RO         7548    i.prvTimerTask      timers.o
    0x0800a8ac   0x0800a8ac   0x0000006c   Code   RO         7052    i.prvUnlockQueue    queue.o
    0x0800a918   0x0800a918   0x00000184   Code   RO         6896    i.pvPortMalloc      heap_4.o
    0x0800aa9c   0x0800aa9c   0x0000002c   Code   RO         6822    i.pxPortInitialiseStack  port.o
    0x0800aac8   0x0800aac8   0x0000005e   Code   RO         1235    i.time2_init        app.o
    0x0800ab26   0x0800ab26   0x00000002   PAD
    0x0800ab28   0x0800ab28   0x00000038   Code   RO         3293    i.u1_SendArray      usartx.o
    0x0800ab60   0x0800ab60   0x000000c0   Code   RO         3299    i.uart1_init        usartx.o
    0x0800ac20   0x0800ac20   0x000000d0   Code   RO         3300    i.uart2_init        usartx.o
    0x0800acf0   0x0800acf0   0x000000b0   Code   RO         3301    i.uart3_init        usartx.o
    0x0800ada0   0x0800ada0   0x00000002   Code   RO         2061    i.usbVCP_DataRX_Handle  driver_usbvcp.o
    0x0800ada2   0x0800ada2   0x00000002   PAD
    0x0800ada4   0x0800ada4   0x00000050   Code   RO         2063    i.usbVCP_Printf     driver_usbvcp.o
    0x0800adf4   0x0800adf4   0x00000070   Code   RO         2067    i.usbd_cdc_DataIn   driver_usbvcp.o
    0x0800ae64   0x0800ae64   0x00000034   Code   RO         2068    i.usbd_cdc_DataOut  driver_usbvcp.o
    0x0800ae98   0x0800ae98   0x00000028   Code   RO         2069    i.usbd_cdc_DeInit   driver_usbvcp.o
    0x0800aec0   0x0800aec0   0x00000024   Code   RO         2070    i.usbd_cdc_EP0_RxReady  driver_usbvcp.o
    0x0800aee4   0x0800aee4   0x00000050   Code   RO         2071    i.usbd_cdc_Init     driver_usbvcp.o
    0x0800af34   0x0800af34   0x00000084   Code   RO         2072    i.usbd_cdc_SOF      driver_usbvcp.o
    0x0800afb8   0x0800afb8   0x000000a0   Code   RO         2073    i.usbd_cdc_Setup    driver_usbvcp.o
    0x0800b058   0x0800b058   0x00000026   Code   RO         6779    i.uxListRemove      list.o
    0x0800b07e   0x0800b07e   0x00000002   Code   RO         8735    i.vApplicationIdleHook  cpu_utils.o
    0x0800b080   0x0800b080   0x00000002   Code   RO         8737    i.vApplicationStackOverflowHook  cpu_utils.o
    0x0800b082   0x0800b082   0x00000016   Code   RO         6780    i.vListInitialise   list.o
    0x0800b098   0x0800b098   0x00000006   Code   RO         6781    i.vListInitialiseItem  list.o
    0x0800b09e   0x0800b09e   0x00000002   PAD
    0x0800b0a0   0x0800b0a0   0x0000003a   Code   RO         6782    i.vListInsert       list.o
    0x0800b0da   0x0800b0da   0x00000018   Code   RO         6783    i.vListInsertEnd    list.o
    0x0800b0f2   0x0800b0f2   0x00000002   PAD
    0x0800b0f4   0x0800b0f4   0x00000040   Code   RO         6824    i.vPortEnterCritical  port.o
    0x0800b134   0x0800b134   0x0000002c   Code   RO         6825    i.vPortExitCritical  port.o
    0x0800b160   0x0800b160   0x000000a4   Code   RO         6897    i.vPortFree         heap_4.o
    0x0800b204   0x0800b204   0x00000054   Code   RO         6827    i.vPortValidateInterruptPriority  port.o
    0x0800b258   0x0800b258   0x00000028   Code   RO         7058    i.vQueueAddToRegistry  queue.o
    0x0800b280   0x0800b280   0x0000004a   Code   RO         7062    i.vQueueWaitForMessageRestricted  queue.o
    0x0800b2ca   0x0800b2ca   0x00000002   PAD
    0x0800b2cc   0x0800b2cc   0x00000090   Code   RO         7239    i.vTaskDelayUntil   tasks.o
    0x0800b35c   0x0800b35c   0x000000d4   Code   RO         7240    i.vTaskDelete       tasks.o
    0x0800b430   0x0800b430   0x00000010   Code   RO         7244    i.vTaskInternalSetTimeOutState  tasks.o
    0x0800b440   0x0800b440   0x0000000c   Code   RO         7246    i.vTaskMissedYield  tasks.o
    0x0800b44c   0x0800b44c   0x00000034   Code   RO         7248    i.vTaskPlaceOnEventList  tasks.o
    0x0800b480   0x0800b480   0x0000003c   Code   RO         7249    i.vTaskPlaceOnEventListRestricted  tasks.o
    0x0800b4bc   0x0800b4bc   0x00000080   Code   RO         7257    i.vTaskStartScheduler  tasks.o
    0x0800b53c   0x0800b53c   0x00000010   Code   RO         7259    i.vTaskSuspendAll   tasks.o
    0x0800b54c   0x0800b54c   0x00000094   Code   RO         7260    i.vTaskSwitchContext  tasks.o
    0x0800b5e0   0x0800b5e0   0x00000238   Code   RO         3543    i.vofa_sendData     vofa.o
    0x0800b818   0x0800b818   0x0000001a   Code   RO         6954    i.xEventGroupCreate  event_groups.o
    0x0800b832   0x0800b832   0x00000002   PAD
    0x0800b834   0x0800b834   0x00000124   Code   RO         6828    i.xPortStartScheduler  port.o
    0x0800b958   0x0800b958   0x0000008e   Code   RO         7065    i.xQueueGenericCreate  queue.o
    0x0800b9e6   0x0800b9e6   0x00000002   PAD
    0x0800b9e8   0x0800b9e8   0x000001d4   Code   RO         7067    i.xQueueGenericSend  queue.o
    0x0800bbbc   0x0800bbbc   0x0000011a   Code   RO         7068    i.xQueueGenericSendFromISR  queue.o
    0x0800bcd6   0x0800bcd6   0x00000002   PAD
    0x0800bcd8   0x0800bcd8   0x00000158   Code   RO         7075    i.xQueueReceive     queue.o
    0x0800be30   0x0800be30   0x00000080   Code   RO         7261    i.xTaskCheckForTimeOut  tasks.o
    0x0800beb0   0x0800beb0   0x0000018c   Code   RO         7262    i.xTaskCreate       tasks.o
    0x0800c03c   0x0800c03c   0x0000001c   Code   RO         7266    i.xTaskGetSchedulerState  tasks.o
    0x0800c058   0x0800c058   0x0000000c   Code   RO         7267    i.xTaskGetTickCount  tasks.o
    0x0800c064   0x0800c064   0x000000ec   Code   RO         7269    i.xTaskIncrementTick  tasks.o
    0x0800c150   0x0800c150   0x0000009c   Code   RO         7272    i.xTaskPriorityDisinherit  tasks.o
    0x0800c1ec   0x0800c1ec   0x00000078   Code   RO         7274    i.xTaskRemoveFromEventList  tasks.o
    0x0800c264   0x0800c264   0x000001c0   Code   RO         7275    i.xTaskResumeAll    tasks.o
    0x0800c424   0x0800c424   0x00000090   Code   RO         7554    i.xTimerCreateTimerTask  timers.o
    0x0800c4b4   0x0800c4b4   0x00000078   Code   RO         7555    i.xTimerGenericCommand  timers.o
    0x0800c52c   0x0800c52c   0x0000000e   Data   RO         2672    .constdata          bsp_can.o
    0x0800c53a   0x0800c53a   0x00000002   PAD
    0x0800c53c   0x0800c53c   0x00000008   Data   RO         2796    .constdata          bsp_gpio.o
    0x0800c544   0x0800c544   0x00000008   Data   RO         2797    .constdata          bsp_gpio.o
    0x0800c54c   0x0800c54c   0x00000040   Data   RO         9862    .constdata          mc_w.l(ctype_c.o)
    0x0800c58c   0x0800c58c   0x00000020   Data   RO         9864    Region$$Table       anon$$obj.o


    Execution Region ER_RW (Exec base: 0x20000000, Load base: 0x0800c5ac, Size: 0x000004c4, Max: 0xffffffff, ABSOLUTE, COMPRESSED[0x0000013c])

    Exec Addr    Load Addr    Size         Type   Attr      Idx    E Section Name        Object

    0x20000000   COMPRESSED   0x00000004   Data   RW            5    .data               app_init.o
    0x20000004   COMPRESSED   0x00000004   Data   RW          438    .data               control.o
    0x20000008   COMPRESSED   0x00000004   Data   RW          441    .data               control.o
    0x2000000c   COMPRESSED   0x00000004   Data   RW          442    .data               control.o
    0x20000010   COMPRESSED   0x00000004   Data   RW          443    .data               control.o
    0x20000014   COMPRESSED   0x00000004   Data   RW          609    .data               odrive.o
    0x20000018   COMPRESSED   0x00000004   Data   RW          797    .data               main.o
    0x2000001c   COMPRESSED   0x00000124   Data   RW          930    .data               pid.o
    0x20000140   COMPRESSED   0x00000006   Data   RW         1061    .data               balance.o
    0x20000146   COMPRESSED   0x00000006   Data   RW         1062    .data               balance.o
    0x2000014c   COMPRESSED   0x00000006   Data   RW         1063    .data               balance.o
    0x20000152   COMPRESSED   0x00000002   PAD
    0x20000154   COMPRESSED   0x000000a9   Data   RW         1238    .data               app.o
    0x200001fd   COMPRESSED   0x00000003   PAD
    0x20000200   COMPRESSED   0x00000004   Data   RW         1239    .data               app.o
    0x20000204   COMPRESSED   0x00000004   Data   RW         1240    .data               app.o
    0x20000208   COMPRESSED   0x00000004   Data   RW         1243    .data               app.o
    0x2000020c   COMPRESSED   0x00000004   Data   RW         1245    .data               app.o
    0x20000210   COMPRESSED   0x00000004   Data   RW         1246    .data               app.o
    0x20000214   COMPRESSED   0x00000004   Data   RW         1247    .data               app.o
    0x20000218   COMPRESSED   0x00000001   Data   RW         1253    .data               app.o
    0x20000219   COMPRESSED   0x00000003   PAD
    0x2000021c   COMPRESSED   0x00000004   Data   RW         1255    .data               app.o
    0x20000220   COMPRESSED   0x00000002   Data   RW         1264    .data               app.o
    0x20000222   COMPRESSED   0x00000002   Data   RW         1269    .data               app.o
    0x20000224   COMPRESSED   0x00000001   Data   RW         1275    .data               app.o
    0x20000225   COMPRESSED   0x00000001   Data   RW         1276    .data               app.o
    0x20000226   COMPRESSED   0x00000001   Data   RW         1277    .data               app.o
    0x20000227   COMPRESSED   0x00000001   Data   RW         1282    .data               app.o
    0x20000228   COMPRESSED   0x00000001   Data   RW         1284    .data               app.o
    0x20000229   COMPRESSED   0x00000001   Data   RW         1285    .data               app.o
    0x2000022a   COMPRESSED   0x00000001   Data   RW         1288    .data               app.o
    0x2000022b   COMPRESSED   0x00000001   Data   RW         1289    .data               app.o
    0x2000022c   COMPRESSED   0x00000001   Data   RW         1290    .data               app.o
    0x2000022d   COMPRESSED   0x00000001   Data   RW         1291    .data               app.o
    0x2000022e   COMPRESSED   0x00000002   Data   RW         1292    .data               app.o
    0x20000230   COMPRESSED   0x00000001   Data   RW         1293    .data               app.o
    0x20000231   COMPRESSED   0x00000001   Data   RW         1294    .data               app.o
    0x20000232   COMPRESSED   0x00000001   Data   RW         1295    .data               app.o
    0x20000233   COMPRESSED   0x00000001   Data   RW         1296    .data               app.o
    0x20000234   COMPRESSED   0x00000001   Data   RW         1297    .data               app.o
    0x20000235   COMPRESSED   0x00000001   Data   RW         1298    .data               app.o
    0x20000236   COMPRESSED   0x00000001   Data   RW         1299    .data               app.o
    0x20000237   COMPRESSED   0x00000001   Data   RW         1300    .data               app.o
    0x20000238   COMPRESSED   0x00000001   Data   RW         1301    .data               app.o
    0x20000239   COMPRESSED   0x00000001   Data   RW         1302    .data               app.o
    0x2000023a   COMPRESSED   0x00000001   Data   RW         1303    .data               app.o
    0x2000023b   COMPRESSED   0x00000001   PAD
    0x2000023c   COMPRESSED   0x00000002   Data   RW         1304    .data               app.o
    0x2000023e   COMPRESSED   0x00000001   Data   RW         1305    .data               app.o
    0x2000023f   COMPRESSED   0x00000001   Data   RW         1306    .data               app.o
    0x20000240   COMPRESSED   0x00000004   Data   RW         1310    .data               app.o
    0x20000244   COMPRESSED   0x00000051   Data   RW         1537    .data               state.o
    0x20000295   COMPRESSED   0x00000001   Data   RW         1539    .data               state.o
    0x20000296   COMPRESSED   0x00000002   Data   RW         1558    .data               state.o
    0x20000298   COMPRESSED   0x00000002   Data   RW         1559    .data               state.o
    0x2000029a   COMPRESSED   0x00000002   Data   RW         1560    .data               state.o
    0x2000029c   COMPRESSED   0x00000002   Data   RW         1561    .data               state.o
    0x2000029e   COMPRESSED   0x00000002   Data   RW         1562    .data               state.o
    0x200002a0   COMPRESSED   0x00000002   Data   RW         1563    .data               state.o
    0x200002a2   COMPRESSED   0x00000002   Data   RW         1564    .data               state.o
    0x200002a4   COMPRESSED   0x00000002   Data   RW         1565    .data               state.o
    0x200002a6   COMPRESSED   0x00000002   Data   RW         1825    .data               myadc.o
    0x200002a8   COMPRESSED   0x00000004   Data   RW         1826    .data               myadc.o
    0x200002ac   COMPRESSED   0x00000004   Data   RW         1827    .data               myadc.o
    0x200002b0   COMPRESSED   0x00000004   Data   RW         1872    .data               driver_clockcount.o
    0x200002b4   COMPRESSED   0x00000114   Data   RW         2076    .data               driver_usbvcp.o
    0x200003c8   COMPRESSED   0x00000010   Data   RW         3310    .data               usartx.o
    0x200003d8   COMPRESSED   0x00000004   Data   RW         3311    .data               usartx.o
    0x200003dc   COMPRESSED   0x00000010   Data   RW         4255    .data               stm32f4xx_rcc.o
    0x200003ec   COMPRESSED   0x0000000c   Data   RW         6829    .data               port.o
    0x200003f8   COMPRESSED   0x00000018   Data   RW         6902    .data               heap_4.o
    0x20000410   COMPRESSED   0x00000044   Data   RW         7278    .data               tasks.o
    0x20000454   COMPRESSED   0x00000014   Data   RW         7563    .data               timers.o
    0x20000468   COMPRESSED   0x0000002c   Data   RW         8019    .data               usbd_core.o
    0x20000494   COMPRESSED   0x00000004   Data   RW         8020    .data               usbd_core.o
    0x20000498   COMPRESSED   0x00000004   Data   RW         8021    .data               usbd_core.o
    0x2000049c   COMPRESSED   0x00000010   Data   RW         8179    .data               usbd_req.o
    0x200004ac   COMPRESSED   0x00000010   Data   RW         8803    .data               util.o
    0x200004bc   COMPRESSED   0x00000004   Data   RW         9827    .data               mc_w.l(mvars.o)
    0x200004c0   COMPRESSED   0x00000004   Data   RW         9828    .data               mc_w.l(mvars.o)


    Execution Region ER_ZI (Exec base: 0x200004c4, Load base: 0x0800c6e8, Size: 0x0001381c, Max: 0xffffffff, ABSOLUTE)

    Exec Addr    Load Addr    Size         Type   Attr      Idx    E Section Name        Object

    0x200004c4        -       0x0000000c   Zero   RW          437    .bss                control.o
    0x200004d0        -       0x0000024c   Zero   RW          606    .bss                odrive.o
    0x2000071c        -       0x00000053   Zero   RW          835    .bss                supervisor.o
    0x2000076f   0x0800c6e8   0x00000001   PAD
    0x20000770        -       0x00000048   Zero   RW          929    .bss                pid.o
    0x200007b8        -       0x00000023   Zero   RW         1059    .bss                balance.o
    0x200007db        -       0x00000010   Zero   RW         1060    .bss                balance.o
    0x200007eb        -       0x00000009   Zero   RW         1115    .bss                xhc_task.o
    0x200007f4        -       0x00000020   Zero   RW         1161    .bss                can2_task.o
    0x20000814        -       0x000001b5   Zero   RW         1236    .bss                app.o
    0x200009c9        -       0x0000059c   Zero   RW         1533    .bss                state.o
    0x20000f65   0x0800c6e8   0x00000001   PAD
    0x20000f66        -       0x00000014   Zero   RW         1824    .bss                myadc.o
    0x20000f7a   0x0800c6e8   0x00000002   PAD
    0x20000f7c        -       0x00000f34   Zero   RW         2075    .bss                driver_usbvcp.o
    0x20001eb0        -       0x00000820   Zero   RW         3307    .bss                usartx.o
    0x200026d0        -       0x0000f000   Zero   RW         6901    .bss                heap_4.o
    0x200116d0        -       0x00000040   Zero   RW         7079    .bss                queue.o
    0x20011710        -       0x000001a4   Zero   RW         7277    .bss                tasks.o
    0x200118b4        -       0x00000028   Zero   RW         7562    .bss                timers.o
    0x200118dc   0x0800c6e8   0x00000004   PAD
    0x200118e0        -       0x00002000   Zero   RW         8971    HEAP                startup_stm32f40_41xxx.o
    0x200138e0        -       0x00000400   Zero   RW         8970    STACK               startup_stm32f40_41xxx.o



  Load Region LR$$.ARM.__AT_0x10006000 (Base: 0x10006000, Size: 0x00000000, Max: 0x000000dc, ABSOLUTE)

    Execution Region ER$$.ARM.__AT_0x10006000 (Exec base: 0x10006000, Load base: 0x10006000, Size: 0x000000dc, Max: 0x000000dc, ABSOLUTE, UNINIT)

    Exec Addr    Load Addr    Size         Type   Attr      Idx    E Section Name        Object

    0x10006000        -       0x000000dc   Zero   RW         8989    .ARM.__AT_0x10006000  config.o


==============================================================================

Image component sizes


      Code (inc. data)   RO Data    RW Data    ZI Data      Debug   Object Name

      3310        264          0        233        437      19233   app.o
        72         10          0          4          0     394794   app_init.o
       524         76          0         18         51       3845   balance.o
       540         24         14          0          0      19297   bsp_can.o
       880         48          0          0          0       7075   bsp_eeprom.o
         0          0          0          0          0      15480   bsp_exit.o
       408          0         16          0          0      19249   bsp_gpio.o
       536          0          0          0          0       3302   bsp_timer.o
         2          0          0          0          0        450   bsp_watchdog.o
       880        130          0          0         32       3433   can2_task.o
       204          8          0          0          0       1665   cigan.o
         0          0          0          0          0       1456   clockcount.o
       896        174          0          0        220       6971   config.o
       112         24          0         16         12       3206   control.o
         4          0          0          0          0        983   cpu_utils.o
        28          8          0          4          0       1390   driver_clockcount.o
       558         10          0          0          0       3253   driver_flash.o
      1208        268          0        276       3892      26491   driver_usbvcp.o
        96         18          0          0          0       1181   encoder.o
        26          0          0          0          0      10234   event_groups.o
       552         22          0         24      61440      11647   heap_4.o
       248         24          0          0          0       2599   isp_exit.o
         6          0          0          0          0       1326   isp_spi.o
        64         10          0          0          0       2842   isp_tim.o
       148          0          0          0          0       3142   list.o
        72         32          0          4          0       1043   main.o
       132         12          0          0          0       1735   misc.o
       408         50          0         10         20       2931   myadc.o
      5788        154          0          4        588      21538   odrive.o
       212         28          0        292         72       9503   pid.o
       806         90          0         12          0      10965   port.o
      1458         14          0          0         64      11770   queue.o
        36          8        392          0       9216        860   startup_stm32f40_41xxx.o
      5592        836          0         98       1436      18315   state.o
       370         12          0          0          0       7199   stm32f4xx_adc.o
      1612         56          0          0          0      12054   stm32f4xx_can.o
       678        126          0          0          0       7447   stm32f4xx_dma.o
       188         26          0          0          0       2909   stm32f4xx_exti.o
       448         50          0          0          0       5941   stm32f4xx_flash.o
       214          0          0          0          0       3725   stm32f4xx_gpio.o
        30          6          0          0          0       3161   stm32f4xx_it.o
       264         42          0         16          0       5804   stm32f4xx_rcc.o
        46          0          0          0          0        696   stm32f4xx_syscfg.o
       330          8          0          0          0       8411   stm32f4xx_tim.o
       392          4          0          0          0       7820   stm32f4xx_usart.o
         8          4          0          0         83       1440   supervisor.o
       260         36          0          0          0       1297   system_stm32f4xx.o
      2532        202          0         68        420      21347   tasks.o
      1168         64          0         20         40       8807   timers.o
      2836        654          0         20       2080      14120   usartx.o
      1218         10          0          0          0      33782   usb_core.o
       370          0          0          0          0       5405   usb_dcd.o
      1544         80          0          0          0       5383   usb_dcd_int.o
       578          6          0         52          0       9658   usbd_core.o
       168          0          0          0          0       4584   usbd_ioreq.o
      1316         54          0         16          0       7768   usbd_req.o
       146         10          0         16          0       5770   util.o
       568          6          0          0          0       2682   vofa.o
       268         50          0          0          9       1938   xhc_task.o

    ----------------------------------------------------------------------
     43418       3852        456       1212      80120     832352   Object Totals
         0          0         32          0          0          0   (incl. Generated)
        60          4          2          9          8          0   (incl. Padding)

    ----------------------------------------------------------------------

      Code (inc. data)   RO Data    RW Data    ZI Data      Debug   Library Member Name

        56          8          0          0          0         84   __0sscanf.o
        86          0          0          0          0          0   __dczerorl2.o
        28          0          0          0          0         68   _chval.o
       812          4          0          0          0        112   _scanf.o
       332          0          0          0          0         96   _scanf_int.o
        64          0          0          0          0         84   _sgetc.o
        40          6         64          0          0         68   ctype_c.o
         0          0          0          0          0          0   entry.o
         0          0          0          0          0          0   entry10a.o
         0          0          0          0          0          0   entry11a.o
         8          4          0          0          0          0   entry2.o
         4          0          0          0          0          0   entry5.o
         0          0          0          0          0          0   entry7b.o
         0          0          0          0          0          0   entry8b.o
         8          4          0          0          0          0   entry9a.o
        30          0          0          0          0          0   handlers.o
        36          8          0          0          0         68   init.o
        10          0          0          0          0         68   isspace_c.o
         0          0          0          0          0          0   iusefp.o
        30          0          0          0          0         68   llshl.o
        36          0          0          0          0         68   llsshr.o
        32          0          0          0          0         68   llushr.o
       188         20          0          0          0        160   malloc.o
        36          0          0          0          0         68   memcpya.o
        36          0          0          0          0        108   memseta.o
         0          0          0          8          0          0   mvars.o
      2324         94          0          0          0        600   printfa.o
        40          8          0          0          0         84   scanf_char.o
       878         12          0          0          0        216   scanf_fp.o
        30          0          0          0          0         80   strncmp.o
        44          0          0          0          0         80   uidiv.o
        98          0          0          0          0         92   uldiv.o
        48          0          0          0          0         68   cdrcmple.o
        56          0          0          0          0         88   d2f.o
       334          0          0          0          0        148   dadd.o
       222          0          0          0          0        100   ddiv.o
       186          0          0          0          0        176   depilogue.o
        50          0          0          0          0         76   dfixui.o
        48          0          0          0          0         68   dfixul.o
        26          0          0          0          0         76   dfltui.o
        24          0          0          0          0         76   dfltul.o
       228          0          0          0          0         96   dmul.o
        38          0          0          0          0         68   f2d.o
       110          0          0          0          0        168   fepilogue.o

    ----------------------------------------------------------------------
      6666        168         64          8          0       3548   Library Totals
        10          0          0          0          0          0   (incl. Padding)

    ----------------------------------------------------------------------

      Code (inc. data)   RO Data    RW Data    ZI Data      Debug   Library Name

      5286        168         64          8          0       2340   mc_w.l
      1370          0          0          0          0       1208   mf_w.l

    ----------------------------------------------------------------------
      6666        168         64          8          0       3548   Library Totals

    ----------------------------------------------------------------------

==============================================================================


      Code (inc. data)   RO Data    RW Data    ZI Data      Debug   

     50084       4020        520       1220      80120     803160   Grand Totals
     50084       4020        520        316      80120     803160   ELF Image Totals (compressed)
     50084       4020        520        316          0          0   ROM Totals

==============================================================================

    Total RO  Size (Code + RO Data)                50604 (  49.42kB)
    Total RW  Size (RW Data + ZI Data)             81340 (  79.43kB)
    Total ROM Size (Code + RO Data + RW Data)      50920 (  49.73kB)

==============================================================================

