<html>
<body>
<pre>
<h1>µVision Build Log</h1>
<h2>Tool Versions:</h2>
IDE-Version: ¦ÌVision V5.36.0.0
Copyright (C) 2021 ARM Ltd and ARM Germany GmbH. All rights reserved.
License Information: 999 LWT, 333, LIC=IK1BF-69NTA-Y81FK-Z452D-MV3YF-JY1IZ
 
Tool Versions:
Toolchain:       MDK-ARM Plus  Version: 5.36.0.0
Toolchain Path:  D:\Keil_v5\ARM\ARMCC\Bin
C Compiler:      Armcc.exe V5.06 update 7 (build 960)
Assembler:       Armasm.exe V5.06 update 7 (build 960)
Linker/Locator:  ArmLink.exe V5.06 update 7 (build 960)
Library Manager: ArmAr.exe V5.06 update 7 (build 960)
Hex Converter:   FromElf.exe V5.06 update 7 (build 960)
CPU DLL:         SARMCM3.DLL V5.36.0.0
Dialog DLL:      DCM.DLL V1.17.3.0
Target DLL:      CMSIS_AGDI.dll V1.33.0.0
Dialog DLL:      TCM.DLL V1.53.0.0
 
<h2>Project:</h2>
C:\Users\LWT\Desktop\odrive_xhc-55\ModularReader.uvprojx
Project File Date:  09/26/2024

<h2>Output:</h2>
*** Using Compiler 'V5.06 update 7 (build 960)', folder: 'D:\Keil_v5\ARM\ARMCC\Bin'
Build target 'ModularReader'
compiling lcd.c...
compiling clockcount.c...
compiling main.c...
compiling supervisor.c...
compiling app_Init.c...
compiling control.c...
compiling pid.c...
Applications\pid.c(369): warning:  #1035-D: single-precision operand implicitly converted to double-precision
  	if(Pwm>0.1) Pwm  =  0.1;
Applications\pid.c(489): warning:  #550-D: variable "dInput"  was set but never used
      static float Bias,Pwm,Last_Bias,Integral_bias=0,Position_KP,Position_KI,Position_KD,last_dev,this_dev,alpha,last_Input,dInput;
Applications\pid.c: 2 warnings, 0 errors
compiling odrive.c...
Applications\odrive.c(1327): warning:  #111-D: statement is unreachable
  						break;								
Applications\odrive.c(1389): warning:  #111-D: statement is unreachable
  						break;								
Applications\odrive.c(1453): warning:  #111-D: statement is unreachable
  						break;								
Applications\odrive.c(1515): warning:  #111-D: statement is unreachable
  						break;								
Applications\odrive.c: 4 warnings, 0 errors
compiling driver_crc.c...
compiling driver_clockCount.c...
compiling driver_rgb.c...
compiling XHC_Task.c...
compiling balance.c...
Applications\balance.c(73): warning:  #1035-D: single-precision operand implicitly converted to double-precision
  				}else if(OdReceivedData.vel_estimate[1].float_temp * 0.2199f  > 0.2){
Applications\balance.c(195): warning:  #1035-D: single-precision operand implicitly converted to double-precision
  				if(Motor_SpeedB_Goal.target >= 700.0){
Applications\balance.c(200): warning:  #1035-D: single-precision operand implicitly converted to double-precision
  				else if(Motor_SpeedB_Goal.target < 700.0 && Motor_SpeedB_Goal.target >=0){
Applications\balance.c(271): warning:  #1035-D: single-precision operand implicitly converted to double-precision
  				if(Motor_SpeedB_Goal.target >= 5000.0){
Applications\balance.c(276): warning:  #1035-D: single-precision operand implicitly converted to double-precision
  				else if(Motor_SpeedB_Goal.target < 5000.0 && Motor_SpeedB_Goal.target >=0){
Applications\balance.c: 5 warnings, 0 errors
compiling ISP_USART.c...
compiling CAN1_Task.c...
compiling driver_usbvcp.c...
compiling isp_exit.c...
compiling JY60.c...
BSP\JY60.c(94): warning:  #223-D: function "fabs" declared implicitly
  	if(fabs(bbb[0]>0)){
BSP\JY60.c(106): warning:  #177-D: variable "A"  was declared but never referenced
  	static float A = 0;
BSP\JY60.c: 2 warnings, 0 errors
compiling bsp_can.c...
compiling bsp_exit.c...
compiling isp_spi.c...
compiling driver_key.c...
compiling driver_lcd.c...
compiling BSP_DMA.c...
compiling isp_tim.c...
compiling BSP_USART.c...
compiling bsp_spi_hw.c...
compiling bsp_gpio.c...
compiling bsp_watchDog.c...
compiling bsp_timer.c...
compiling bsp_pwm.c...
compiling vofa.c...
compiling cigan.c...
compiling bsp_iic.c...
compiling stm32f4xx_adc.c...
compiling misc.c...
compiling usartx.c...
BSP\usartx.c(544): warning:  #550-D: variable "Res"  was set but never used
  	u8 Res;
BSP\usartx.c(816): warning:  #188-D: enumerated type mixed with another type
  				OdriveData.AxisState[0] = 27;
BSP\usartx.c(994): warning:  #188-D: enumerated type mixed with another type
  				OdriveData.AxisState[0] = 27;
BSP\usartx.c(1222): warning:  #177-D: variable "out"  was declared but never referenced
  	float out = 0;
BSP\usartx.c: 4 warnings, 0 errors
compiling stm32f4xx_can.c...
compiling stm32f4xx_rcc.c...
compiling stm32f4xx_spi.c...
compiling encoder.c...
compiling stm32f4xx_syscfg.c...
compiling stm32f4xx_usart.c...
compiling stm32f4xx_gpio.c...
compiling stm32f4xx_dma.c...
compiling stm32f4xx_exti.c...
compiling stm32f4xx_dac.c...
compiling stm32f4xx_tim.c...
compiling list.c...
compiling stm32f4xx_i2c.c...
compiling port.c...
compiling stm32f4xx_it.c...
compiling stm32f4xx_iwdg.c...
compiling stm32f4xx_wwdg.c...
compiling heap_4.c...
compiling stm32f4xx_flash.c...
compiling croutine.c...
compiling event_groups.c...
compiling stm32f4xx_sdio.c...
compiling timers.c...
compiling queue.c...
compiling tasks.c...
compiling usbd_ioreq.c...
compiling usbd_core.c...
compiling usb_dcd.c...
compiling usb_dcd_int.c...
compiling usbd_req.c...
compiling usb_core.c...
compiling ramp.c...
compiling algebra.c...
compiling Ano_Math.c...
compiling cpu_utils.c...
assembling startup_stm32f40_41xxx.s...
compiling rotations.c...
compiling system_stm32f4xx.c...
compiling matrix.c...
compiling util.c...
compiling driver_laser.c...
compiling srcdkf.c...
compiling MODBUSProtocol.c...
compiling driver_flash.c...
compiling bsp_flash.c...
compiling config.c...
linking...
Program Size: Code=43412 RO-data=528 RW-data=904 ZI-data=78964  
FromELF: creating hex file...
After Build - User command #1: fromelf --bin -o ".\bin_file\ModularReader.bin" "C:\Users\LWT\Desktop\odrive_xhc-55\Objects\ModularReader.axf"
".\Objects\ModularReader.axf" - 0 Error(s), 17 Warning(s).

<h2>Software Packages used:</h2>

Package Vendor: Keil
                http://www.keil.com/pack/Keil.STM32F4xx_DFP.2.15.0.pack
                Keil.STM32F4xx_DFP.2.15.0
                STMicroelectronics STM32F4 Series Device Support, Drivers and Examples

<h2>Collection of Component include folders:</h2>
  D:\Users\LWT\AppData\Local\Arm\Packs\Keil\STM32F4xx_DFP\2.15.0\Drivers\CMSIS\Device\ST\STM32F4xx\Include

<h2>Collection of Component Files used:</h2>
Build Time Elapsed:  00:00:22
</pre>
</body>
</html>
