<html>
<body>
<pre>
<h1>µVision Build Log</h1>
<h2>Tool Versions:</h2>
IDE-Version: ¦ÌVision V5.25.3.0
Copyright (C) 2018 ARM Ltd and ARM Germany GmbH. All rights reserved.
License Information: 222 1335980586@qq.com, 222, LIC=RC93N-YN7AZ-WFDI7-E0AQ1-KTD5T-K133B
 
Tool Versions:
Toolchain:       MDK-ARM Plus  Version: 5.31.0.0
Toolchain Path:  D:\ARM\ARMCC\Bin
C Compiler:      Armcc.exe V5.06 update 6 (build 750)
Assembler:       Armasm.exe V5.06 update 6 (build 750)
Linker/Locator:  ArmLink.exe V5.06 update 6 (build 750)
Library Manager: ArmAr.exe V5.06 update 6 (build 750)
Hex Converter:   FromElf.exe V5.06 update 6 (build 750)
CPU DLL:         SARMCM3.DLL V5.31.0.0
Dialog DLL:      DCM.DLL V1.17.3.0
Target DLL:      CMSIS_AGDI.dll V1.32.6.0
Dialog DLL:      TCM.DLL V1.46.0.0
 
<h2>Project:</h2>
C:\Users\13359\Desktop\AGV\ODrive_XHC\ModularReader.uvprojx
Project File Date:  07/12/2024

<h2>Output:</h2>
*** Using Compiler 'V5.06 update 6 (build 750)', folder: 'D:\ARM\ARMCC\Bin'
Build target 'ModularReader'
compiling lcd.c...
compiling driver_crc.c...
compiling clockcount.c...
compiling driver_clockCount.c...
compiling balance.c...
Applications\balance.c(151): warning:  #1035-D: single-precision operand implicitly converted to double-precision
  				if(Motor_SpeedB_Goal.target >= 700.0){
Applications\balance.c(156): warning:  #1035-D: single-precision operand implicitly converted to double-precision
  				else if(Motor_SpeedB_Goal.target < 700.0 && Motor_SpeedB_Goal.target >=0){
Applications\balance.c: 2 warnings, 0 errors
compiling main.c...
compiling app_Init.c...
compiling control.c...
compiling supervisor.c...
compiling driver_rgb.c...
compiling pid.c...
Applications\pid.c(349): warning:  #1035-D: single-precision operand implicitly converted to double-precision
  	if(Pwm>0.1) Pwm  =  0.1;
Applications\pid.c(469): warning:  #550-D: variable "dInput"  was set but never used
      static float Bias,Pwm,Last_Bias,Integral_bias=0,Position_KP,Position_KI,Position_KD,last_dev,this_dev,alpha,last_Input,dInput;
Applications\pid.c: 2 warnings, 0 errors
compiling odrive.c...
Applications\odrive.c(994): warning:  #111-D: statement is unreachable
  						break;								
Applications\odrive.c(1052): warning:  #111-D: statement is unreachable
  						break;								
Applications\odrive.c(1111): warning:  #111-D: statement is unreachable
  						break;								
Applications\odrive.c(1219): warning:  #111-D: statement is unreachable
  						break;								
Applications\odrive.c(1264): warning:  #111-D: statement is unreachable
  						break;								
Applications\odrive.c(1345): warning:  #111-D: statement is unreachable
  						break;							
Applications\odrive.c(1367): warning:  #111-D: statement is unreachable
  						break;							
Applications\odrive.c: 7 warnings, 0 errors
compiling ISP_USART.c...
compiling driver_usbvcp.c...
compiling isp_exit.c...
compiling isp_spi.c...
compiling JY60.c...
BSP\JY60.c(94): warning:  #223-D: function "fabs" declared implicitly
  	if(fabs(bbb[0]>0)){
BSP\JY60.c(106): warning:  #177-D: variable "A"  was declared but never referenced
  	static float A = 0;
BSP\JY60.c: 2 warnings, 0 errors
compiling driver_lcd.c...
compiling bsp_can.c...
compiling driver_key.c...
compiling isp_tim.c...
compiling bsp_exit.c...
compiling bsp_gpio.c...
compiling BSP_DMA.c...
compiling BSP_USART.c...
compiling bsp_spi_hw.c...
compiling bsp_timer.c...
compiling bsp_pwm.c...
compiling bsp_watchDog.c...
compiling vofa.c...
compiling cigan.c...
compiling bsp_iic.c...
compiling misc.c...
compiling stm32f4xx_adc.c...
compiling stm32f4xx_can.c...
compiling usartx.c...
BSP\usartx.c(544): warning:  #550-D: variable "Res"  was set but never used
  	u8 Res;
BSP\usartx.c(816): warning:  #188-D: enumerated type mixed with another type
  				OdriveData.AxisState[0] = 27;
BSP\usartx.c(994): warning:  #188-D: enumerated type mixed with another type
  				OdriveData.AxisState[0] = 27;
BSP\usartx.c(1222): warning:  #177-D: variable "out"  was declared but never referenced
  	float out = 0;
BSP\usartx.c: 4 warnings, 0 errors
compiling stm32f4xx_rcc.c...
compiling encoder.c...
compiling stm32f4xx_spi.c...
compiling stm32f4xx_gpio.c...
compiling stm32f4xx_syscfg.c...
compiling stm32f4xx_usart.c...
compiling stm32f4xx_exti.c...
compiling stm32f4xx_tim.c...
compiling stm32f4xx_dma.c...
compiling stm32f4xx_dac.c...
compiling list.c...
compiling heap_4.c...
compiling port.c...
compiling event_groups.c...
compiling croutine.c...
compiling stm32f4xx_flash.c...
compiling stm32f4xx_i2c.c...
compiling stm32f4xx_it.c...
compiling stm32f4xx_wwdg.c...
compiling stm32f4xx_iwdg.c...
compiling stm32f4xx_sdio.c...
compiling queue.c...
compiling timers.c...
compiling tasks.c...
compiling usb_dcd.c...
compiling ramp.c...
compiling usb_core.c...
compiling usb_dcd_int.c...
compiling usbd_core.c...
compiling usbd_ioreq.c...
compiling usbd_req.c...
compiling matrix.c...
compiling algebra.c...
compiling rotations.c...
assembling startup_stm32f40_41xxx.s...
compiling srcdkf.c...
compiling Ano_Math.c...
compiling driver_laser.c...
compiling MODBUSProtocol.c...
compiling cpu_utils.c...
compiling system_stm32f4xx.c...
compiling util.c...
compiling driver_flash.c...
compiling bsp_flash.c...
compiling config.c...
linking...
Program Size: Code=40376 RO-data=528 RW-data=908 ZI-data=78408  
FromELF: creating hex file...
".\Objects\ModularReader.axf" - 0 Error(s), 17 Warning(s).

<h2>Software Packages used:</h2>

Package Vendor: Keil
                http://www.keil.com/pack/Keil.STM32F4xx_DFP.2.12.0.pack
                Keil.STM32F4xx_DFP.2.12.0
                STMicroelectronics STM32F4 Series Device Support, Drivers and Examples

<h2>Collection of Component include folders:</h2>
  .\RTE\_ModularReader
  D:\Keil\STM32F4xx_DFP\2.12.0\Drivers\CMSIS\Device\ST\STM32F4xx\Include

<h2>Collection of Component Files used:</h2>
Build Time Elapsed:  00:00:09
</pre>
</body>
</html>
